<?xml version="1.0" encoding="ISO-8859-1" ?>
<link_info>
   <banner>TI ARM Linker PC v18.12.2.LTS</banner>
   <copyright>Copyright (c) 1996-2018 Texas Instruments Incorporated</copyright>
   <link_time>0x5d6e783b</link_time>
   <link_errors>0x0</link_errors>
   <output_file>Electrical_Control_Template_RTOS.out</output_file>
   <entry_point>
      <name>_c_int00_noargs</name>
      <address>0xb299</address>
   </entry_point>
   <input_file_list>
      <input_file id="fl-2">
         <path>.\</path>
         <kind>object</kind>
         <file>USB_tasks.obj</file>
         <name>USB_tasks.obj</name>
      </input_file>
      <input_file id="fl-3">
         <path>.\</path>
         <kind>object</kind>
         <file>main.obj</file>
         <name>main.obj</name>
      </input_file>
      <input_file id="fl-4">
         <path>.\</path>
         <kind>object</kind>
         <file>tm4c123gh6pm_startup_ccs.obj</file>
         <name>tm4c123gh6pm_startup_ccs.obj</name>
      </input_file>
      <input_file id="fl-5">
         <path>.\</path>
         <kind>object</kind>
         <file>usb_serial_structs.obj</file>
         <name>usb_serial_structs.obj</name>
      </input_file>
      <input_file id="fl-6">
         <path>.\FreeRTOS\</path>
         <kind>object</kind>
         <file>croutine.obj</file>
         <name>croutine.obj</name>
      </input_file>
      <input_file id="fl-7">
         <path>.\FreeRTOS\</path>
         <kind>object</kind>
         <file>event_groups.obj</file>
         <name>event_groups.obj</name>
      </input_file>
      <input_file id="fl-8">
         <path>.\FreeRTOS\</path>
         <kind>object</kind>
         <file>list.obj</file>
         <name>list.obj</name>
      </input_file>
      <input_file id="fl-9">
         <path>.\FreeRTOS\</path>
         <kind>object</kind>
         <file>queue.obj</file>
         <name>queue.obj</name>
      </input_file>
      <input_file id="fl-a">
         <path>.\FreeRTOS\</path>
         <kind>object</kind>
         <file>stream_buffer.obj</file>
         <name>stream_buffer.obj</name>
      </input_file>
      <input_file id="fl-b">
         <path>.\FreeRTOS\</path>
         <kind>object</kind>
         <file>tasks.obj</file>
         <name>tasks.obj</name>
      </input_file>
      <input_file id="fl-c">
         <path>.\FreeRTOS\</path>
         <kind>object</kind>
         <file>timers.obj</file>
         <name>timers.obj</name>
      </input_file>
      <input_file id="fl-d">
         <path>.\FreeRTOS\portable\CCS\ARM_CM4F\</path>
         <kind>object</kind>
         <file>port.obj</file>
         <name>port.obj</name>
      </input_file>
      <input_file id="fl-e">
         <path>.\FreeRTOS\portable\CCS\ARM_CM4F\</path>
         <kind>object</kind>
         <file>portasm.obj</file>
         <name>portasm.obj</name>
      </input_file>
      <input_file id="fl-f">
         <path>.\FreeRTOS\portable\MemMang\</path>
         <kind>object</kind>
         <file>heap_2.obj</file>
         <name>heap_2.obj</name>
      </input_file>
      <input_file id="fl-10">
         <path>.\TivaWARE\driverlib\</path>
         <kind>object</kind>
         <file>adc.obj</file>
         <name>adc.obj</name>
      </input_file>
      <input_file id="fl-11">
         <path>.\TivaWARE\driverlib\</path>
         <kind>object</kind>
         <file>aes.obj</file>
         <name>aes.obj</name>
      </input_file>
      <input_file id="fl-12">
         <path>.\TivaWARE\driverlib\</path>
         <kind>object</kind>
         <file>can.obj</file>
         <name>can.obj</name>
      </input_file>
      <input_file id="fl-13">
         <path>.\TivaWARE\driverlib\</path>
         <kind>object</kind>
         <file>comp.obj</file>
         <name>comp.obj</name>
      </input_file>
      <input_file id="fl-14">
         <path>.\TivaWARE\driverlib\</path>
         <kind>object</kind>
         <file>cpu.obj</file>
         <name>cpu.obj</name>
      </input_file>
      <input_file id="fl-15">
         <path>.\TivaWARE\driverlib\</path>
         <kind>object</kind>
         <file>crc.obj</file>
         <name>crc.obj</name>
      </input_file>
      <input_file id="fl-16">
         <path>.\TivaWARE\driverlib\</path>
         <kind>object</kind>
         <file>des.obj</file>
         <name>des.obj</name>
      </input_file>
      <input_file id="fl-17">
         <path>.\TivaWARE\driverlib\</path>
         <kind>object</kind>
         <file>eeprom.obj</file>
         <name>eeprom.obj</name>
      </input_file>
      <input_file id="fl-18">
         <path>.\TivaWARE\driverlib\</path>
         <kind>object</kind>
         <file>emac.obj</file>
         <name>emac.obj</name>
      </input_file>
      <input_file id="fl-19">
         <path>.\TivaWARE\driverlib\</path>
         <kind>object</kind>
         <file>epi.obj</file>
         <name>epi.obj</name>
      </input_file>
      <input_file id="fl-1a">
         <path>.\TivaWARE\driverlib\</path>
         <kind>object</kind>
         <file>epi_workaround_ccs.obj</file>
         <name>epi_workaround_ccs.obj</name>
      </input_file>
      <input_file id="fl-1b">
         <path>.\TivaWARE\driverlib\</path>
         <kind>object</kind>
         <file>flash.obj</file>
         <name>flash.obj</name>
      </input_file>
      <input_file id="fl-1c">
         <path>.\TivaWARE\driverlib\</path>
         <kind>object</kind>
         <file>fpu.obj</file>
         <name>fpu.obj</name>
      </input_file>
      <input_file id="fl-1d">
         <path>.\TivaWARE\driverlib\</path>
         <kind>object</kind>
         <file>gpio.obj</file>
         <name>gpio.obj</name>
      </input_file>
      <input_file id="fl-1e">
         <path>.\TivaWARE\driverlib\</path>
         <kind>object</kind>
         <file>hibernate.obj</file>
         <name>hibernate.obj</name>
      </input_file>
      <input_file id="fl-1f">
         <path>.\TivaWARE\driverlib\</path>
         <kind>object</kind>
         <file>i2c.obj</file>
         <name>i2c.obj</name>
      </input_file>
      <input_file id="fl-20">
         <path>.\TivaWARE\driverlib\</path>
         <kind>object</kind>
         <file>interrupt.obj</file>
         <name>interrupt.obj</name>
      </input_file>
      <input_file id="fl-21">
         <path>.\TivaWARE\driverlib\</path>
         <kind>object</kind>
         <file>lcd.obj</file>
         <name>lcd.obj</name>
      </input_file>
      <input_file id="fl-22">
         <path>.\TivaWARE\driverlib\</path>
         <kind>object</kind>
         <file>mpu.obj</file>
         <name>mpu.obj</name>
      </input_file>
      <input_file id="fl-23">
         <path>.\TivaWARE\driverlib\</path>
         <kind>object</kind>
         <file>onewire.obj</file>
         <name>onewire.obj</name>
      </input_file>
      <input_file id="fl-24">
         <path>.\TivaWARE\driverlib\</path>
         <kind>object</kind>
         <file>pwm.obj</file>
         <name>pwm.obj</name>
      </input_file>
      <input_file id="fl-25">
         <path>.\TivaWARE\driverlib\</path>
         <kind>object</kind>
         <file>qei.obj</file>
         <name>qei.obj</name>
      </input_file>
      <input_file id="fl-26">
         <path>.\TivaWARE\driverlib\</path>
         <kind>object</kind>
         <file>shamd5.obj</file>
         <name>shamd5.obj</name>
      </input_file>
      <input_file id="fl-27">
         <path>.\TivaWARE\driverlib\</path>
         <kind>object</kind>
         <file>ssi.obj</file>
         <name>ssi.obj</name>
      </input_file>
      <input_file id="fl-28">
         <path>.\TivaWARE\driverlib\</path>
         <kind>object</kind>
         <file>sw_crc.obj</file>
         <name>sw_crc.obj</name>
      </input_file>
      <input_file id="fl-29">
         <path>.\TivaWARE\driverlib\</path>
         <kind>object</kind>
         <file>sysctl.obj</file>
         <name>sysctl.obj</name>
      </input_file>
      <input_file id="fl-2a">
         <path>.\TivaWARE\driverlib\</path>
         <kind>object</kind>
         <file>sysexc.obj</file>
         <name>sysexc.obj</name>
      </input_file>
      <input_file id="fl-2b">
         <path>.\TivaWARE\driverlib\</path>
         <kind>object</kind>
         <file>systick.obj</file>
         <name>systick.obj</name>
      </input_file>
      <input_file id="fl-2c">
         <path>.\TivaWARE\driverlib\</path>
         <kind>object</kind>
         <file>timer.obj</file>
         <name>timer.obj</name>
      </input_file>
      <input_file id="fl-2d">
         <path>.\TivaWARE\driverlib\</path>
         <kind>object</kind>
         <file>uart.obj</file>
         <name>uart.obj</name>
      </input_file>
      <input_file id="fl-2e">
         <path>.\TivaWARE\driverlib\</path>
         <kind>object</kind>
         <file>udma.obj</file>
         <name>udma.obj</name>
      </input_file>
      <input_file id="fl-2f">
         <path>.\TivaWARE\driverlib\</path>
         <kind>object</kind>
         <file>usb.obj</file>
         <name>usb.obj</name>
      </input_file>
      <input_file id="fl-30">
         <path>.\TivaWARE\driverlib\</path>
         <kind>object</kind>
         <file>watchdog.obj</file>
         <name>watchdog.obj</name>
      </input_file>
      <input_file id="fl-31">
         <path>.\TivaWARE\grlib\</path>
         <kind>object</kind>
         <file>canvas.obj</file>
         <name>canvas.obj</name>
      </input_file>
      <input_file id="fl-32">
         <path>.\TivaWARE\grlib\</path>
         <kind>object</kind>
         <file>charmap.obj</file>
         <name>charmap.obj</name>
      </input_file>
      <input_file id="fl-33">
         <path>.\TivaWARE\grlib\</path>
         <kind>object</kind>
         <file>checkbox.obj</file>
         <name>checkbox.obj</name>
      </input_file>
      <input_file id="fl-34">
         <path>.\TivaWARE\grlib\</path>
         <kind>object</kind>
         <file>circle.obj</file>
         <name>circle.obj</name>
      </input_file>
      <input_file id="fl-35">
         <path>.\TivaWARE\grlib\</path>
         <kind>object</kind>
         <file>container.obj</file>
         <name>container.obj</name>
      </input_file>
      <input_file id="fl-36">
         <path>.\TivaWARE\grlib\</path>
         <kind>object</kind>
         <file>context.obj</file>
         <name>context.obj</name>
      </input_file>
      <input_file id="fl-37">
         <path>.\TivaWARE\grlib\</path>
         <kind>object</kind>
         <file>image.obj</file>
         <name>image.obj</name>
      </input_file>
      <input_file id="fl-38">
         <path>.\TivaWARE\grlib\</path>
         <kind>object</kind>
         <file>imgbutton.obj</file>
         <name>imgbutton.obj</name>
      </input_file>
      <input_file id="fl-39">
         <path>.\TivaWARE\grlib\</path>
         <kind>object</kind>
         <file>keyboard.obj</file>
         <name>keyboard.obj</name>
      </input_file>
      <input_file id="fl-3a">
         <path>.\TivaWARE\grlib\</path>
         <kind>object</kind>
         <file>line.obj</file>
         <name>line.obj</name>
      </input_file>
      <input_file id="fl-3b">
         <path>.\TivaWARE\grlib\</path>
         <kind>object</kind>
         <file>listbox.obj</file>
         <name>listbox.obj</name>
      </input_file>
      <input_file id="fl-3c">
         <path>.\TivaWARE\grlib\</path>
         <kind>object</kind>
         <file>offscr1bpp.obj</file>
         <name>offscr1bpp.obj</name>
      </input_file>
      <input_file id="fl-3d">
         <path>.\TivaWARE\grlib\</path>
         <kind>object</kind>
         <file>offscr4bpp.obj</file>
         <name>offscr4bpp.obj</name>
      </input_file>
      <input_file id="fl-3e">
         <path>.\TivaWARE\grlib\</path>
         <kind>object</kind>
         <file>offscr8bpp.obj</file>
         <name>offscr8bpp.obj</name>
      </input_file>
      <input_file id="fl-3f">
         <path>.\TivaWARE\grlib\</path>
         <kind>object</kind>
         <file>pushbutton.obj</file>
         <name>pushbutton.obj</name>
      </input_file>
      <input_file id="fl-40">
         <path>.\TivaWARE\grlib\</path>
         <kind>object</kind>
         <file>radiobutton.obj</file>
         <name>radiobutton.obj</name>
      </input_file>
      <input_file id="fl-41">
         <path>.\TivaWARE\grlib\</path>
         <kind>object</kind>
         <file>rectangle.obj</file>
         <name>rectangle.obj</name>
      </input_file>
      <input_file id="fl-42">
         <path>.\TivaWARE\grlib\</path>
         <kind>object</kind>
         <file>slider.obj</file>
         <name>slider.obj</name>
      </input_file>
      <input_file id="fl-43">
         <path>.\TivaWARE\grlib\</path>
         <kind>object</kind>
         <file>string.obj</file>
         <name>string.obj</name>
      </input_file>
      <input_file id="fl-44">
         <path>.\TivaWARE\grlib\</path>
         <kind>object</kind>
         <file>widget.obj</file>
         <name>widget.obj</name>
      </input_file>
      <input_file id="fl-45">
         <path>.\TivaWARE\grlib\fonts\</path>
         <kind>object</kind>
         <file>fontcm12.obj</file>
         <name>fontcm12.obj</name>
      </input_file>
      <input_file id="fl-46">
         <path>.\TivaWARE\grlib\fonts\</path>
         <kind>object</kind>
         <file>fontcm12b.obj</file>
         <name>fontcm12b.obj</name>
      </input_file>
      <input_file id="fl-47">
         <path>.\TivaWARE\grlib\fonts\</path>
         <kind>object</kind>
         <file>fontcm12i.obj</file>
         <name>fontcm12i.obj</name>
      </input_file>
      <input_file id="fl-48">
         <path>.\TivaWARE\grlib\fonts\</path>
         <kind>object</kind>
         <file>fontcm14.obj</file>
         <name>fontcm14.obj</name>
      </input_file>
      <input_file id="fl-49">
         <path>.\TivaWARE\grlib\fonts\</path>
         <kind>object</kind>
         <file>fontcm14b.obj</file>
         <name>fontcm14b.obj</name>
      </input_file>
      <input_file id="fl-4a">
         <path>.\TivaWARE\grlib\fonts\</path>
         <kind>object</kind>
         <file>fontcm14i.obj</file>
         <name>fontcm14i.obj</name>
      </input_file>
      <input_file id="fl-4b">
         <path>.\TivaWARE\grlib\fonts\</path>
         <kind>object</kind>
         <file>fontcm16.obj</file>
         <name>fontcm16.obj</name>
      </input_file>
      <input_file id="fl-4c">
         <path>.\TivaWARE\grlib\fonts\</path>
         <kind>object</kind>
         <file>fontcm16b.obj</file>
         <name>fontcm16b.obj</name>
      </input_file>
      <input_file id="fl-4d">
         <path>.\TivaWARE\grlib\fonts\</path>
         <kind>object</kind>
         <file>fontcm16i.obj</file>
         <name>fontcm16i.obj</name>
      </input_file>
      <input_file id="fl-4e">
         <path>.\TivaWARE\grlib\fonts\</path>
         <kind>object</kind>
         <file>fontcm18.obj</file>
         <name>fontcm18.obj</name>
      </input_file>
      <input_file id="fl-4f">
         <path>.\TivaWARE\grlib\fonts\</path>
         <kind>object</kind>
         <file>fontcm18b.obj</file>
         <name>fontcm18b.obj</name>
      </input_file>
      <input_file id="fl-50">
         <path>.\TivaWARE\grlib\fonts\</path>
         <kind>object</kind>
         <file>fontcm18i.obj</file>
         <name>fontcm18i.obj</name>
      </input_file>
      <input_file id="fl-51">
         <path>.\TivaWARE\grlib\fonts\</path>
         <kind>object</kind>
         <file>fontcm20.obj</file>
         <name>fontcm20.obj</name>
      </input_file>
      <input_file id="fl-52">
         <path>.\TivaWARE\grlib\fonts\</path>
         <kind>object</kind>
         <file>fontcm20b.obj</file>
         <name>fontcm20b.obj</name>
      </input_file>
      <input_file id="fl-53">
         <path>.\TivaWARE\grlib\fonts\</path>
         <kind>object</kind>
         <file>fontcm20i.obj</file>
         <name>fontcm20i.obj</name>
      </input_file>
      <input_file id="fl-54">
         <path>.\TivaWARE\grlib\fonts\</path>
         <kind>object</kind>
         <file>fontcm22.obj</file>
         <name>fontcm22.obj</name>
      </input_file>
      <input_file id="fl-55">
         <path>.\TivaWARE\grlib\fonts\</path>
         <kind>object</kind>
         <file>fontcm22b.obj</file>
         <name>fontcm22b.obj</name>
      </input_file>
      <input_file id="fl-56">
         <path>.\TivaWARE\grlib\fonts\</path>
         <kind>object</kind>
         <file>fontcm22i.obj</file>
         <name>fontcm22i.obj</name>
      </input_file>
      <input_file id="fl-57">
         <path>.\TivaWARE\grlib\fonts\</path>
         <kind>object</kind>
         <file>fontcm24.obj</file>
         <name>fontcm24.obj</name>
      </input_file>
      <input_file id="fl-58">
         <path>.\TivaWARE\grlib\fonts\</path>
         <kind>object</kind>
         <file>fontcm24b.obj</file>
         <name>fontcm24b.obj</name>
      </input_file>
      <input_file id="fl-59">
         <path>.\TivaWARE\grlib\fonts\</path>
         <kind>object</kind>
         <file>fontcm24i.obj</file>
         <name>fontcm24i.obj</name>
      </input_file>
      <input_file id="fl-5a">
         <path>.\TivaWARE\grlib\fonts\</path>
         <kind>object</kind>
         <file>fontcm26.obj</file>
         <name>fontcm26.obj</name>
      </input_file>
      <input_file id="fl-5b">
         <path>.\TivaWARE\grlib\fonts\</path>
         <kind>object</kind>
         <file>fontcm26b.obj</file>
         <name>fontcm26b.obj</name>
      </input_file>
      <input_file id="fl-5c">
         <path>.\TivaWARE\grlib\fonts\</path>
         <kind>object</kind>
         <file>fontcm26i.obj</file>
         <name>fontcm26i.obj</name>
      </input_file>
      <input_file id="fl-5d">
         <path>.\TivaWARE\grlib\fonts\</path>
         <kind>object</kind>
         <file>fontcm28.obj</file>
         <name>fontcm28.obj</name>
      </input_file>
      <input_file id="fl-5e">
         <path>.\TivaWARE\grlib\fonts\</path>
         <kind>object</kind>
         <file>fontcm28b.obj</file>
         <name>fontcm28b.obj</name>
      </input_file>
      <input_file id="fl-5f">
         <path>.\TivaWARE\grlib\fonts\</path>
         <kind>object</kind>
         <file>fontcm28i.obj</file>
         <name>fontcm28i.obj</name>
      </input_file>
      <input_file id="fl-60">
         <path>.\TivaWARE\grlib\fonts\</path>
         <kind>object</kind>
         <file>fontcm30.obj</file>
         <name>fontcm30.obj</name>
      </input_file>
      <input_file id="fl-61">
         <path>.\TivaWARE\grlib\fonts\</path>
         <kind>object</kind>
         <file>fontcm30b.obj</file>
         <name>fontcm30b.obj</name>
      </input_file>
      <input_file id="fl-62">
         <path>.\TivaWARE\grlib\fonts\</path>
         <kind>object</kind>
         <file>fontcm30i.obj</file>
         <name>fontcm30i.obj</name>
      </input_file>
      <input_file id="fl-63">
         <path>.\TivaWARE\grlib\fonts\</path>
         <kind>object</kind>
         <file>fontcm32.obj</file>
         <name>fontcm32.obj</name>
      </input_file>
      <input_file id="fl-64">
         <path>.\TivaWARE\grlib\fonts\</path>
         <kind>object</kind>
         <file>fontcm32b.obj</file>
         <name>fontcm32b.obj</name>
      </input_file>
      <input_file id="fl-65">
         <path>.\TivaWARE\grlib\fonts\</path>
         <kind>object</kind>
         <file>fontcm32i.obj</file>
         <name>fontcm32i.obj</name>
      </input_file>
      <input_file id="fl-66">
         <path>.\TivaWARE\grlib\fonts\</path>
         <kind>object</kind>
         <file>fontcm34.obj</file>
         <name>fontcm34.obj</name>
      </input_file>
      <input_file id="fl-67">
         <path>.\TivaWARE\grlib\fonts\</path>
         <kind>object</kind>
         <file>fontcm34b.obj</file>
         <name>fontcm34b.obj</name>
      </input_file>
      <input_file id="fl-68">
         <path>.\TivaWARE\grlib\fonts\</path>
         <kind>object</kind>
         <file>fontcm34i.obj</file>
         <name>fontcm34i.obj</name>
      </input_file>
      <input_file id="fl-69">
         <path>.\TivaWARE\grlib\fonts\</path>
         <kind>object</kind>
         <file>fontcm36.obj</file>
         <name>fontcm36.obj</name>
      </input_file>
      <input_file id="fl-6a">
         <path>.\TivaWARE\grlib\fonts\</path>
         <kind>object</kind>
         <file>fontcm36b.obj</file>
         <name>fontcm36b.obj</name>
      </input_file>
      <input_file id="fl-6b">
         <path>.\TivaWARE\grlib\fonts\</path>
         <kind>object</kind>
         <file>fontcm36i.obj</file>
         <name>fontcm36i.obj</name>
      </input_file>
      <input_file id="fl-6c">
         <path>.\TivaWARE\grlib\fonts\</path>
         <kind>object</kind>
         <file>fontcm38.obj</file>
         <name>fontcm38.obj</name>
      </input_file>
      <input_file id="fl-6d">
         <path>.\TivaWARE\grlib\fonts\</path>
         <kind>object</kind>
         <file>fontcm38b.obj</file>
         <name>fontcm38b.obj</name>
      </input_file>
      <input_file id="fl-6e">
         <path>.\TivaWARE\grlib\fonts\</path>
         <kind>object</kind>
         <file>fontcm38i.obj</file>
         <name>fontcm38i.obj</name>
      </input_file>
      <input_file id="fl-6f">
         <path>.\TivaWARE\grlib\fonts\</path>
         <kind>object</kind>
         <file>fontcm40.obj</file>
         <name>fontcm40.obj</name>
      </input_file>
      <input_file id="fl-70">
         <path>.\TivaWARE\grlib\fonts\</path>
         <kind>object</kind>
         <file>fontcm40b.obj</file>
         <name>fontcm40b.obj</name>
      </input_file>
      <input_file id="fl-71">
         <path>.\TivaWARE\grlib\fonts\</path>
         <kind>object</kind>
         <file>fontcm40i.obj</file>
         <name>fontcm40i.obj</name>
      </input_file>
      <input_file id="fl-72">
         <path>.\TivaWARE\grlib\fonts\</path>
         <kind>object</kind>
         <file>fontcm42.obj</file>
         <name>fontcm42.obj</name>
      </input_file>
      <input_file id="fl-73">
         <path>.\TivaWARE\grlib\fonts\</path>
         <kind>object</kind>
         <file>fontcm42b.obj</file>
         <name>fontcm42b.obj</name>
      </input_file>
      <input_file id="fl-74">
         <path>.\TivaWARE\grlib\fonts\</path>
         <kind>object</kind>
         <file>fontcm42i.obj</file>
         <name>fontcm42i.obj</name>
      </input_file>
      <input_file id="fl-75">
         <path>.\TivaWARE\grlib\fonts\</path>
         <kind>object</kind>
         <file>fontcm44.obj</file>
         <name>fontcm44.obj</name>
      </input_file>
      <input_file id="fl-76">
         <path>.\TivaWARE\grlib\fonts\</path>
         <kind>object</kind>
         <file>fontcm44b.obj</file>
         <name>fontcm44b.obj</name>
      </input_file>
      <input_file id="fl-77">
         <path>.\TivaWARE\grlib\fonts\</path>
         <kind>object</kind>
         <file>fontcm44i.obj</file>
         <name>fontcm44i.obj</name>
      </input_file>
      <input_file id="fl-78">
         <path>.\TivaWARE\grlib\fonts\</path>
         <kind>object</kind>
         <file>fontcm46.obj</file>
         <name>fontcm46.obj</name>
      </input_file>
      <input_file id="fl-79">
         <path>.\TivaWARE\grlib\fonts\</path>
         <kind>object</kind>
         <file>fontcm46b.obj</file>
         <name>fontcm46b.obj</name>
      </input_file>
      <input_file id="fl-7a">
         <path>.\TivaWARE\grlib\fonts\</path>
         <kind>object</kind>
         <file>fontcm46i.obj</file>
         <name>fontcm46i.obj</name>
      </input_file>
      <input_file id="fl-7b">
         <path>.\TivaWARE\grlib\fonts\</path>
         <kind>object</kind>
         <file>fontcm48.obj</file>
         <name>fontcm48.obj</name>
      </input_file>
      <input_file id="fl-7c">
         <path>.\TivaWARE\grlib\fonts\</path>
         <kind>object</kind>
         <file>fontcm48b.obj</file>
         <name>fontcm48b.obj</name>
      </input_file>
      <input_file id="fl-7d">
         <path>.\TivaWARE\grlib\fonts\</path>
         <kind>object</kind>
         <file>fontcm48i.obj</file>
         <name>fontcm48i.obj</name>
      </input_file>
      <input_file id="fl-7e">
         <path>.\TivaWARE\grlib\fonts\</path>
         <kind>object</kind>
         <file>fontcmsc12.obj</file>
         <name>fontcmsc12.obj</name>
      </input_file>
      <input_file id="fl-7f">
         <path>.\TivaWARE\grlib\fonts\</path>
         <kind>object</kind>
         <file>fontcmsc14.obj</file>
         <name>fontcmsc14.obj</name>
      </input_file>
      <input_file id="fl-80">
         <path>.\TivaWARE\grlib\fonts\</path>
         <kind>object</kind>
         <file>fontcmsc16.obj</file>
         <name>fontcmsc16.obj</name>
      </input_file>
      <input_file id="fl-81">
         <path>.\TivaWARE\grlib\fonts\</path>
         <kind>object</kind>
         <file>fontcmsc18.obj</file>
         <name>fontcmsc18.obj</name>
      </input_file>
      <input_file id="fl-82">
         <path>.\TivaWARE\grlib\fonts\</path>
         <kind>object</kind>
         <file>fontcmsc20.obj</file>
         <name>fontcmsc20.obj</name>
      </input_file>
      <input_file id="fl-83">
         <path>.\TivaWARE\grlib\fonts\</path>
         <kind>object</kind>
         <file>fontcmsc22.obj</file>
         <name>fontcmsc22.obj</name>
      </input_file>
      <input_file id="fl-84">
         <path>.\TivaWARE\grlib\fonts\</path>
         <kind>object</kind>
         <file>fontcmsc24.obj</file>
         <name>fontcmsc24.obj</name>
      </input_file>
      <input_file id="fl-85">
         <path>.\TivaWARE\grlib\fonts\</path>
         <kind>object</kind>
         <file>fontcmsc26.obj</file>
         <name>fontcmsc26.obj</name>
      </input_file>
      <input_file id="fl-86">
         <path>.\TivaWARE\grlib\fonts\</path>
         <kind>object</kind>
         <file>fontcmsc28.obj</file>
         <name>fontcmsc28.obj</name>
      </input_file>
      <input_file id="fl-87">
         <path>.\TivaWARE\grlib\fonts\</path>
         <kind>object</kind>
         <file>fontcmsc30.obj</file>
         <name>fontcmsc30.obj</name>
      </input_file>
      <input_file id="fl-88">
         <path>.\TivaWARE\grlib\fonts\</path>
         <kind>object</kind>
         <file>fontcmsc32.obj</file>
         <name>fontcmsc32.obj</name>
      </input_file>
      <input_file id="fl-89">
         <path>.\TivaWARE\grlib\fonts\</path>
         <kind>object</kind>
         <file>fontcmsc34.obj</file>
         <name>fontcmsc34.obj</name>
      </input_file>
      <input_file id="fl-8a">
         <path>.\TivaWARE\grlib\fonts\</path>
         <kind>object</kind>
         <file>fontcmsc36.obj</file>
         <name>fontcmsc36.obj</name>
      </input_file>
      <input_file id="fl-8b">
         <path>.\TivaWARE\grlib\fonts\</path>
         <kind>object</kind>
         <file>fontcmsc38.obj</file>
         <name>fontcmsc38.obj</name>
      </input_file>
      <input_file id="fl-8c">
         <path>.\TivaWARE\grlib\fonts\</path>
         <kind>object</kind>
         <file>fontcmsc40.obj</file>
         <name>fontcmsc40.obj</name>
      </input_file>
      <input_file id="fl-8d">
         <path>.\TivaWARE\grlib\fonts\</path>
         <kind>object</kind>
         <file>fontcmsc42.obj</file>
         <name>fontcmsc42.obj</name>
      </input_file>
      <input_file id="fl-8e">
         <path>.\TivaWARE\grlib\fonts\</path>
         <kind>object</kind>
         <file>fontcmsc44.obj</file>
         <name>fontcmsc44.obj</name>
      </input_file>
      <input_file id="fl-8f">
         <path>.\TivaWARE\grlib\fonts\</path>
         <kind>object</kind>
         <file>fontcmsc46.obj</file>
         <name>fontcmsc46.obj</name>
      </input_file>
      <input_file id="fl-90">
         <path>.\TivaWARE\grlib\fonts\</path>
         <kind>object</kind>
         <file>fontcmsc48.obj</file>
         <name>fontcmsc48.obj</name>
      </input_file>
      <input_file id="fl-91">
         <path>.\TivaWARE\grlib\fonts\</path>
         <kind>object</kind>
         <file>fontcmss12.obj</file>
         <name>fontcmss12.obj</name>
      </input_file>
      <input_file id="fl-92">
         <path>.\TivaWARE\grlib\fonts\</path>
         <kind>object</kind>
         <file>fontcmss12b.obj</file>
         <name>fontcmss12b.obj</name>
      </input_file>
      <input_file id="fl-93">
         <path>.\TivaWARE\grlib\fonts\</path>
         <kind>object</kind>
         <file>fontcmss12i.obj</file>
         <name>fontcmss12i.obj</name>
      </input_file>
      <input_file id="fl-94">
         <path>.\TivaWARE\grlib\fonts\</path>
         <kind>object</kind>
         <file>fontcmss14.obj</file>
         <name>fontcmss14.obj</name>
      </input_file>
      <input_file id="fl-95">
         <path>.\TivaWARE\grlib\fonts\</path>
         <kind>object</kind>
         <file>fontcmss14b.obj</file>
         <name>fontcmss14b.obj</name>
      </input_file>
      <input_file id="fl-96">
         <path>.\TivaWARE\grlib\fonts\</path>
         <kind>object</kind>
         <file>fontcmss14i.obj</file>
         <name>fontcmss14i.obj</name>
      </input_file>
      <input_file id="fl-97">
         <path>.\TivaWARE\grlib\fonts\</path>
         <kind>object</kind>
         <file>fontcmss16.obj</file>
         <name>fontcmss16.obj</name>
      </input_file>
      <input_file id="fl-98">
         <path>.\TivaWARE\grlib\fonts\</path>
         <kind>object</kind>
         <file>fontcmss16b.obj</file>
         <name>fontcmss16b.obj</name>
      </input_file>
      <input_file id="fl-99">
         <path>.\TivaWARE\grlib\fonts\</path>
         <kind>object</kind>
         <file>fontcmss16i.obj</file>
         <name>fontcmss16i.obj</name>
      </input_file>
      <input_file id="fl-9a">
         <path>.\TivaWARE\grlib\fonts\</path>
         <kind>object</kind>
         <file>fontcmss18.obj</file>
         <name>fontcmss18.obj</name>
      </input_file>
      <input_file id="fl-9b">
         <path>.\TivaWARE\grlib\fonts\</path>
         <kind>object</kind>
         <file>fontcmss18b.obj</file>
         <name>fontcmss18b.obj</name>
      </input_file>
      <input_file id="fl-9c">
         <path>.\TivaWARE\grlib\fonts\</path>
         <kind>object</kind>
         <file>fontcmss18i.obj</file>
         <name>fontcmss18i.obj</name>
      </input_file>
      <input_file id="fl-9d">
         <path>.\TivaWARE\grlib\fonts\</path>
         <kind>object</kind>
         <file>fontcmss20.obj</file>
         <name>fontcmss20.obj</name>
      </input_file>
      <input_file id="fl-9e">
         <path>.\TivaWARE\grlib\fonts\</path>
         <kind>object</kind>
         <file>fontcmss20b.obj</file>
         <name>fontcmss20b.obj</name>
      </input_file>
      <input_file id="fl-9f">
         <path>.\TivaWARE\grlib\fonts\</path>
         <kind>object</kind>
         <file>fontcmss20i.obj</file>
         <name>fontcmss20i.obj</name>
      </input_file>
      <input_file id="fl-a0">
         <path>.\TivaWARE\grlib\fonts\</path>
         <kind>object</kind>
         <file>fontcmss22.obj</file>
         <name>fontcmss22.obj</name>
      </input_file>
      <input_file id="fl-a1">
         <path>.\TivaWARE\grlib\fonts\</path>
         <kind>object</kind>
         <file>fontcmss22b.obj</file>
         <name>fontcmss22b.obj</name>
      </input_file>
      <input_file id="fl-a2">
         <path>.\TivaWARE\grlib\fonts\</path>
         <kind>object</kind>
         <file>fontcmss22i.obj</file>
         <name>fontcmss22i.obj</name>
      </input_file>
      <input_file id="fl-a3">
         <path>.\TivaWARE\grlib\fonts\</path>
         <kind>object</kind>
         <file>fontcmss24.obj</file>
         <name>fontcmss24.obj</name>
      </input_file>
      <input_file id="fl-a4">
         <path>.\TivaWARE\grlib\fonts\</path>
         <kind>object</kind>
         <file>fontcmss24b.obj</file>
         <name>fontcmss24b.obj</name>
      </input_file>
      <input_file id="fl-a5">
         <path>.\TivaWARE\grlib\fonts\</path>
         <kind>object</kind>
         <file>fontcmss24i.obj</file>
         <name>fontcmss24i.obj</name>
      </input_file>
      <input_file id="fl-a6">
         <path>.\TivaWARE\grlib\fonts\</path>
         <kind>object</kind>
         <file>fontcmss26.obj</file>
         <name>fontcmss26.obj</name>
      </input_file>
      <input_file id="fl-a7">
         <path>.\TivaWARE\grlib\fonts\</path>
         <kind>object</kind>
         <file>fontcmss26b.obj</file>
         <name>fontcmss26b.obj</name>
      </input_file>
      <input_file id="fl-a8">
         <path>.\TivaWARE\grlib\fonts\</path>
         <kind>object</kind>
         <file>fontcmss26i.obj</file>
         <name>fontcmss26i.obj</name>
      </input_file>
      <input_file id="fl-a9">
         <path>.\TivaWARE\grlib\fonts\</path>
         <kind>object</kind>
         <file>fontcmss28.obj</file>
         <name>fontcmss28.obj</name>
      </input_file>
      <input_file id="fl-aa">
         <path>.\TivaWARE\grlib\fonts\</path>
         <kind>object</kind>
         <file>fontcmss28b.obj</file>
         <name>fontcmss28b.obj</name>
      </input_file>
      <input_file id="fl-ab">
         <path>.\TivaWARE\grlib\fonts\</path>
         <kind>object</kind>
         <file>fontcmss28i.obj</file>
         <name>fontcmss28i.obj</name>
      </input_file>
      <input_file id="fl-ac">
         <path>.\TivaWARE\grlib\fonts\</path>
         <kind>object</kind>
         <file>fontcmss30.obj</file>
         <name>fontcmss30.obj</name>
      </input_file>
      <input_file id="fl-ad">
         <path>.\TivaWARE\grlib\fonts\</path>
         <kind>object</kind>
         <file>fontcmss30b.obj</file>
         <name>fontcmss30b.obj</name>
      </input_file>
      <input_file id="fl-ae">
         <path>.\TivaWARE\grlib\fonts\</path>
         <kind>object</kind>
         <file>fontcmss30i.obj</file>
         <name>fontcmss30i.obj</name>
      </input_file>
      <input_file id="fl-af">
         <path>.\TivaWARE\grlib\fonts\</path>
         <kind>object</kind>
         <file>fontcmss32.obj</file>
         <name>fontcmss32.obj</name>
      </input_file>
      <input_file id="fl-b0">
         <path>.\TivaWARE\grlib\fonts\</path>
         <kind>object</kind>
         <file>fontcmss32b.obj</file>
         <name>fontcmss32b.obj</name>
      </input_file>
      <input_file id="fl-b1">
         <path>.\TivaWARE\grlib\fonts\</path>
         <kind>object</kind>
         <file>fontcmss32i.obj</file>
         <name>fontcmss32i.obj</name>
      </input_file>
      <input_file id="fl-b2">
         <path>.\TivaWARE\grlib\fonts\</path>
         <kind>object</kind>
         <file>fontcmss34.obj</file>
         <name>fontcmss34.obj</name>
      </input_file>
      <input_file id="fl-b3">
         <path>.\TivaWARE\grlib\fonts\</path>
         <kind>object</kind>
         <file>fontcmss34b.obj</file>
         <name>fontcmss34b.obj</name>
      </input_file>
      <input_file id="fl-b4">
         <path>.\TivaWARE\grlib\fonts\</path>
         <kind>object</kind>
         <file>fontcmss34i.obj</file>
         <name>fontcmss34i.obj</name>
      </input_file>
      <input_file id="fl-b5">
         <path>.\TivaWARE\grlib\fonts\</path>
         <kind>object</kind>
         <file>fontcmss36.obj</file>
         <name>fontcmss36.obj</name>
      </input_file>
      <input_file id="fl-b6">
         <path>.\TivaWARE\grlib\fonts\</path>
         <kind>object</kind>
         <file>fontcmss36b.obj</file>
         <name>fontcmss36b.obj</name>
      </input_file>
      <input_file id="fl-b7">
         <path>.\TivaWARE\grlib\fonts\</path>
         <kind>object</kind>
         <file>fontcmss36i.obj</file>
         <name>fontcmss36i.obj</name>
      </input_file>
      <input_file id="fl-b8">
         <path>.\TivaWARE\grlib\fonts\</path>
         <kind>object</kind>
         <file>fontcmss38.obj</file>
         <name>fontcmss38.obj</name>
      </input_file>
      <input_file id="fl-b9">
         <path>.\TivaWARE\grlib\fonts\</path>
         <kind>object</kind>
         <file>fontcmss38b.obj</file>
         <name>fontcmss38b.obj</name>
      </input_file>
      <input_file id="fl-ba">
         <path>.\TivaWARE\grlib\fonts\</path>
         <kind>object</kind>
         <file>fontcmss38i.obj</file>
         <name>fontcmss38i.obj</name>
      </input_file>
      <input_file id="fl-bb">
         <path>.\TivaWARE\grlib\fonts\</path>
         <kind>object</kind>
         <file>fontcmss40.obj</file>
         <name>fontcmss40.obj</name>
      </input_file>
      <input_file id="fl-bc">
         <path>.\TivaWARE\grlib\fonts\</path>
         <kind>object</kind>
         <file>fontcmss40b.obj</file>
         <name>fontcmss40b.obj</name>
      </input_file>
      <input_file id="fl-bd">
         <path>.\TivaWARE\grlib\fonts\</path>
         <kind>object</kind>
         <file>fontcmss40i.obj</file>
         <name>fontcmss40i.obj</name>
      </input_file>
      <input_file id="fl-be">
         <path>.\TivaWARE\grlib\fonts\</path>
         <kind>object</kind>
         <file>fontcmss42.obj</file>
         <name>fontcmss42.obj</name>
      </input_file>
      <input_file id="fl-bf">
         <path>.\TivaWARE\grlib\fonts\</path>
         <kind>object</kind>
         <file>fontcmss42b.obj</file>
         <name>fontcmss42b.obj</name>
      </input_file>
      <input_file id="fl-c0">
         <path>.\TivaWARE\grlib\fonts\</path>
         <kind>object</kind>
         <file>fontcmss42i.obj</file>
         <name>fontcmss42i.obj</name>
      </input_file>
      <input_file id="fl-c1">
         <path>.\TivaWARE\grlib\fonts\</path>
         <kind>object</kind>
         <file>fontcmss44.obj</file>
         <name>fontcmss44.obj</name>
      </input_file>
      <input_file id="fl-c2">
         <path>.\TivaWARE\grlib\fonts\</path>
         <kind>object</kind>
         <file>fontcmss44b.obj</file>
         <name>fontcmss44b.obj</name>
      </input_file>
      <input_file id="fl-c3">
         <path>.\TivaWARE\grlib\fonts\</path>
         <kind>object</kind>
         <file>fontcmss44i.obj</file>
         <name>fontcmss44i.obj</name>
      </input_file>
      <input_file id="fl-c4">
         <path>.\TivaWARE\grlib\fonts\</path>
         <kind>object</kind>
         <file>fontcmss46.obj</file>
         <name>fontcmss46.obj</name>
      </input_file>
      <input_file id="fl-c5">
         <path>.\TivaWARE\grlib\fonts\</path>
         <kind>object</kind>
         <file>fontcmss46b.obj</file>
         <name>fontcmss46b.obj</name>
      </input_file>
      <input_file id="fl-c6">
         <path>.\TivaWARE\grlib\fonts\</path>
         <kind>object</kind>
         <file>fontcmss46i.obj</file>
         <name>fontcmss46i.obj</name>
      </input_file>
      <input_file id="fl-c7">
         <path>.\TivaWARE\grlib\fonts\</path>
         <kind>object</kind>
         <file>fontcmss48.obj</file>
         <name>fontcmss48.obj</name>
      </input_file>
      <input_file id="fl-c8">
         <path>.\TivaWARE\grlib\fonts\</path>
         <kind>object</kind>
         <file>fontcmss48b.obj</file>
         <name>fontcmss48b.obj</name>
      </input_file>
      <input_file id="fl-c9">
         <path>.\TivaWARE\grlib\fonts\</path>
         <kind>object</kind>
         <file>fontcmss48i.obj</file>
         <name>fontcmss48i.obj</name>
      </input_file>
      <input_file id="fl-ca">
         <path>.\TivaWARE\grlib\fonts\</path>
         <kind>object</kind>
         <file>fontcmtt12.obj</file>
         <name>fontcmtt12.obj</name>
      </input_file>
      <input_file id="fl-cb">
         <path>.\TivaWARE\grlib\fonts\</path>
         <kind>object</kind>
         <file>fontcmtt14.obj</file>
         <name>fontcmtt14.obj</name>
      </input_file>
      <input_file id="fl-cc">
         <path>.\TivaWARE\grlib\fonts\</path>
         <kind>object</kind>
         <file>fontcmtt16.obj</file>
         <name>fontcmtt16.obj</name>
      </input_file>
      <input_file id="fl-cd">
         <path>.\TivaWARE\grlib\fonts\</path>
         <kind>object</kind>
         <file>fontcmtt18.obj</file>
         <name>fontcmtt18.obj</name>
      </input_file>
      <input_file id="fl-ce">
         <path>.\TivaWARE\grlib\fonts\</path>
         <kind>object</kind>
         <file>fontcmtt20.obj</file>
         <name>fontcmtt20.obj</name>
      </input_file>
      <input_file id="fl-cf">
         <path>.\TivaWARE\grlib\fonts\</path>
         <kind>object</kind>
         <file>fontcmtt22.obj</file>
         <name>fontcmtt22.obj</name>
      </input_file>
      <input_file id="fl-d0">
         <path>.\TivaWARE\grlib\fonts\</path>
         <kind>object</kind>
         <file>fontcmtt24.obj</file>
         <name>fontcmtt24.obj</name>
      </input_file>
      <input_file id="fl-d1">
         <path>.\TivaWARE\grlib\fonts\</path>
         <kind>object</kind>
         <file>fontcmtt26.obj</file>
         <name>fontcmtt26.obj</name>
      </input_file>
      <input_file id="fl-d2">
         <path>.\TivaWARE\grlib\fonts\</path>
         <kind>object</kind>
         <file>fontcmtt28.obj</file>
         <name>fontcmtt28.obj</name>
      </input_file>
      <input_file id="fl-d3">
         <path>.\TivaWARE\grlib\fonts\</path>
         <kind>object</kind>
         <file>fontcmtt30.obj</file>
         <name>fontcmtt30.obj</name>
      </input_file>
      <input_file id="fl-d4">
         <path>.\TivaWARE\grlib\fonts\</path>
         <kind>object</kind>
         <file>fontcmtt32.obj</file>
         <name>fontcmtt32.obj</name>
      </input_file>
      <input_file id="fl-d5">
         <path>.\TivaWARE\grlib\fonts\</path>
         <kind>object</kind>
         <file>fontcmtt34.obj</file>
         <name>fontcmtt34.obj</name>
      </input_file>
      <input_file id="fl-d6">
         <path>.\TivaWARE\grlib\fonts\</path>
         <kind>object</kind>
         <file>fontcmtt36.obj</file>
         <name>fontcmtt36.obj</name>
      </input_file>
      <input_file id="fl-d7">
         <path>.\TivaWARE\grlib\fonts\</path>
         <kind>object</kind>
         <file>fontcmtt38.obj</file>
         <name>fontcmtt38.obj</name>
      </input_file>
      <input_file id="fl-d8">
         <path>.\TivaWARE\grlib\fonts\</path>
         <kind>object</kind>
         <file>fontcmtt40.obj</file>
         <name>fontcmtt40.obj</name>
      </input_file>
      <input_file id="fl-d9">
         <path>.\TivaWARE\grlib\fonts\</path>
         <kind>object</kind>
         <file>fontcmtt42.obj</file>
         <name>fontcmtt42.obj</name>
      </input_file>
      <input_file id="fl-da">
         <path>.\TivaWARE\grlib\fonts\</path>
         <kind>object</kind>
         <file>fontcmtt44.obj</file>
         <name>fontcmtt44.obj</name>
      </input_file>
      <input_file id="fl-db">
         <path>.\TivaWARE\grlib\fonts\</path>
         <kind>object</kind>
         <file>fontcmtt46.obj</file>
         <name>fontcmtt46.obj</name>
      </input_file>
      <input_file id="fl-dc">
         <path>.\TivaWARE\grlib\fonts\</path>
         <kind>object</kind>
         <file>fontcmtt48.obj</file>
         <name>fontcmtt48.obj</name>
      </input_file>
      <input_file id="fl-dd">
         <path>.\TivaWARE\grlib\fonts\</path>
         <kind>object</kind>
         <file>fontfixed6x8.obj</file>
         <name>fontfixed6x8.obj</name>
      </input_file>
      <input_file id="fl-de">
         <path>.\TivaWARE\sensorlib\</path>
         <kind>object</kind>
         <file>ak8963.obj</file>
         <name>ak8963.obj</name>
      </input_file>
      <input_file id="fl-df">
         <path>.\TivaWARE\sensorlib\</path>
         <kind>object</kind>
         <file>ak8975.obj</file>
         <name>ak8975.obj</name>
      </input_file>
      <input_file id="fl-e0">
         <path>.\TivaWARE\sensorlib\</path>
         <kind>object</kind>
         <file>bmp180.obj</file>
         <name>bmp180.obj</name>
      </input_file>
      <input_file id="fl-e1">
         <path>.\TivaWARE\sensorlib\</path>
         <kind>object</kind>
         <file>bq27510g3.obj</file>
         <name>bq27510g3.obj</name>
      </input_file>
      <input_file id="fl-e2">
         <path>.\TivaWARE\sensorlib\</path>
         <kind>object</kind>
         <file>cm3218.obj</file>
         <name>cm3218.obj</name>
      </input_file>
      <input_file id="fl-e3">
         <path>.\TivaWARE\sensorlib\</path>
         <kind>object</kind>
         <file>comp_dcm.obj</file>
         <name>comp_dcm.obj</name>
      </input_file>
      <input_file id="fl-e4">
         <path>.\TivaWARE\sensorlib\</path>
         <kind>object</kind>
         <file>i2cm_drv.obj</file>
         <name>i2cm_drv.obj</name>
      </input_file>
      <input_file id="fl-e5">
         <path>.\TivaWARE\sensorlib\</path>
         <kind>object</kind>
         <file>isl29023.obj</file>
         <name>isl29023.obj</name>
      </input_file>
      <input_file id="fl-e6">
         <path>.\TivaWARE\sensorlib\</path>
         <kind>object</kind>
         <file>kxti9.obj</file>
         <name>kxti9.obj</name>
      </input_file>
      <input_file id="fl-e7">
         <path>.\TivaWARE\sensorlib\</path>
         <kind>object</kind>
         <file>l3gd20h.obj</file>
         <name>l3gd20h.obj</name>
      </input_file>
      <input_file id="fl-e8">
         <path>.\TivaWARE\sensorlib\</path>
         <kind>object</kind>
         <file>lsm303d.obj</file>
         <name>lsm303d.obj</name>
      </input_file>
      <input_file id="fl-e9">
         <path>.\TivaWARE\sensorlib\</path>
         <kind>object</kind>
         <file>lsm303dlhc_accel.obj</file>
         <name>lsm303dlhc_accel.obj</name>
      </input_file>
      <input_file id="fl-ea">
         <path>.\TivaWARE\sensorlib\</path>
         <kind>object</kind>
         <file>lsm303dlhc_mag.obj</file>
         <name>lsm303dlhc_mag.obj</name>
      </input_file>
      <input_file id="fl-eb">
         <path>.\TivaWARE\sensorlib\</path>
         <kind>object</kind>
         <file>magneto.obj</file>
         <name>magneto.obj</name>
      </input_file>
      <input_file id="fl-ec">
         <path>.\TivaWARE\sensorlib\</path>
         <kind>object</kind>
         <file>mpu6050.obj</file>
         <name>mpu6050.obj</name>
      </input_file>
      <input_file id="fl-ed">
         <path>.\TivaWARE\sensorlib\</path>
         <kind>object</kind>
         <file>mpu9150.obj</file>
         <name>mpu9150.obj</name>
      </input_file>
      <input_file id="fl-ee">
         <path>.\TivaWARE\sensorlib\</path>
         <kind>object</kind>
         <file>quaternion.obj</file>
         <name>quaternion.obj</name>
      </input_file>
      <input_file id="fl-ef">
         <path>.\TivaWARE\sensorlib\</path>
         <kind>object</kind>
         <file>sht21.obj</file>
         <name>sht21.obj</name>
      </input_file>
      <input_file id="fl-f0">
         <path>.\TivaWARE\sensorlib\</path>
         <kind>object</kind>
         <file>tmp006.obj</file>
         <name>tmp006.obj</name>
      </input_file>
      <input_file id="fl-f1">
         <path>.\TivaWARE\sensorlib\</path>
         <kind>object</kind>
         <file>tmp100.obj</file>
         <name>tmp100.obj</name>
      </input_file>
      <input_file id="fl-f2">
         <path>.\TivaWARE\sensorlib\</path>
         <kind>object</kind>
         <file>vector.obj</file>
         <name>vector.obj</name>
      </input_file>
      <input_file id="fl-f3">
         <path>.\TivaWARE\usblib\device\</path>
         <kind>object</kind>
         <file>usbdaudio.obj</file>
         <name>usbdaudio.obj</name>
      </input_file>
      <input_file id="fl-f4">
         <path>.\TivaWARE\usblib\device\</path>
         <kind>object</kind>
         <file>usbdbulk.obj</file>
         <name>usbdbulk.obj</name>
      </input_file>
      <input_file id="fl-f5">
         <path>.\TivaWARE\usblib\device\</path>
         <kind>object</kind>
         <file>usbdcdc.obj</file>
         <name>usbdcdc.obj</name>
      </input_file>
      <input_file id="fl-f6">
         <path>.\TivaWARE\usblib\device\</path>
         <kind>object</kind>
         <file>usbdcdesc.obj</file>
         <name>usbdcdesc.obj</name>
      </input_file>
      <input_file id="fl-f7">
         <path>.\TivaWARE\usblib\device\</path>
         <kind>object</kind>
         <file>usbdcomp.obj</file>
         <name>usbdcomp.obj</name>
      </input_file>
      <input_file id="fl-f8">
         <path>.\TivaWARE\usblib\device\</path>
         <kind>object</kind>
         <file>usbdconfig.obj</file>
         <name>usbdconfig.obj</name>
      </input_file>
      <input_file id="fl-f9">
         <path>.\TivaWARE\usblib\device\</path>
         <kind>object</kind>
         <file>usbddfu-rt.obj</file>
         <name>usbddfu-rt.obj</name>
      </input_file>
      <input_file id="fl-fa">
         <path>.\TivaWARE\usblib\device\</path>
         <kind>object</kind>
         <file>usbdenum.obj</file>
         <name>usbdenum.obj</name>
      </input_file>
      <input_file id="fl-fb">
         <path>.\TivaWARE\usblib\device\</path>
         <kind>object</kind>
         <file>usbdhandler.obj</file>
         <name>usbdhandler.obj</name>
      </input_file>
      <input_file id="fl-fc">
         <path>.\TivaWARE\usblib\device\</path>
         <kind>object</kind>
         <file>usbdhid.obj</file>
         <name>usbdhid.obj</name>
      </input_file>
      <input_file id="fl-fd">
         <path>.\TivaWARE\usblib\device\</path>
         <kind>object</kind>
         <file>usbdhidgamepad.obj</file>
         <name>usbdhidgamepad.obj</name>
      </input_file>
      <input_file id="fl-fe">
         <path>.\TivaWARE\usblib\device\</path>
         <kind>object</kind>
         <file>usbdhidkeyb.obj</file>
         <name>usbdhidkeyb.obj</name>
      </input_file>
      <input_file id="fl-ff">
         <path>.\TivaWARE\usblib\device\</path>
         <kind>object</kind>
         <file>usbdhidmouse.obj</file>
         <name>usbdhidmouse.obj</name>
      </input_file>
      <input_file id="fl-100">
         <path>.\TivaWARE\usblib\device\</path>
         <kind>object</kind>
         <file>usbdmsc.obj</file>
         <name>usbdmsc.obj</name>
      </input_file>
      <input_file id="fl-101">
         <path>.\TivaWARE\usblib\host\</path>
         <kind>object</kind>
         <file>usbhaudio.obj</file>
         <name>usbhaudio.obj</name>
      </input_file>
      <input_file id="fl-102">
         <path>.\TivaWARE\usblib\host\</path>
         <kind>object</kind>
         <file>usbhhid.obj</file>
         <name>usbhhid.obj</name>
      </input_file>
      <input_file id="fl-103">
         <path>.\TivaWARE\usblib\host\</path>
         <kind>object</kind>
         <file>usbhhidkeyboard.obj</file>
         <name>usbhhidkeyboard.obj</name>
      </input_file>
      <input_file id="fl-104">
         <path>.\TivaWARE\usblib\host\</path>
         <kind>object</kind>
         <file>usbhhidmouse.obj</file>
         <name>usbhhidmouse.obj</name>
      </input_file>
      <input_file id="fl-105">
         <path>.\TivaWARE\usblib\host\</path>
         <kind>object</kind>
         <file>usbhhub.obj</file>
         <name>usbhhub.obj</name>
      </input_file>
      <input_file id="fl-106">
         <path>.\TivaWARE\usblib\host\</path>
         <kind>object</kind>
         <file>usbhmsc.obj</file>
         <name>usbhmsc.obj</name>
      </input_file>
      <input_file id="fl-107">
         <path>.\TivaWARE\usblib\host\</path>
         <kind>object</kind>
         <file>usbhostenum.obj</file>
         <name>usbhostenum.obj</name>
      </input_file>
      <input_file id="fl-108">
         <path>.\TivaWARE\usblib\host\</path>
         <kind>object</kind>
         <file>usbhscsi.obj</file>
         <name>usbhscsi.obj</name>
      </input_file>
      <input_file id="fl-109">
         <path>.\TivaWARE\usblib\</path>
         <kind>object</kind>
         <file>usbbuffer.obj</file>
         <name>usbbuffer.obj</name>
      </input_file>
      <input_file id="fl-10a">
         <path>.\TivaWARE\usblib\</path>
         <kind>object</kind>
         <file>usbdesc.obj</file>
         <name>usbdesc.obj</name>
      </input_file>
      <input_file id="fl-10b">
         <path>.\TivaWARE\usblib\</path>
         <kind>object</kind>
         <file>usbdma.obj</file>
         <name>usbdma.obj</name>
      </input_file>
      <input_file id="fl-10c">
         <path>.\TivaWARE\usblib\</path>
         <kind>object</kind>
         <file>usbkeyboardmap.obj</file>
         <name>usbkeyboardmap.obj</name>
      </input_file>
      <input_file id="fl-10d">
         <path>.\TivaWARE\usblib\</path>
         <kind>object</kind>
         <file>usbmode.obj</file>
         <name>usbmode.obj</name>
      </input_file>
      <input_file id="fl-10e">
         <path>.\TivaWARE\usblib\</path>
         <kind>object</kind>
         <file>usbringbuf.obj</file>
         <name>usbringbuf.obj</name>
      </input_file>
      <input_file id="fl-10f">
         <path>.\TivaWARE\usblib\</path>
         <kind>object</kind>
         <file>usbtick.obj</file>
         <name>usbtick.obj</name>
      </input_file>
      <input_file id="fl-110">
         <path>.\TivaWARE\usblib\</path>
         <kind>object</kind>
         <file>usbulpi.obj</file>
         <name>usbulpi.obj</name>
      </input_file>
      <input_file id="fl-111">
         <path>.\TivaWARE\utils\</path>
         <kind>object</kind>
         <file>cmdline.obj</file>
         <name>cmdline.obj</name>
      </input_file>
      <input_file id="fl-112">
         <path>.\TivaWARE\utils\</path>
         <kind>object</kind>
         <file>cpu_usage.obj</file>
         <name>cpu_usage.obj</name>
      </input_file>
      <input_file id="fl-113">
         <path>.\TivaWARE\utils\</path>
         <kind>object</kind>
         <file>eeprom_pb.obj</file>
         <name>eeprom_pb.obj</name>
      </input_file>
      <input_file id="fl-114">
         <path>.\TivaWARE\utils\</path>
         <kind>object</kind>
         <file>flash_pb.obj</file>
         <name>flash_pb.obj</name>
      </input_file>
      <input_file id="fl-115">
         <path>.\TivaWARE\utils\</path>
         <kind>object</kind>
         <file>isqrt.obj</file>
         <name>isqrt.obj</name>
      </input_file>
      <input_file id="fl-116">
         <path>.\TivaWARE\utils\</path>
         <kind>object</kind>
         <file>random.obj</file>
         <name>random.obj</name>
      </input_file>
      <input_file id="fl-117">
         <path>.\TivaWARE\utils\</path>
         <kind>object</kind>
         <file>ringbuf.obj</file>
         <name>ringbuf.obj</name>
      </input_file>
      <input_file id="fl-118">
         <path>.\TivaWARE\utils\</path>
         <kind>object</kind>
         <file>scheduler.obj</file>
         <name>scheduler.obj</name>
      </input_file>
      <input_file id="fl-119">
         <path>.\TivaWARE\utils\</path>
         <kind>object</kind>
         <file>sine.obj</file>
         <name>sine.obj</name>
      </input_file>
      <input_file id="fl-11a">
         <path>.\TivaWARE\utils\</path>
         <kind>object</kind>
         <file>smbus.obj</file>
         <name>smbus.obj</name>
      </input_file>
      <input_file id="fl-11b">
         <path>.\TivaWARE\utils\</path>
         <kind>object</kind>
         <file>softi2c.obj</file>
         <name>softi2c.obj</name>
      </input_file>
      <input_file id="fl-11c">
         <path>.\TivaWARE\utils\</path>
         <kind>object</kind>
         <file>softssi.obj</file>
         <name>softssi.obj</name>
      </input_file>
      <input_file id="fl-11d">
         <path>.\TivaWARE\utils\</path>
         <kind>object</kind>
         <file>softuart.obj</file>
         <name>softuart.obj</name>
      </input_file>
      <input_file id="fl-11e">
         <path>.\TivaWARE\utils\</path>
         <kind>object</kind>
         <file>spi_flash.obj</file>
         <name>spi_flash.obj</name>
      </input_file>
      <input_file id="fl-11f">
         <path>.\TivaWARE\utils\</path>
         <kind>object</kind>
         <file>uartstdio.obj</file>
         <name>uartstdio.obj</name>
      </input_file>
      <input_file id="fl-120">
         <path>.\TivaWARE\utils\</path>
         <kind>object</kind>
         <file>ustdlib.obj</file>
         <name>ustdlib.obj</name>
      </input_file>
      <input_file id="fl-121">
         <path>.\TivaWARE\utils\</path>
         <kind>object</kind>
         <file>wavfile.obj</file>
         <name>wavfile.obj</name>
      </input_file>
      <input_file id="fl-12a">
         <kind>object</kind>
         <file>&lt;internal&gt;</file>
         <name>&lt;internal&gt;</name>
      </input_file>
      <input_file id="fl-1e0">
         <path>E:\ti\ccs910\ccs\tools\compiler\ti-cgt-arm_18.12.2.LTS\lib\</path>
         <kind>archive</kind>
         <file>rtsv7M4_T_le_v4SPD16_eabi.lib</file>
         <name>e_acosf.c.obj</name>
      </input_file>
      <input_file id="fl-1e1">
         <path>E:\ti\ccs910\ccs\tools\compiler\ti-cgt-arm_18.12.2.LTS\lib\</path>
         <kind>archive</kind>
         <file>rtsv7M4_T_le_v4SPD16_eabi.lib</file>
         <name>e_asinf.c.obj</name>
      </input_file>
      <input_file id="fl-1e2">
         <path>E:\ti\ccs910\ccs\tools\compiler\ti-cgt-arm_18.12.2.LTS\lib\</path>
         <kind>archive</kind>
         <file>rtsv7M4_T_le_v4SPD16_eabi.lib</file>
         <name>e_atan2f.c.obj</name>
      </input_file>
      <input_file id="fl-1e3">
         <path>E:\ti\ccs910\ccs\tools\compiler\ti-cgt-arm_18.12.2.LTS\lib\</path>
         <kind>archive</kind>
         <file>rtsv7M4_T_le_v4SPD16_eabi.lib</file>
         <name>e_sqrtf.c.obj</name>
      </input_file>
      <input_file id="fl-1e4">
         <path>E:\ti\ccs910\ccs\tools\compiler\ti-cgt-arm_18.12.2.LTS\lib\</path>
         <kind>archive</kind>
         <file>rtsv7M4_T_le_v4SPD16_eabi.lib</file>
         <name>s_atanf.c.obj</name>
      </input_file>
      <input_file id="fl-1e5">
         <path>E:\ti\ccs910\ccs\tools\compiler\ti-cgt-arm_18.12.2.LTS\lib\</path>
         <kind>archive</kind>
         <file>rtsv7M4_T_le_v4SPD16_eabi.lib</file>
         <name>s_cosf.c.obj</name>
      </input_file>
      <input_file id="fl-1e6">
         <path>E:\ti\ccs910\ccs\tools\compiler\ti-cgt-arm_18.12.2.LTS\lib\</path>
         <kind>archive</kind>
         <file>rtsv7M4_T_le_v4SPD16_eabi.lib</file>
         <name>s_sinf.c.obj</name>
      </input_file>
      <input_file id="fl-1e7">
         <path>E:\ti\ccs910\ccs\tools\compiler\ti-cgt-arm_18.12.2.LTS\lib\</path>
         <kind>archive</kind>
         <file>rtsv7M4_T_le_v4SPD16_eabi.lib</file>
         <name>e_sqrt.c.obj</name>
      </input_file>
      <input_file id="fl-1e8">
         <path>E:\ti\ccs910\ccs\tools\compiler\ti-cgt-arm_18.12.2.LTS\lib\</path>
         <kind>archive</kind>
         <file>rtsv7M4_T_le_v4SPD16_eabi.lib</file>
         <name>memset_t2.asm.obj</name>
      </input_file>
      <input_file id="fl-1e9">
         <path>E:\ti\ccs910\ccs\tools\compiler\ti-cgt-arm_18.12.2.LTS\lib\</path>
         <kind>archive</kind>
         <file>rtsv7M4_T_le_v4SPD16_eabi.lib</file>
         <name>fd_add_t2.asm.obj</name>
      </input_file>
      <input_file id="fl-1ea">
         <path>E:\ti\ccs910\ccs\tools\compiler\ti-cgt-arm_18.12.2.LTS\lib\</path>
         <kind>archive</kind>
         <file>rtsv7M4_T_le_v4SPD16_eabi.lib</file>
         <name>fd_div_t2.asm.obj</name>
      </input_file>
      <input_file id="fl-1eb">
         <path>E:\ti\ccs910\ccs\tools\compiler\ti-cgt-arm_18.12.2.LTS\lib\</path>
         <kind>archive</kind>
         <file>rtsv7M4_T_le_v4SPD16_eabi.lib</file>
         <name>fd_mul_t2.asm.obj</name>
      </input_file>
      <input_file id="fl-1ec">
         <path>E:\ti\ccs910\ccs\tools\compiler\ti-cgt-arm_18.12.2.LTS\lib\</path>
         <kind>archive</kind>
         <file>rtsv7M4_T_le_v4SPD16_eabi.lib</file>
         <name>fd_tos_t2.asm.obj</name>
      </input_file>
      <input_file id="fl-1ed">
         <path>E:\ti\ccs910\ccs\tools\compiler\ti-cgt-arm_18.12.2.LTS\lib\</path>
         <kind>archive</kind>
         <file>rtsv7M4_T_le_v4SPD16_eabi.lib</file>
         <name>fs_tod_t2.asm.obj</name>
      </input_file>
      <input_file id="fl-1ee">
         <path>E:\ti\ccs910\ccs\tools\compiler\ti-cgt-arm_18.12.2.LTS\lib\</path>
         <kind>archive</kind>
         <file>rtsv7M4_T_le_v4SPD16_eabi.lib</file>
         <name>memcpy_t2.asm.obj</name>
      </input_file>
      <input_file id="fl-1ef">
         <path>E:\ti\ccs910\ccs\tools\compiler\ti-cgt-arm_18.12.2.LTS\lib\</path>
         <kind>archive</kind>
         <file>rtsv7M4_T_le_v4SPD16_eabi.lib</file>
         <name>u_divt2.asm.obj</name>
      </input_file>
      <input_file id="fl-1f0">
         <path>E:\ti\ccs910\ccs\tools\compiler\ti-cgt-arm_18.12.2.LTS\lib\</path>
         <kind>archive</kind>
         <file>rtsv7M4_T_le_v4SPD16_eabi.lib</file>
         <name>copy_zero_init.c.obj</name>
      </input_file>
      <input_file id="fl-1f1">
         <path>E:\ti\ccs910\ccs\tools\compiler\ti-cgt-arm_18.12.2.LTS\lib\</path>
         <kind>archive</kind>
         <file>rtsv7M4_T_le_v4SPD16_eabi.lib</file>
         <name>copy_decompress_none.c.obj</name>
      </input_file>
      <input_file id="fl-1f2">
         <path>E:\ti\ccs910\ccs\tools\compiler\ti-cgt-arm_18.12.2.LTS\lib\</path>
         <kind>archive</kind>
         <file>rtsv7M4_T_le_v4SPD16_eabi.lib</file>
         <name>copy_decompress_lzss.c.obj</name>
      </input_file>
      <input_file id="fl-1f3">
         <path>E:\ti\ccs910\ccs\tools\compiler\ti-cgt-arm_18.12.2.LTS\lib\</path>
         <kind>archive</kind>
         <file>rtsv7M4_T_le_v4SPD16_eabi.lib</file>
         <name>strcmp.c.obj</name>
      </input_file>
      <input_file id="fl-1f4">
         <path>E:\ti\ccs910\ccs\tools\compiler\ti-cgt-arm_18.12.2.LTS\lib\</path>
         <kind>archive</kind>
         <file>rtsv7M4_T_le_v4SPD16_eabi.lib</file>
         <name>boot_cortex_m.c.obj</name>
      </input_file>
      <input_file id="fl-1f5">
         <path>E:\ti\ccs910\ccs\tools\compiler\ti-cgt-arm_18.12.2.LTS\lib\</path>
         <kind>archive</kind>
         <file>rtsv7M4_T_le_v4SPD16_eabi.lib</file>
         <name>errno.c.obj</name>
      </input_file>
      <input_file id="fl-1f6">
         <path>E:\ti\ccs910\ccs\tools\compiler\ti-cgt-arm_18.12.2.LTS\lib\</path>
         <kind>archive</kind>
         <file>rtsv7M4_T_le_v4SPD16_eabi.lib</file>
         <name>div0.asm.obj</name>
      </input_file>
      <input_file id="fl-1f7">
         <path>E:\ti\ccs910\ccs\tools\compiler\ti-cgt-arm_18.12.2.LTS\lib\</path>
         <kind>archive</kind>
         <file>rtsv7M4_T_le_v4SPD16_eabi.lib</file>
         <name>autoinit.c.obj</name>
      </input_file>
      <input_file id="fl-1f8">
         <path>E:\ti\ccs910\ccs\tools\compiler\ti-cgt-arm_18.12.2.LTS\lib\</path>
         <kind>archive</kind>
         <file>rtsv7M4_T_le_v4SPD16_eabi.lib</file>
         <name>pre_init.c.obj</name>
      </input_file>
      <input_file id="fl-1f9">
         <path>E:\ti\ccs910\ccs\tools\compiler\ti-cgt-arm_18.12.2.LTS\lib\</path>
         <kind>archive</kind>
         <file>rtsv7M4_T_le_v4SPD16_eabi.lib</file>
         <name>cpy_tbl.c.obj</name>
      </input_file>
      <input_file id="fl-1fa">
         <path>E:\ti\ccs910\ccs\tools\compiler\ti-cgt-arm_18.12.2.LTS\lib\</path>
         <kind>archive</kind>
         <file>rtsv7M4_T_le_v4SPD16_eabi.lib</file>
         <name>exit.c.obj</name>
      </input_file>
      <input_file id="fl-1fb">
         <path>E:\ti\ccs910\ccs\tools\compiler\ti-cgt-arm_18.12.2.LTS\lib\</path>
         <kind>archive</kind>
         <file>rtsv7M4_T_le_v4SPD16_eabi.lib</file>
         <name>_lock.c.obj</name>
      </input_file>
      <input_file id="fl-1fc">
         <path>E:\ti\ccs910\ccs\tools\compiler\ti-cgt-arm_18.12.2.LTS\lib\</path>
         <kind>archive</kind>
         <file>rtsv7M4_T_le_v4SPD16_eabi.lib</file>
         <name>args_main.c.obj</name>
      </input_file>
   </input_file_list>
   <object_component_list>
      <object_component id="oc-f">
         <name>.intvecs</name>
         <load_address>0x0</load_address>
         <run_address>0x0</run_address>
         <size>0x26c</size>
         <input_file_ref idref="fl-4"/>
      </object_component>
      <object_component id="oc-303">
         <name>.text</name>
         <load_address>0x26c</load_address>
         <run_address>0x26c</run_address>
         <size>0x2d24</size>
         <input_file_ref idref="fl-107"/>
      </object_component>
      <object_component id="oc-11c">
         <name>.text</name>
         <load_address>0x2f90</load_address>
         <run_address>0x2f90</run_address>
         <size>0x15b6</size>
         <input_file_ref idref="fl-2f"/>
      </object_component>
      <object_component id="oc-98">
         <name>.text</name>
         <load_address>0x4548</load_address>
         <run_address>0x4548</run_address>
         <size>0x12f0</size>
         <input_file_ref idref="fl-fa"/>
      </object_component>
      <object_component id="oc-128">
         <name>.text</name>
         <load_address>0x5838</load_address>
         <run_address>0x5838</run_address>
         <size>0xf10</size>
         <input_file_ref idref="fl-10b"/>
      </object_component>
      <object_component id="oc-248">
         <name>.text</name>
         <load_address>0x6748</load_address>
         <run_address>0x6748</run_address>
         <size>0xe04</size>
         <input_file_ref idref="fl-f5"/>
      </object_component>
      <object_component id="oc-82">
         <name>.text</name>
         <load_address>0x754c</load_address>
         <run_address>0x754c</run_address>
         <size>0xc30</size>
         <input_file_ref idref="fl-b"/>
      </object_component>
      <object_component id="oc-393">
         <name>.text</name>
         <load_address>0x817c</load_address>
         <run_address>0x817c</run_address>
         <size>0x920</size>
         <input_file_ref idref="fl-105"/>
      </object_component>
      <object_component id="oc-242">
         <name>.text</name>
         <load_address>0x8a9c</load_address>
         <run_address>0x8a9c</run_address>
         <size>0x6dc</size>
         <input_file_ref idref="fl-9"/>
      </object_component>
      <object_component id="oc-24e">
         <name>.text</name>
         <load_address>0x9178</load_address>
         <run_address>0x9178</run_address>
         <size>0x4f0</size>
         <input_file_ref idref="fl-10d"/>
      </object_component>
      <object_component id="oc-171">
         <name>.text</name>
         <load_address>0x9668</load_address>
         <run_address>0x9668</run_address>
         <size>0x498</size>
         <input_file_ref idref="fl-109"/>
      </object_component>
      <object_component id="oc-202">
         <name>.text</name>
         <load_address>0x9b00</load_address>
         <run_address>0x9b00</run_address>
         <size>0x3c0</size>
         <input_file_ref idref="fl-20"/>
      </object_component>
      <object_component id="oc-14d">
         <name>.text</name>
         <load_address>0x9ec0</load_address>
         <run_address>0x9ec0</run_address>
         <size>0x388</size>
         <input_file_ref idref="fl-f8"/>
      </object_component>
      <object_component id="oc-23a">
         <name>.text</name>
         <load_address>0xa248</load_address>
         <run_address>0xa248</run_address>
         <size>0x2f0</size>
         <input_file_ref idref="fl-10e"/>
      </object_component>
      <object_component id="oc-147">
         <name>.text</name>
         <load_address>0xa538</load_address>
         <run_address>0xa538</run_address>
         <size>0x2de</size>
         <input_file_ref idref="fl-f6"/>
      </object_component>
      <object_component id="oc-22d">
         <name>.text</name>
         <load_address>0xa816</load_address>
         <run_address>0xa816</run_address>
         <size>0x1d2</size>
         <input_file_ref idref="fl-10a"/>
      </object_component>
      <object_component id="oc-177">
         <name>.text</name>
         <load_address>0xa9e8</load_address>
         <run_address>0xa9e8</run_address>
         <size>0x144</size>
         <input_file_ref idref="fl-2"/>
      </object_component>
      <object_component id="oc-f0">
         <name>.text</name>
         <load_address>0xab2c</load_address>
         <run_address>0xab2c</run_address>
         <size>0x108</size>
         <input_file_ref idref="fl-f"/>
      </object_component>
      <object_component id="oc-12e">
         <name>.text</name>
         <load_address>0xac34</load_address>
         <run_address>0xac34</run_address>
         <size>0xec</size>
         <input_file_ref idref="fl-10f"/>
      </object_component>
      <object_component id="oc-2f">
         <name>.text</name>
         <load_address>0xad20</load_address>
         <run_address>0xad20</run_address>
         <size>0xe4</size>
         <input_file_ref idref="fl-d"/>
      </object_component>
      <object_component id="oc-2a">
         <name>.text</name>
         <load_address>0xae04</load_address>
         <run_address>0xae04</run_address>
         <size>0xda</size>
         <input_file_ref idref="fl-e"/>
      </object_component>
      <object_component id="oc-122">
         <name>.text</name>
         <load_address>0xaede</load_address>
         <run_address>0xaede</run_address>
         <size>0xc8</size>
         <input_file_ref idref="fl-110"/>
      </object_component>
      <object_component id="oc-49">
         <name>.text</name>
         <load_address>0xafa6</load_address>
         <run_address>0xafa6</run_address>
         <size>0x9c</size>
         <input_file_ref idref="fl-1ee"/>
      </object_component>
      <object_component id="oc-e4">
         <name>.text</name>
         <load_address>0xb042</load_address>
         <run_address>0xb042</run_address>
         <size>0x92</size>
         <input_file_ref idref="fl-8"/>
      </object_component>
      <object_component id="oc-c0">
         <name>.text</name>
         <load_address>0xb0d4</load_address>
         <run_address>0xb0d4</run_address>
         <size>0x7a</size>
         <input_file_ref idref="fl-1e8"/>
      </object_component>
      <object_component id="oc-12">
         <name>.text:decompress:lzss:__TI_decompress_lzss</name>
         <load_address>0xb14e</load_address>
         <run_address>0xb14e</run_address>
         <size>0x68</size>
         <input_file_ref idref="fl-1f2"/>
      </object_component>
      <object_component id="oc-cc">
         <name>.text</name>
         <load_address>0xb1b8</load_address>
         <run_address>0xb1b8</run_address>
         <size>0x5c</size>
         <input_file_ref idref="fl-3"/>
      </object_component>
      <object_component id="oc-193">
         <name>.text:__TI_auto_init_nobinit_nopinit:__TI_auto_init_nobinit_nopinit</name>
         <load_address>0xb214</load_address>
         <run_address>0xb214</run_address>
         <size>0x44</size>
         <input_file_ref idref="fl-1f7"/>
      </object_component>
      <object_component id="oc-29b">
         <name>.text</name>
         <load_address>0xb258</load_address>
         <run_address>0xb258</run_address>
         <size>0x3e</size>
         <input_file_ref idref="fl-14"/>
      </object_component>
      <object_component id="oc-67">
         <name>.text:_c_int00_noargs:_c_int00_noargs</name>
         <load_address>0xb298</load_address>
         <run_address>0xb298</run_address>
         <size>0x34</size>
         <input_file_ref idref="fl-1f4"/>
      </object_component>
      <object_component id="oc-35">
         <name>.text</name>
         <load_address>0xb2cc</load_address>
         <run_address>0xb2cc</run_address>
         <size>0x24</size>
         <input_file_ref idref="fl-fb"/>
      </object_component>
      <object_component id="oc-18">
         <name>.text:decompress:none:__TI_decompress_none</name>
         <load_address>0xb2f0</load_address>
         <run_address>0xb2f0</run_address>
         <size>0xe</size>
         <input_file_ref idref="fl-1f1"/>
      </object_component>
      <object_component id="oc-5b">
         <name>.text:decompress:ZI:__TI_zero_init</name>
         <load_address>0xb2fe</load_address>
         <run_address>0xb2fe</run_address>
         <size>0xc</size>
         <input_file_ref idref="fl-1f0"/>
      </object_component>
      <object_component id="oc-24">
         <name>.text</name>
         <load_address>0xb30a</load_address>
         <run_address>0xb30a</run_address>
         <size>0xc</size>
         <input_file_ref idref="fl-4"/>
      </object_component>
      <object_component id="oc-c6">
         <name>.text:_system_pre_init</name>
         <load_address>0xb316</load_address>
         <run_address>0xb316</run_address>
         <size>0x4</size>
         <input_file_ref idref="fl-1f8"/>
      </object_component>
      <object_component id="oc-187">
         <name>.text:abort:abort</name>
         <load_address>0xb31a</load_address>
         <run_address>0xb31a</run_address>
         <size>0x4</size>
         <input_file_ref idref="fl-1fa"/>
      </object_component>
      <object_component id="oc-2a7">
         <name>.const:g_pui32Regs</name>
         <load_address>0xb320</load_address>
         <run_address>0xb320</run_address>
         <size>0x9c</size>
         <input_file_ref idref="fl-20"/>
      </object_component>
      <object_component id="oc-3bd">
         <name>.const:.string:g_pui8ConfigString</name>
         <load_address>0xb3bc</load_address>
         <run_address>0xb3bc</run_address>
         <size>0x36</size>
         <input_file_ref idref="fl-5"/>
      </object_component>
      <object_component id="oc-144">
         <name>.const:g_psUSBDStdRequests</name>
         <load_address>0xb3f4</load_address>
         <run_address>0xb3f4</run_address>
         <size>0x34</size>
         <input_file_ref idref="fl-fa"/>
      </object_component>
      <object_component id="oc-2ec">
         <name>.const:g_sCDCHandlers</name>
         <load_address>0xb428</load_address>
         <run_address>0xb428</run_address>
         <size>0x30</size>
         <input_file_ref idref="fl-f5"/>
      </object_component>
      <object_component id="oc-3ba">
         <name>.const:.string:g_pui8ControlInterfaceString</name>
         <load_address>0xb458</load_address>
         <run_address>0xb458</run_address>
         <size>0x2c</size>
         <input_file_ref idref="fl-5"/>
      </object_component>
      <object_component id="oc-3b1">
         <name>.const:.string:g_pui8ManufacturerString</name>
         <load_address>0xb484</load_address>
         <run_address>0xb484</run_address>
         <size>0x24</size>
         <input_file_ref idref="fl-5"/>
      </object_component>
      <object_component id="oc-44d">
         <name>.const:.string:g_pui8CDCSerCommInterface</name>
         <load_address>0xb4a8</load_address>
         <run_address>0xb4a8</run_address>
         <size>0x23</size>
         <input_file_ref idref="fl-f5"/>
      </object_component>
      <object_component id="oc-3b4">
         <name>.const:.string:g_pui8ProductString</name>
         <load_address>0xb4cb</load_address>
         <run_address>0xb4cb</run_address>
         <size>0x22</size>
         <input_file_ref idref="fl-5"/>
      </object_component>
      <object_component id="oc-2a4">
         <name>.const:g_pui32Priority</name>
         <load_address>0xb4f0</load_address>
         <run_address>0xb4f0</run_address>
         <size>0x20</size>
         <input_file_ref idref="fl-20"/>
      </object_component>
      <object_component id="oc-318">
         <name>.const:g_ppui8StringDescriptors</name>
         <load_address>0xb510</load_address>
         <run_address>0xb510</run_address>
         <size>0x18</size>
         <input_file_ref idref="fl-5"/>
      </object_component>
      <object_component id="oc-452">
         <name>.const:.string:g_pui8CDCSerDataInterface</name>
         <load_address>0xb528</load_address>
         <run_address>0xb528</run_address>
         <size>0x17</size>
         <input_file_ref idref="fl-f5"/>
      </object_component>
      <object_component id="oc-457">
         <name>.const:.string:g_pui8CDCSerDataInterfaceHS</name>
         <load_address>0xb53f</load_address>
         <run_address>0xb53f</run_address>
         <size>0x17</size>
         <input_file_ref idref="fl-f5"/>
      </object_component>
      <object_component id="oc-2ad">
         <name>.const:g_pui32Dii16Regs</name>
         <load_address>0xb558</load_address>
         <run_address>0xb558</run_address>
         <size>0x14</size>
         <input_file_ref idref="fl-20"/>
      </object_component>
      <object_component id="oc-2aa">
         <name>.const:g_pui32EnRegs</name>
         <load_address>0xb56c</load_address>
         <run_address>0xb56c</run_address>
         <size>0x14</size>
         <input_file_ref idref="fl-20"/>
      </object_component>
      <object_component id="oc-2b0">
         <name>.const:g_pui32PendRegs</name>
         <load_address>0xb580</load_address>
         <run_address>0xb580</run_address>
         <size>0x14</size>
         <input_file_ref idref="fl-20"/>
      </object_component>
      <object_component id="oc-2b3">
         <name>.const:g_pui32UnpendRegs</name>
         <load_address>0xb594</load_address>
         <run_address>0xb594</run_address>
         <size>0x14</size>
         <input_file_ref idref="fl-20"/>
      </object_component>
      <object_component id="oc-3b7">
         <name>.const:.string:g_pui8SerialNumberString</name>
         <load_address>0xb5a8</load_address>
         <run_address>0xb5a8</run_address>
         <size>0x12</size>
         <input_file_ref idref="fl-5"/>
      </object_component>
      <object_component id="oc-37c">
         <name>.const:g_sCDCCompSerConfigHeader</name>
         <load_address>0xb5bc</load_address>
         <run_address>0xb5bc</run_address>
         <size>0x8</size>
         <input_file_ref idref="fl-f5"/>
      </object_component>
      <object_component id="oc-381">
         <name>.const:g_sCDCCompSerConfigHeaderHS</name>
         <load_address>0xb5c4</load_address>
         <run_address>0xb5c4</run_address>
         <size>0x8</size>
         <input_file_ref idref="fl-f5"/>
      </object_component>
      <object_component id="oc-431">
         <name>.const:g_sCDCSerCommInterfaceSection</name>
         <load_address>0xb5cc</load_address>
         <run_address>0xb5cc</run_address>
         <size>0x8</size>
         <input_file_ref idref="fl-f5"/>
      </object_component>
      <object_component id="oc-372">
         <name>.const:g_sCDCSerConfigHeader</name>
         <load_address>0xb5d4</load_address>
         <run_address>0xb5d4</run_address>
         <size>0x8</size>
         <input_file_ref idref="fl-f5"/>
      </object_component>
      <object_component id="oc-377">
         <name>.const:g_sCDCSerConfigHeaderHS</name>
         <load_address>0xb5dc</load_address>
         <run_address>0xb5dc</run_address>
         <size>0x8</size>
         <input_file_ref idref="fl-f5"/>
      </object_component>
      <object_component id="oc-42e">
         <name>.const:g_sCDCSerConfigSection</name>
         <load_address>0xb5e4</load_address>
         <run_address>0xb5e4</run_address>
         <size>0x8</size>
         <input_file_ref idref="fl-f5"/>
      </object_component>
      <object_component id="oc-434">
         <name>.const:g_sCDCSerDataInterfaceSection</name>
         <load_address>0xb5ec</load_address>
         <run_address>0xb5ec</run_address>
         <size>0x8</size>
         <input_file_ref idref="fl-f5"/>
      </object_component>
      <object_component id="oc-439">
         <name>.const:g_sCDCSerDataInterfaceSectionHS</name>
         <load_address>0xb5f4</load_address>
         <run_address>0xb5f4</run_address>
         <size>0x8</size>
         <input_file_ref idref="fl-f5"/>
[...]
         <name>USBHCDRegisterDrivers</name>
         <value>0x157d</value>
         <object_component_ref idref="oc-303"/>
      </symbol>
      <symbol id="sm-e18">
         <name>USBHCDHubDeviceConnected</name>
         <value>0x29f9</value>
         <object_component_ref idref="oc-303"/>
      </symbol>
      <symbol id="sm-e19">
         <name>USBHCDPipeTransferSizeGet</name>
         <value>0x5cb</value>
         <object_component_ref idref="oc-303"/>
      </symbol>
      <symbol id="sm-e1a">
         <name>USBHCDSetInterface</name>
         <value>0x1a43</value>
         <object_component_ref idref="oc-303"/>
      </symbol>
      <symbol id="sm-e1b">
         <name>USBHCDEventEnable</name>
         <value>0x3e9</value>
         <object_component_ref idref="oc-303"/>
      </symbol>
      <symbol id="sm-e1c">
         <name>USBHCDPipeReadNonBlocking</name>
         <value>0xd65</value>
         <object_component_ref idref="oc-303"/>
      </symbol>
      <symbol id="sm-e1d">
         <name>USBHCDPowerConfigSet</name>
         <value>0x13a5</value>
         <object_component_ref idref="oc-303"/>
      </symbol>
      <symbol id="sm-e1e">
         <name>USBHCDReset</name>
         <value>0x1677</value>
         <object_component_ref idref="oc-303"/>
      </symbol>
      <symbol id="sm-e1f">
         <name>USBHostIntHandlerInternal</name>
         <value>0x1b51</value>
         <object_component_ref idref="oc-303"/>
      </symbol>
      <symbol id="sm-e20">
         <name>USBHCDStringDescriptorGet</name>
         <value>0x1859</value>
         <object_component_ref idref="oc-303"/>
      </symbol>
      <symbol id="sm-e21">
         <name>USBHCDPipeDataAck</name>
         <value>0xdab</value>
         <object_component_ref idref="oc-303"/>
      </symbol>
      <symbol id="sm-e22">
         <name>USBHCDResume</name>
         <value>0x16d7</value>
         <object_component_ref idref="oc-303"/>
      </symbol>
      <symbol id="sm-e23">
         <name>USBHCDInit</name>
         <value>0x1465</value>
         <object_component_ref idref="oc-303"/>
      </symbol>
      <symbol id="sm-e24">
         <name>USBHCDDevClass</name>
         <value>0x2d11</value>
         <object_component_ref idref="oc-303"/>
      </symbol>
      <symbol id="sm-e25">
         <name>USBHCDPipeSchedule</name>
         <value>0xc3d</value>
         <object_component_ref idref="oc-303"/>
      </symbol>
      <symbol id="sm-e26">
         <name>USBHCDMain</name>
         <value>0x24a1</value>
         <object_component_ref idref="oc-303"/>
      </symbol>
      <symbol id="sm-e27">
         <name>USBHCDPipeRead</name>
         <value>0xddd</value>
         <object_component_ref idref="oc-303"/>
      </symbol>
      <symbol id="sm-e28">
         <name>USBHCDPowerAutomatic</name>
         <value>0x1413</value>
         <object_component_ref idref="oc-303"/>
      </symbol>
      <symbol id="sm-e29">
         <name>ConfigDescFree</name>
         <value>0x301</value>
         <object_component_ref idref="oc-303"/>
      </symbol>
      <symbol id="sm-e2a">
         <name>USBHCDLPMSleep</name>
         <value>0x2ee7</value>
         <object_component_ref idref="oc-303"/>
      </symbol>
      <symbol id="sm-e2b">
         <name>USBHCDControlTransfer</name>
         <value>0x28a5</value>
         <object_component_ref idref="oc-303"/>
      </symbol>
      <symbol id="sm-e2c">
         <name>USBHCDDevHubPort</name>
         <value>0x2cb3</value>
         <object_component_ref idref="oc-303"/>
      </symbol>
      <symbol id="sm-e2d">
         <name>USBHCDLPMStatus</name>
         <value>0x2ebd</value>
         <object_component_ref idref="oc-303"/>
      </symbol>
      <symbol id="sm-e2e">
         <name>USBHCDLPMResume</name>
         <value>0x2f4b</value>
         <object_component_ref idref="oc-303"/>
      </symbol>
      <symbol id="sm-e2f">
         <name>USB0HostIntHandler</name>
         <value>0x2281</value>
         <object_component_ref idref="oc-303"/>
      </symbol>
      <symbol id="sm-e30">
         <name>USBHCDEventDisable</name>
         <value>0x419</value>
         <object_component_ref idref="oc-303"/>
      </symbol>
      <symbol id="sm-e31">
         <name>USBHostCheckPipes</name>
         <value>0x1a8f</value>
         <object_component_ref idref="oc-303"/>
      </symbol>
      <symbol id="sm-e32">
         <name>USBHCDPipeAllocSize</name>
         <value>0x5f1</value>
         <object_component_ref idref="oc-303"/>
      </symbol>
      <symbol id="sm-e33">
         <name>InternalUSBHCDSendEvent</name>
         <value>0x2375</value>
         <object_component_ref idref="oc-303"/>
      </symbol>
      <symbol id="sm-e34">
         <name>USBHCDDevProtocol</name>
         <value>0x2da5</value>
         <object_component_ref idref="oc-303"/>
      </symbol>
      <symbol id="sm-e35">
         <name>USBHCDPipeFree</name>
         <value>0xfed</value>
         <object_component_ref idref="oc-303"/>
      </symbol>
      <symbol id="sm-e36">
         <name>USBHCDDevSubClass</name>
         <value>0x2d5d</value>
         <object_component_ref idref="oc-303"/>
      </symbol>
      <symbol id="sm-e37">
         <name>USBHCDPowerConfigGet</name>
         <value>0x1383</value>
         <object_component_ref idref="oc-303"/>
      </symbol>
      <symbol id="sm-e38">
         <name>USBHCDDevAddress</name>
         <value>0x2cd7</value>
         <object_component_ref idref="oc-303"/>
      </symbol>
      <symbol id="sm-e39">
         <name>USBHCDSetConfig</name>
         <value>0x19fb</value>
         <object_component_ref idref="oc-303"/>
      </symbol>
      <symbol id="sm-e3a">
         <name>USBHCDPipeStatus</name>
         <value>0xa31</value>
         <object_component_ref idref="oc-303"/>
      </symbol>
      <symbol id="sm-e3b">
         <name>USBHCDSuspend</name>
         <value>0x16c5</value>
         <object_component_ref idref="oc-303"/>
      </symbol>
      <symbol id="sm-e3c">
         <name>ConfigDescAlloc</name>
         <value>0x26d</value>
         <object_component_ref idref="oc-303"/>
      </symbol>
      <symbol id="sm-e3d">
         <name>USBHCDPipeAlloc</name>
         <value>0x865</value>
         <object_component_ref idref="oc-303"/>
      </symbol>
      <symbol id="sm-e3e">
         <name>USBHCDTerm</name>
         <value>0x15b5</value>
         <object_component_ref idref="oc-303"/>
      </symbol>
      <symbol id="sm-e3f">
         <name>USBHCDPipeConfig</name>
         <value>0x8b1</value>
         <object_component_ref idref="oc-303"/>
      </symbol>
      <symbol id="sm-e87">
         <name>USBBufferDataWritten</name>
         <value>0x997d</value>
         <object_component_ref idref="oc-171"/>
      </symbol>
      <symbol id="sm-e88">
         <name>USBBufferSpaceAvailable</name>
         <value>0x9a77</value>
         <object_component_ref idref="oc-171"/>
      </symbol>
      <symbol id="sm-e89">
         <name>USBBufferInit</name>
         <value>0x9903</value>
         <object_component_ref idref="oc-171"/>
      </symbol>
      <symbol id="sm-e8a">
         <name>USBBufferCallbackDataSet</name>
         <value>0x99b7</value>
         <object_component_ref idref="oc-171"/>
      </symbol>
      <symbol id="sm-e8b">
         <name>USBBufferRead</name>
         <value>0x9a27</value>
         <object_component_ref idref="oc-171"/>
      </symbol>
      <symbol id="sm-e8c">
         <name>USBBufferEventCallback</name>
         <value>0x9a89</value>
         <object_component_ref idref="oc-171"/>
      </symbol>
      <symbol id="sm-e8d">
         <name>USBBufferInfoGet</name>
         <value>0x9951</value>
         <object_component_ref idref="oc-171"/>
      </symbol>
      <symbol id="sm-e8e">
         <name>USBBufferWrite</name>
         <value>0x99d1</value>
         <object_component_ref idref="oc-171"/>
      </symbol>
      <symbol id="sm-e8f">
         <name>USBBufferDataAvailable</name>
         <value>0x9a65</value>
         <object_component_ref idref="oc-171"/>
      </symbol>
      <symbol id="sm-e90">
         <name>USBBufferDataRemoved</name>
         <value>0x999d</value>
         <object_component_ref idref="oc-171"/>
      </symbol>
      <symbol id="sm-e91">
         <name>USBBufferZeroLengthPacketInsert</name>
         <value>0x9921</value>
         <object_component_ref idref="oc-171"/>
      </symbol>
      <symbol id="sm-e92">
         <name>USBBufferFlush</name>
         <value>0x9a15</value>
         <object_component_ref idref="oc-171"/>
      </symbol>
      <symbol id="sm-ebb">
         <name>USBDescGetInterfaceEndpoint</name>
         <value>0xa9c5</value>
         <object_component_ref idref="oc-22d"/>
      </symbol>
      <symbol id="sm-ebc">
         <name>USBDescGetInterface</name>
         <value>0xa997</value>
         <object_component_ref idref="oc-22d"/>
      </symbol>
      <symbol id="sm-ebd">
         <name>USBDescGet</name>
         <value>0xa873</value>
         <object_component_ref idref="oc-22d"/>
      </symbol>
      <symbol id="sm-ebe">
         <name>USBDescGetNum</name>
         <value>0xa817</value>
         <object_component_ref idref="oc-22d"/>
      </symbol>
      <symbol id="sm-ebf">
         <name>USBDescGetNumAlternateInterfaces</name>
         <value>0xa8dd</value>
         <object_component_ref idref="oc-22d"/>
      </symbol>
      <symbol id="sm-f9c">
         <name>USBLibDMASizeGet</name>
         <value>0x655d</value>
         <object_component_ref idref="oc-128"/>
      </symbol>
      <symbol id="sm-f9d">
         <name>USBLibDMAAddrGet</name>
         <value>0x6545</value>
         <object_component_ref idref="oc-128"/>
      </symbol>
      <symbol id="sm-f9e">
         <name>USBLibDMAInit</name>
         <value>0x6575</value>
         <object_component_ref idref="oc-128"/>
      </symbol>
      <symbol id="sm-100e">
         <name>g_ui32PollRate</name>
         <value>0x200030e4</value>
      </symbol>
      <symbol id="sm-100f">
         <name>g_eOTGModeState</name>
         <value>0x200030e8</value>
      </symbol>
      <symbol id="sm-1010">
         <name>USBOTGModeTerm</name>
         <value>0x931d</value>
         <object_component_ref idref="oc-24e"/>
      </symbol>
      <symbol id="sm-1011">
         <name>USB0DualModeIntHandler</name>
         <value>0x9231</value>
         <object_component_ref idref="oc-24e"/>
      </symbol>
      <symbol id="sm-1012">
         <name>USBOTGMain</name>
         <value>0x9571</value>
         <object_component_ref idref="oc-24e"/>
      </symbol>
      <symbol id="sm-1013">
         <name>USB0OTGModeIntHandler</name>
         <value>0x9465</value>
         <object_component_ref idref="oc-24e"/>
      </symbol>
      <symbol id="sm-1014">
         <name>USBDualModeInit</name>
         <value>0x927d</value>
         <object_component_ref idref="oc-24e"/>
      </symbol>
      <symbol id="sm-1015">
         <name>USBDualModeTerm</name>
         <value>0x92eb</value>
         <object_component_ref idref="oc-24e"/>
      </symbol>
      <symbol id="sm-1016">
         <name>g_iUSBMode</name>
         <value>0x20002530</value>
         <object_component_ref idref="oc-138"/>
      </symbol>
      <symbol id="sm-1017">
         <name>USBOTGModeInit</name>
         <value>0x9355</value>
         <object_component_ref idref="oc-24e"/>
      </symbol>
      <symbol id="sm-1018">
         <name>USBStackModeSet</name>
         <value>0x91f7</value>
         <object_component_ref idref="oc-24e"/>
      </symbol>
      <symbol id="sm-1019">
         <name>g_ui32WaitTicks</name>
         <value>0x20002534</value>
         <object_component_ref idref="oc-138"/>
      </symbol>
      <symbol id="sm-101a">
         <name>USBOTGPollRate</name>
         <value>0x943f</value>
         <object_component_ref idref="oc-24e"/>
      </symbol>
      <symbol id="sm-101b">
         <name>OTGDeviceDisconnect</name>
         <value>0x954b</value>
         <object_component_ref idref="oc-24e"/>
      </symbol>
      <symbol id="sm-101c">
         <name>USBOTGFeatureSet</name>
         <value>0x9607</value>
         <object_component_ref idref="oc-24e"/>
      </symbol>
      <symbol id="sm-1053">
         <name>USBRingBufWrite</name>
         <value>0xa4df</value>
         <object_component_ref idref="oc-23a"/>
      </symbol>
      <symbol id="sm-1054">
         <name>USBRingBufContigUsed</name>
         <value>0xa35b</value>
         <object_component_ref idref="oc-23a"/>
      </symbol>
      <symbol id="sm-1055">
         <name>USBRingBufFlush</name>
         <value>0xa2f3</value>
         <object_component_ref idref="oc-23a"/>
      </symbol>
      <symbol id="sm-1056">
         <name>USBRingBufAdvanceWrite</name>
         <value>0xa45d</value>
         <object_component_ref idref="oc-23a"/>
      </symbol>
      <symbol id="sm-1057">
         <name>USBRingBufWriteOne</name>
         <value>0xa4b9</value>
         <object_component_ref idref="oc-23a"/>
      </symbol>
      <symbol id="sm-1058">
         <name>USBRingBufUsed</name>
         <value>0xa313</value>
         <object_component_ref idref="oc-23a"/>
      </symbol>
      <symbol id="sm-1059">
         <name>USBRingBufFree</name>
         <value>0xa345</value>
         <object_component_ref idref="oc-23a"/>
      </symbol>
      <symbol id="sm-105a">
         <name>USBRingBufAdvanceRead</name>
         <value>0xa42f</value>
         <object_component_ref idref="oc-23a"/>
      </symbol>
      <symbol id="sm-105b">
         <name>USBRingBufFull</name>
         <value>0xa293</value>
         <object_component_ref idref="oc-23a"/>
      </symbol>
      <symbol id="sm-105c">
         <name>USBRingBufReadOne</name>
         <value>0xa3d3</value>
         <object_component_ref idref="oc-23a"/>
      </symbol>
      <symbol id="sm-105d">
         <name>USBRingBufEmpty</name>
         <value>0xa2c9</value>
         <object_component_ref idref="oc-23a"/>
      </symbol>
      <symbol id="sm-105e">
         <name>USBRingBufSize</name>
         <value>0xa3c5</value>
         <object_component_ref idref="oc-23a"/>
      </symbol>
      <symbol id="sm-105f">
         <name>USBRingBufInit</name>
         <value>0xa515</value>
         <object_component_ref idref="oc-23a"/>
      </symbol>
      <symbol id="sm-1060">
         <name>USBRingBufRead</name>
         <value>0xa3f9</value>
         <object_component_ref idref="oc-23a"/>
      </symbol>
      <symbol id="sm-1061">
         <name>USBRingBufContigFree</name>
         <value>0xa389</value>
         <object_component_ref idref="oc-23a"/>
      </symbol>
      <symbol id="sm-108a">
         <name>g_pfnTickHandlers</name>
         <value>0x2000308c</value>
      </symbol>
      <symbol id="sm-108b">
         <name>g_pvTickInstance</name>
         <value>0x200030a4</value>
      </symbol>
      <symbol id="sm-108c">
         <name>g_ui32USBSOFCount</name>
         <value>0x20002520</value>
         <object_component_ref idref="oc-153"/>
      </symbol>
      <symbol id="sm-108d">
         <name>InternalUSBTickReset</name>
         <value>0xac73</value>
         <object_component_ref idref="oc-12e"/>
      </symbol>
      <symbol id="sm-108e">
         <name>g_bUSBTimerInitialized</name>
         <value>0x20002518</value>
         <object_component_ref idref="oc-153"/>
      </symbol>
      <symbol id="sm-108f">
         <name>g_ui32CurrentUSBTick</name>
         <value>0x2000251c</value>
         <object_component_ref idref="oc-153"/>
      </symbol>
      <symbol id="sm-1090">
         <name>InternalUSBStartOfFrameTick</name>
         <value>0xaccb</value>
         <object_component_ref idref="oc-12e"/>
      </symbol>
      <symbol id="sm-1091">
         <name>InternalUSBRegisterTickHandler</name>
         <value>0xac7b</value>
         <object_component_ref idref="oc-12e"/>
      </symbol>
      <symbol id="sm-1092">
         <name>InternalUSBTickInit</name>
         <value>0xac35</value>
         <object_component_ref idref="oc-12e"/>
      </symbol>
      <symbol id="sm-109f">
         <name>ULPIPowerTransceiver</name>
         <value>0xaf81</value>
         <object_component_ref idref="oc-122"/>
      </symbol>
      <symbol id="sm-10a0">
         <name>ULPIConfigSet</name>
         <value>0xaedf</value>
         <object_component_ref idref="oc-122"/>
      </symbol>
      <symbol id="sm-10c8">
         <name>__aeabi_memset</name>
         <value>0xb0d7</value>
         <object_component_ref idref="oc-c0"/>
      </symbol>
      <symbol id="sm-10c9">
         <name>memset</name>
         <value>0xb0dd</value>
         <object_component_ref idref="oc-c0"/>
      </symbol>
      <symbol id="sm-10ca">
         <name>__aeabi_memset8</name>
         <value>0xb0d7</value>
         <object_component_ref idref="oc-c0"/>
      </symbol>
      <symbol id="sm-10cb">
         <name>__aeabi_memset4</name>
         <value>0xb0d7</value>
         <object_component_ref idref="oc-c0"/>
      </symbol>
      <symbol id="sm-10cc">
         <name>__aeabi_memclr8</name>
         <value>0xb0d5</value>
         <object_component_ref idref="oc-c0"/>
      </symbol>
      <symbol id="sm-10cd">
         <name>__aeabi_memclr4</name>
         <value>0xb0d5</value>
         <object_component_ref idref="oc-c0"/>
      </symbol>
      <symbol id="sm-10ce">
         <name>__aeabi_memclr</name>
         <value>0xb0d5</value>
         <object_component_ref idref="oc-c0"/>
      </symbol>
      <symbol id="sm-10ee">
         <name>memcpy</name>
         <value>0xafa7</value>
         <object_component_ref idref="oc-49"/>
      </symbol>
      <symbol id="sm-10ef">
         <name>__aeabi_memcpy</name>
         <value>0xafa7</value>
         <object_component_ref idref="oc-49"/>
      </symbol>
      <symbol id="sm-10f0">
         <name>__aeabi_memcpy8</name>
         <value>0xafa7</value>
         <object_component_ref idref="oc-49"/>
      </symbol>
      <symbol id="sm-10f1">
         <name>__aeabi_memcpy4</name>
         <value>0xafa7</value>
         <object_component_ref idref="oc-49"/>
      </symbol>
      <symbol id="sm-1104">
         <name>__TI_zero_init</name>
         <value>0xb2ff</value>
         <object_component_ref idref="oc-5b"/>
      </symbol>
      <symbol id="sm-111b">
         <name>__TI_decompress_none</name>
         <value>0xb2f1</value>
         <object_component_ref idref="oc-18"/>
      </symbol>
      <symbol id="sm-113e">
         <name>__TI_decompress_lzss</name>
         <value>0xb14f</value>
         <object_component_ref idref="oc-12"/>
      </symbol>
      <symbol id="sm-1152">
         <name>__stack</name>
         <value>0x200030f0</value>
         <object_component_ref idref="oc-21"/>
      </symbol>
      <symbol id="sm-1153">
         <name>_c_int00_noargs</name>
         <value>0xb299</value>
         <object_component_ref idref="oc-67"/>
      </symbol>
      <symbol id="sm-117d">
         <name>__TI_auto_init_nobinit_nopinit</name>
         <value>0xb215</value>
         <object_component_ref idref="oc-193"/>
      </symbol>
      <symbol id="sm-1187">
         <name>_system_pre_init</name>
         <value>0xb317</value>
         <object_component_ref idref="oc-c6"/>
      </symbol>
      <symbol id="sm-1193">
         <name>C$$EXIT</name>
         <value>0xb31b</value>
         <object_component_ref idref="oc-187"/>
      </symbol>
      <symbol id="sm-1194">
         <name>abort</name>
         <value>0xb31b</value>
         <object_component_ref idref="oc-187"/>
      </symbol>
      <symbol id="sm-1197">
         <name>__TI_static_base__</name>
         <value>0x0</value>
      </symbol>
      <symbol id="sm-119a">
         <name>__mpu_init</name>
         <value>0x0</value>
      </symbol>
      <symbol id="sm-119b">
         <name>_system_post_cinit</name>
         <value>0x0</value>
      </symbol>
   </symbol_table>
   <title>Link successful</title>
</link_info>
