******************************************************************************
                  TI ARM Linker PC v18.12.2                    
******************************************************************************
>> Linked Mon Sep  2 05:53:17 2019

OUTPUT FILE NAME:   <Electrical_Control_Template_RTOS.out>
ENTRY POINT SYMBOL: "_c_int00_noargs"  address: 00001409


MEMORY CONFIGURATION

         name            origin    length      used     unused   attr    fill
----------------------  --------  ---------  --------  --------  ----  --------
  FLASH                 00000000   00040000  000014b6  0003eb4a  R  X
  SRAM                  20000000   00008000  0000235c  00005ca4  RW X


SEGMENT ALLOCATION MAP

run origin  load origin   length   init length attrs members
----------  ----------- ---------- ----------- ----- -------
00000000    00000000    000014b8   000014b8    r-x
  00000000    00000000    0000026c   0000026c    r-- .intvecs
  0000026c    0000026c    0000120e   0000120e    r-x .text
  0000147c    0000147c    00000004   00000004    r-- .const
  00001480    00001480    00000038   00000038    r-- .cinit
20000000    20000000    00002360   00000000    rw-
  20000000    20000000    00002154   00000000    rw- .data
  20002158    20002158    00000200   00000000    rw- .stack
  20002358    20002358    00000008   00000000    rw- .bss


SECTION ALLOCATION MAP

 output                                  attributes/
section   page    origin      length       input sections
--------  ----  ----------  ----------   ----------------
.intvecs   0    00000000    0000026c     
                  00000000    0000026c     tm4c123gh6pm_startup_ccs.obj (.intvecs)

.text      0    0000026c    0000120e     
                  0000026c    00000c30     tasks.obj (.text)
                  00000e9c    00000108     heap_2.obj (.text)
                  00000fa4    000000e4     port.obj (.text)
                  00001088    000000da     portasm.obj (.text)
                  00001162    00000002     --HOLE-- [fill = 0]
                  00001164    000000c8     main.obj (.text)
                  0000122c    0000009c     rtsv7M4_T_le_v4SPD16_eabi.lib : memcpy_t2.asm.obj (.text)
                  000012c8    00000092     list.obj (.text)
                  0000135a    00000068     rtsv7M4_T_le_v4SPD16_eabi.lib : copy_decompress_lzss.c.obj (.text:decompress:lzss:__TI_decompress_lzss)
                  000013c2    00000002     --HOLE-- [fill = 0]
                  000013c4    00000044                                   : autoinit.c.obj (.text:__TI_auto_init_nobinit_nopinit:__TI_auto_init_nobinit_nopinit)
                  00001408    00000034                                   : boot_cortex_m.c.obj (.text:_c_int00_noargs:_c_int00_noargs)
                  0000143c    0000001c                                   : copy_zero_init.c.obj (.text:decompress:ZI:__TI_zero_init_nomemset:__TI_zero_init_nomemset)
                  00001458    0000000e                                   : copy_decompress_none.c.obj (.text:decompress:none:__TI_decompress_none)
                  00001466    0000000c     tm4c123gh6pm_startup_ccs.obj (.text)
                  00001472    00000004     rtsv7M4_T_le_v4SPD16_eabi.lib : pre_init.c.obj (.text:_system_pre_init)
                  00001476    00000004                                   : exit.c.obj (.text:abort:abort)

.const     0    0000147c    00000004     
                  0000147c    00000004     port.obj (.const)

.cinit     0    00001480    00000038     
                  00001480    0000000e     (.cinit..data.load) [load image, compression = lzss]
                  0000148e    00000002     --HOLE-- [fill = 0]
                  00001490    0000000c     (__TI_handler_table)
                  0000149c    00000004     --HOLE-- [fill = 0]
                  000014a0    00000008     (.cinit..bss.load) [load image, compression = zero_init]
                  000014a8    00000010     (__TI_cinit_table)

.init_array 
*          0    00000000    00000000     UNINITIALIZED

.data      0    20000000    00002154     UNINITIALIZED
                  20000000    00002018     heap_2.obj (.data:$O1$$)
                  20002018    0000010c     tasks.obj (.data:$O1$$)
                  20002124    0000002c     tasks.obj (.data)
                  20002150    00000004     port.obj (.data)

.bss       0    20002358    00000008     UNINITIALIZED
                  20002358    00000008     tasks.obj (.bss)

.stack     0    20002158    00000200     UNINITIALIZED
                  20002158    00000004     rtsv7M4_T_le_v4SPD16_eabi.lib : boot_cortex_m.c.obj (.stack)
                  2000215c    000001fc     --HOLE--

MODULE SUMMARY

       Module                         code   ro data   rw data
       ------                         ----   -------   -------
    .\
       tm4c123gh6pm_startup_ccs.obj   12     620       0      
       main.obj                       200    0         0      
    +--+------------------------------+------+---------+---------+
       Total:                         212    620       0      
                                                              
    .\FreeRTOS\
       tasks.obj                      3120   0         320    
       list.obj                       146    0         0      
    +--+------------------------------+------+---------+---------+
       Total:                         3266   0         320    
                                                              
    .\FreeRTOS\portable\CCS\ARM_CM4F\
       port.obj                       228    4         4      
       portasm.obj                    218    0         0      
    +--+------------------------------+------+---------+---------+
       Total:                         446    4         4      
                                                              
    .\FreeRTOS\portable\MemMang\
       heap_2.obj                     264    0         8216   
    +--+------------------------------+------+---------+---------+
       Total:                         264    0         8216   
                                                              
    E:\ti\ccs910\ccs\tools\compiler\ti-cgt-arm_18.12.2.LTS\lib\rtsv7M4_T_le_v4SPD16_eabi.lib
       memcpy_t2.asm.obj              156    0         0      
       copy_decompress_lzss.c.obj     104    0         0      
       autoinit.c.obj                 68     0         0      
       boot_cortex_m.c.obj            52     0         0      
       copy_zero_init.c.obj           28     0         0      
       copy_decompress_none.c.obj     14     0         0      
       exit.c.obj                     4      0         0      
       pre_init.c.obj                 4      0         0      
    +--+------------------------------+------+---------+---------+
       Total:                         430    0         0      
                                                              
       Stack:                         0      0         512    
       Linker Generated:              0      50        0      
    +--+------------------------------+------+---------+---------+
       Grand Total:                   4618   674       9052   


LINKER GENERATED COPY TABLES

__TI_cinit_table @ 000014a8 records: 2, size/record: 8, table size: 16
	.data: load addr=00001480, load size=0000000e bytes, run addr=20000000, run size=00002154 bytes, compression=lzss
	.bss: load addr=000014a0, load size=00000008 bytes, run addr=20002358, run size=00000008 bytes, compression=zero_init


LINKER GENERATED HANDLER TABLE

__TI_handler_table @ 00001490 records: 3, size/record: 4, table size: 12
	index: 0, handler: __TI_decompress_lzss
	index: 1, handler: __TI_decompress_none
	index: 2, handler: __TI_zero_init


GLOBAL SYMBOLS: SORTED ALPHABETICALLY BY Name 

address   name                             
-------   ----                             
00001165  BlinkMyLED                       
00001477  C$$EXIT                          
00001467  ResetISR                         
20002358  __STACK_END                      
00000200  __STACK_SIZE                     
20002358  __STACK_TOP                      
000014a8  __TI_CINIT_Base                  
000014b8  __TI_CINIT_Limit                 
00001490  __TI_Handler_Table_Base          
0000149c  __TI_Handler_Table_Limit         
000013c5  __TI_auto_init_nobinit_nopinit   
0000135b  __TI_decompress_lzss             
00001459  __TI_decompress_none             
ffffffff  __TI_pprof_out_hndl              
ffffffff  __TI_prof_data_size              
ffffffff  __TI_prof_data_start             
00000000  __TI_static_base__               
0000143d  __TI_zero_init_nomemset          
0000122d  __aeabi_memcpy                   
0000122d  __aeabi_memcpy4                  
0000122d  __aeabi_memcpy8                  
ffffffff  __binit__                        
ffffffff  __c_args__                       
UNDEFED   __mpu_init                       
20002158  __stack                          
00001409  _c_int00_noargs                  
UNDEFED   _system_post_cinit               
00001473  _system_pre_init                 
00001477  abort                            
ffffffff  binit                            
00000000  g_pfnVectors                     
0000118f  main                             
0000122d  memcpy                           
00000e77  pcTaskGetName                    
00000ee3  pvPortMalloc                     
20002124  pxCurrentTCB                     
00001043  pxPortInitialiseStack            
0000147c  ulMaxSyscallInterruptPriority    
00001099  ulPortGetIPSR                    
00000dc1  ulTaskNotifyTake                 
00001335  uxListRemove                     
00000da3  uxTaskGetNumberOfTasks           
00000d8f  uxTaskResetEventItemValue        
0000131f  vListInitialise                  
00001319  vListInitialiseItem              
000012e1  vListInsert                      
000012c9  vListInsertEnd                   
00001155  vPortEnableVFP                   
00001041  vPortEndScheduler                
00001029  vPortEnterCritical               
00001017  vPortExitCritical                
00000ea5  vPortFree                        
00000ea3  vPortInitialiseBlocks            
00001111  vPortSVCHandler                  
00000fcb  vPortSetupTimerInterrupt         
00001131  vPortStartFirstTask              
00000d65  vTaskDelay                       
00000cbd  vTaskDelete                      
00000c8d  vTaskEndScheduler                
00000943  vTaskInternalSetTimeOutState     
00000c85  vTaskMissedYield                 
00000c05  vTaskNotifyGiveFromISR           
00000be9  vTaskPlaceOnEventList            
00000bc9  vTaskPlaceOnUnorderedEventList   
00000b81  vTaskRemoveFromUnorderedEventList
00000b1d  vTaskResume                      
00000afb  vTaskSetTimeOutState             
00000ab1  vTaskStartScheduler              
00000a09  vTaskSuspend                     
000009ef  vTaskSuspendAll                  
000009a7  vTaskSwitchContext               
00000e9d  xPortGetFreeHeapSize             
000010b1  xPortPendSVHandler               
00000fdf  xPortStartScheduler              
00000fa5  xPortSysTickHandler              
00000955  xTaskCheckForTimeOut             
00000885  xTaskCreate                      
0000070d  xTaskGenericNotify               
0000065d  xTaskGenericNotifyFromISR        
0000063f  xTaskGetTickCount                
00000639  xTaskGetTickCountFromISR         
0000031d  xTaskIncrementTick               
0000060d  xTaskNotifyStateClear            
0000057d  xTaskNotifyWait                  
000004a9  xTaskRemoveFromEventList         
000003ef  xTaskResumeAll                   
0000028d  xTaskResumeFromISR               


GLOBAL SYMBOLS: SORTED BY Symbol Address 

address   name                             
-------   ----                             
00000000  __TI_static_base__               
00000000  g_pfnVectors                     
00000200  __STACK_SIZE                     
0000028d  xTaskResumeFromISR               
0000031d  xTaskIncrementTick               
000003ef  xTaskResumeAll                   
000004a9  xTaskRemoveFromEventList         
0000057d  xTaskNotifyWait                  
0000060d  xTaskNotifyStateClear            
00000639  xTaskGetTickCountFromISR         
0000063f  xTaskGetTickCount                
0000065d  xTaskGenericNotifyFromISR        
0000070d  xTaskGenericNotify               
00000885  xTaskCreate                      
00000943  vTaskInternalSetTimeOutState     
00000955  xTaskCheckForTimeOut             
000009a7  vTaskSwitchContext               
000009ef  vTaskSuspendAll                  
00000a09  vTaskSuspend                     
00000ab1  vTaskStartScheduler              
00000afb  vTaskSetTimeOutState             
00000b1d  vTaskResume                      
00000b81  vTaskRemoveFromUnorderedEventList
00000bc9  vTaskPlaceOnUnorderedEventList   
00000be9  vTaskPlaceOnEventList            
00000c05  vTaskNotifyGiveFromISR           
00000c85  vTaskMissedYield                 
00000c8d  vTaskEndScheduler                
00000cbd  vTaskDelete                      
00000d65  vTaskDelay                       
00000d8f  uxTaskResetEventItemValue        
00000da3  uxTaskGetNumberOfTasks           
00000dc1  ulTaskNotifyTake                 
00000e77  pcTaskGetName                    
00000e9d  xPortGetFreeHeapSize             
00000ea3  vPortInitialiseBlocks            
00000ea5  vPortFree                        
00000ee3  pvPortMalloc                     
00000fa5  xPortSysTickHandler              
00000fcb  vPortSetupTimerInterrupt         
00000fdf  xPortStartScheduler              
00001017  vPortExitCritical                
00001029  vPortEnterCritical               
00001041  vPortEndScheduler                
00001043  pxPortInitialiseStack            
00001099  ulPortGetIPSR                    
000010b1  xPortPendSVHandler               
00001111  vPortSVCHandler                  
00001131  vPortStartFirstTask              
00001155  vPortEnableVFP                   
00001165  BlinkMyLED                       
0000118f  main                             
0000122d  __aeabi_memcpy                   
0000122d  __aeabi_memcpy4                  
0000122d  __aeabi_memcpy8                  
0000122d  memcpy                           
000012c9  vListInsertEnd                   
000012e1  vListInsert                      
00001319  vListInitialiseItem              
0000131f  vListInitialise                  
00001335  uxListRemove                     
0000135b  __TI_decompress_lzss             
000013c5  __TI_auto_init_nobinit_nopinit   
00001409  _c_int00_noargs                  
0000143d  __TI_zero_init_nomemset          
00001459  __TI_decompress_none             
00001467  ResetISR                         
00001473  _system_pre_init                 
00001477  C$$EXIT                          
00001477  abort                            
0000147c  ulMaxSyscallInterruptPriority    
00001490  __TI_Handler_Table_Base          
0000149c  __TI_Handler_Table_Limit         
000014a8  __TI_CINIT_Base                  
000014b8  __TI_CINIT_Limit                 
20002124  pxCurrentTCB                     
20002158  __stack                          
20002358  __STACK_END                      
20002358  __STACK_TOP                      
ffffffff  __TI_pprof_out_hndl              
ffffffff  __TI_prof_data_size              
ffffffff  __TI_prof_data_start             
ffffffff  __binit__                        
ffffffff  __c_args__                       
ffffffff  binit                            
UNDEFED   __mpu_init                       
UNDEFED   _system_post_cinit               

[87 symbols]
