******************************************************************************
                  TI ARM Linker PC v18.12.2                    
******************************************************************************
>> Linked Tue Sep  3 16:27:07 2019

OUTPUT FILE NAME:   <Electrical_Control_Template_RTOS.out>
ENTRY POINT SYMBOL: "_c_int00_noargs"  address: 0000b299


MEMORY CONFIGURATION

         name            origin    length      used     unused   attr    fill
----------------------  --------  ---------  --------  --------  ----  --------
  FLASH                 00000000   00040000  0000b702  000348fe  R  X
  SRAM                  20000000   00008000  000032e9  00004d17  RW X


SEGMENT ALLOCATION MAP

run origin  load origin   length   init length attrs members
----------  ----------- ---------- ----------- ----- -------
00000000    00000000    0000b708   0000b708    r-x
  00000000    00000000    0000026c   0000026c    r-- .intvecs
  0000026c    0000026c    0000b0b2   0000b0b2    r-x .text
  0000b320    0000b320    000002fc   000002fc    r-- .const
  0000b620    0000b620    000000e8   000000e8    r-- .cinit
20000000    20000000    000032f0   00000000    rw-
  20000000    20000000    0000026c   00000000    rw- .vtable
  2000026c    2000026c    000022e8   00000000    rw- .data
  20002554    20002554    00000b95   00000000    rw- .bss
  200030f0    200030f0    00000200   00000000    rw- .stack


SECTION ALLOCATION MAP

 output                                  attributes/
section   page    origin      length       input sections
--------  ----  ----------  ----------   ----------------
.intvecs   0    00000000    0000026c     
                  00000000    0000026c     tm4c123gh6pm_startup_ccs.obj (.intvecs)

.text      0    0000026c    0000b0b2     
                  0000026c    00002d24     usbhostenum.obj (.text)
                  00002f90    000015b6     usb.obj (.text)
                  00004546    00000002     --HOLE-- [fill = 0]
                  00004548    000012f0     usbdenum.obj (.text)
                  00005838    00000f10     usbdma.obj (.text)
                  00006748    00000e04     usbdcdc.obj (.text)
                  0000754c    00000c30     tasks.obj (.text)
                  0000817c    00000920     usbhhub.obj (.text)
                  00008a9c    000006dc     queue.obj (.text)
                  00009178    000004f0     usbmode.obj (.text)
                  00009668    00000498     usbbuffer.obj (.text)
                  00009b00    000003c0     interrupt.obj (.text)
                  00009ec0    00000388     usbdconfig.obj (.text)
                  0000a248    000002f0     usbringbuf.obj (.text)
                  0000a538    000002de     usbdcdesc.obj (.text)
                  0000a816    000001d2     usbdesc.obj (.text)
                  0000a9e8    00000144     USB_tasks.obj (.text)
                  0000ab2c    00000108     heap_2.obj (.text)
                  0000ac34    000000ec     usbtick.obj (.text)
                  0000ad20    000000e4     port.obj (.text)
                  0000ae04    000000da     portasm.obj (.text)
                  0000aede    000000c8     usbulpi.obj (.text)
                  0000afa6    0000009c     rtsv7M4_T_le_v4SPD16_eabi.lib : memcpy_t2.asm.obj (.text)
                  0000b042    00000092     list.obj (.text)
                  0000b0d4    0000007a     rtsv7M4_T_le_v4SPD16_eabi.lib : memset_t2.asm.obj (.text)
                  0000b14e    00000068                                   : copy_decompress_lzss.c.obj (.text:decompress:lzss:__TI_decompress_lzss)
                  0000b1b6    00000002     --HOLE-- [fill = 0]
                  0000b1b8    0000005c     main.obj (.text)
                  0000b214    00000044     rtsv7M4_T_le_v4SPD16_eabi.lib : autoinit.c.obj (.text:__TI_auto_init_nobinit_nopinit:__TI_auto_init_nobinit_nopinit)
                  0000b258    0000003e     cpu.obj (.text)
                  0000b296    00000002     --HOLE-- [fill = 0]
                  0000b298    00000034     rtsv7M4_T_le_v4SPD16_eabi.lib : boot_cortex_m.c.obj (.text:_c_int00_noargs:_c_int00_noargs)
                  0000b2cc    00000024     usbdhandler.obj (.text)
                  0000b2f0    0000000e     rtsv7M4_T_le_v4SPD16_eabi.lib : copy_decompress_none.c.obj (.text:decompress:none:__TI_decompress_none)
                  0000b2fe    0000000c                                   : copy_zero_init.c.obj (.text:decompress:ZI:__TI_zero_init)
                  0000b30a    0000000c     tm4c123gh6pm_startup_ccs.obj (.text)
                  0000b316    00000004     rtsv7M4_T_le_v4SPD16_eabi.lib : pre_init.c.obj (.text:_system_pre_init)
                  0000b31a    00000004                                   : exit.c.obj (.text:abort:abort)

.const     0    0000b320    000002fc     
                  0000b320    0000009c     interrupt.obj (.const:g_pui32Regs)
                  0000b3bc    00000036     usb_serial_structs.obj (.const:.string:g_pui8ConfigString)
                  0000b3f2    00000002     --HOLE-- [fill = 0]
                  0000b3f4    00000034     usbdenum.obj (.const:g_psUSBDStdRequests)
                  0000b428    00000030     usbdcdc.obj (.const:g_sCDCHandlers)
                  0000b458    0000002c     usb_serial_structs.obj (.const:.string:g_pui8ControlInterfaceString)
                  0000b484    00000024     usb_serial_structs.obj (.const:.string:g_pui8ManufacturerString)
                  0000b4a8    00000023     usbdcdc.obj (.const:.string:g_pui8CDCSerCommInterface)
                  0000b4cb    00000022     usb_serial_structs.obj (.const:.string:g_pui8ProductString)
                  0000b4ed    00000003     --HOLE-- [fill = 0]
                  0000b4f0    00000020     interrupt.obj (.const:g_pui32Priority)
                  0000b510    00000018     usb_serial_structs.obj (.const:g_ppui8StringDescriptors)
                  0000b528    00000017     usbdcdc.obj (.const:.string:g_pui8CDCSerDataInterface)
                  0000b53f    00000017     usbdcdc.obj (.const:.string:g_pui8CDCSerDataInterfaceHS)
                  0000b556    00000002     --HOLE-- [fill = 0]
                  0000b558    00000014     interrupt.obj (.const:g_pui32Dii16Regs)
                  0000b56c    00000014     interrupt.obj (.const:g_pui32EnRegs)
                  0000b580    00000014     interrupt.obj (.const:g_pui32PendRegs)
                  0000b594    00000014     interrupt.obj (.const:g_pui32UnpendRegs)
                  0000b5a8    00000012     usb_serial_structs.obj (.const:.string:g_pui8SerialNumberString)
                  0000b5ba    00000002     --HOLE-- [fill = 0]
                  0000b5bc    00000008     usbdcdc.obj (.const:g_sCDCCompSerConfigHeader)
                  0000b5c4    00000008     usbdcdc.obj (.const:g_sCDCCompSerConfigHeaderHS)
                  0000b5cc    00000008     usbdcdc.obj (.const:g_sCDCSerCommInterfaceSection)
                  0000b5d4    00000008     usbdcdc.obj (.const:g_sCDCSerConfigHeader)
                  0000b5dc    00000008     usbdcdc.obj (.const:g_sCDCSerConfigHeaderHS)
                  0000b5e4    00000008     usbdcdc.obj (.const:g_sCDCSerConfigSection)
                  0000b5ec    00000008     usbdcdc.obj (.const:g_sCDCSerDataInterfaceSection)
                  0000b5f4    00000008     usbdcdc.obj (.const:g_sCDCSerDataInterfaceSectionHS)
                  0000b5fc    00000008     usbdcdc.obj (.const:g_sIADSerConfigSection)
                  0000b604    00000004     usb_serial_structs.obj (.const:.string:g_pui8LangDescriptor)
                  0000b608    00000004     usbdcdc.obj (.const:g_pCDCCompSerConfigDescriptors)
                  0000b60c    00000004     usbdcdc.obj (.const:g_pCDCCompSerConfigDescriptorsHS)
                  0000b610    00000004     usbdcdc.obj (.const:g_ppCDCSerConfigDescriptors)
                  0000b614    00000004     usbdcdc.obj (.const:g_ppCDCSerConfigDescriptorsHS)
                  0000b618    00000004     port.obj (.const)

.cinit     0    0000b620    000000e8     
                  0000b620    000000b0     (.cinit..data.load) [load image, compression = lzss]
                  0000b6d0    0000000c     (__TI_handler_table)
                  0000b6dc    00000004     --HOLE-- [fill = 0]
                  0000b6e0    00000008     (.cinit..bss.load) [load image, compression = zero_init]
                  0000b6e8    00000008     (.cinit..vtable.load) [load image, compression = zero_init]
                  0000b6f0    00000018     (__TI_cinit_table)

.init_array 
*          0    00000000    00000000     UNINITIALIZED

.vtable    0    20000000    0000026c     UNINITIALIZED
                  20000000    0000026c     interrupt.obj (.vtable)

.data      0    2000026c    000022e8     UNINITIALIZED
                  2000026c    00002018     heap_2.obj (.data:$O1$$)
                  20002284    0000010c     tasks.obj (.data:$O1$$)
                  20002390    00000060     usb_serial_structs.obj (.data:g_sCDCDevice)
                  200023f0    00000038     usb_serial_structs.obj (.data:g_sRxBuffer)
                  20002428    00000038     usb_serial_structs.obj (.data:g_sTxBuffer)
                  20002460    0000002c     tasks.obj (.data)
                  2000248c    00000018     usbhostenum.obj (.data:g_sUSBHEP0State)
                  200024a4    00000014     USB_tasks.obj (.data:$O1$$)
                  200024b8    00000014     usbhostenum.obj (.data)
                  200024cc    00000012     usbdcdc.obj (.data:g_pui8CDCSerDeviceDescriptor)
                  200024de    00000002     usbdcdc.obj (.data)
                  200024e0    00000010     usbdcdc.obj (.data:g_psCDCCompSerSections)
                  200024f0    00000010     usbdcdc.obj (.data:g_psCDCCompSerSectionsHS)
                  20002500    0000000c     usbdcdc.obj (.data:g_psCDCSerSections)
                  2000250c    0000000c     usbdcdc.obj (.data:g_psCDCSerSectionsHS)
                  20002518    0000000c     usbtick.obj (.data)
                  20002524    00000009     usbdcdc.obj (.data:g_pui8CDCSerDescriptor)
                  2000252d    00000003     --HOLE--
                  20002530    00000009     usbmode.obj (.data)
                  20002539    00000008     usbdcdc.obj (.data:g_pui8IADSerDescriptor)
                  20002541    00000003     --HOLE--
                  20002544    00000008     usbdenum.obj (.data)
                  2000254c    00000004     main.obj (.data:$O1$$)
                  20002550    00000004     port.obj (.data)

.bss       0    20002554    00000b95     UNINITIALIZED
                  20002554    000006cc     usbhostenum.obj (.bss:g_sUSBHCD)
                  20002c20    00000110     usbdma.obj (.bss:g_psUSBDMAInst)
                  20002d30    00000100     (.common:g_pui8USBRxBuffer)
                  20002e30    00000100     (.common:g_pui8USBTxBuffer)
                  20002f30    0000009c     usbhhub.obj (.bss:g_sRootHub)
                  20002fcc    00000050     (.common:g_psDCDInst)
                  2000301c    00000040     usbdenum.obj (.bss:g_pui8DataBufferIn)
                  2000305c    00000018     usbhostenum.obj (.bss:g_pi32USBHActiveDriver)
                  20003074    00000018     usbhostenum.obj (.bss:g_ppvDriverInstance)
                  2000308c    00000018     (.common:g_pfnTickHandlers)
                  200030a4    00000018     (.common:g_pvTickInstance)
                  200030bc    00000008     usbhostenum.obj (.bss:g_pui32Alloc)
                  200030c4    00000008     tasks.obj (.bss)
                  200030cc    00000008     usbhhub.obj (.bss)
                  200030d4    00000004     usbdenum.obj (.bss)
                  200030d8    00000004     usbhostenum.obj (.bss)
                  200030dc    00000004     usbmode.obj (.bss)
                  200030e0    00000004     (.common:g_ppsDevInfo)
                  200030e4    00000004     (.common:g_ui32PollRate)
                  200030e8    00000001     (.common:g_eOTGModeState)

.stack     0    200030f0    00000200     UNINITIALIZED
                  200030f0    00000004     rtsv7M4_T_le_v4SPD16_eabi.lib : boot_cortex_m.c.obj (.stack)
                  200030f4    000001fc     --HOLE--

MODULE SUMMARY

       Module                         code    ro data   rw data
       ------                         ----    -------   -------
    .\
       usb_serial_structs.obj         0       214       720    
       tm4c123gh6pm_startup_ccs.obj   12      620       0      
       USB_tasks.obj                  324     0         20     
       main.obj                       92      0         4      
    +--+------------------------------+-------+---------+---------+
       Total:                         428     834       744    
                                                               
    .\FreeRTOS\
       tasks.obj                      3120    0         320    
       queue.obj                      1756    0         0      
       list.obj                       146     0         0      
    +--+------------------------------+-------+---------+---------+
       Total:                         5022    0         320    
                                                               
    .\FreeRTOS\portable\CCS\ARM_CM4F\
       port.obj                       228     4         4      
       portasm.obj                    218     0         0      
    +--+------------------------------+-------+---------+---------+
       Total:                         446     4         4      
                                                               
    .\FreeRTOS\portable\MemMang\
       heap_2.obj                     264     0         8216   
    +--+------------------------------+-------+---------+---------+
       Total:                         264     0         8216   
                                                               
    .\TivaWARE\driverlib\
       usb.obj                        5558    0         0      
       interrupt.obj                  960     268       620    
       cpu.obj                        62      0         0      
    +--+------------------------------+-------+---------+---------+
       Total:                         6580    268       620    
                                                               
    .\TivaWARE\usblib\
       usbdma.obj                     3856    0         272    
       usbmode.obj                    1264    0         18     
       usbbuffer.obj                  1176    0         0      
       usbringbuf.obj                 752     0         0      
       usbdesc.obj                    466     0         0      
       usbtick.obj                    236     0         60     
       usbulpi.obj                    200     0         0      
    +--+------------------------------+-------+---------+---------+
       Total:                         7950    0         350    
                                                               
    .\TivaWARE\usblib\device\
       usbdenum.obj                   4848    52        160    
       usbdcdc.obj                    3588    217       93     
       usbdconfig.obj                 904     0         0      
       usbdcdesc.obj                  734     0         0      
       usbdhandler.obj                36      0         0      
    +--+------------------------------+-------+---------+---------+
       Total:                         10110   269       253    
                                                               
    .\TivaWARE\usblib\host\
       usbhostenum.obj                11556   0         1844   
       usbhhub.obj                    2336    0         164    
    +--+------------------------------+-------+---------+---------+
       Total:                         13892   0         2008   
                                                               
    E:\ti\ccs910\ccs\tools\compiler\ti-cgt-arm_18.12.2.LTS\lib\rtsv7M4_T_le_v4SPD16_eabi.lib
       memcpy_t2.asm.obj              156     0         0      
       memset_t2.asm.obj              122     0         0      
       copy_decompress_lzss.c.obj     104     0         0      
       autoinit.c.obj                 68      0         0      
       boot_cortex_m.c.obj            52      0         0      
       copy_decompress_none.c.obj     14      0         0      
       copy_zero_init.c.obj           12      0         0      
       exit.c.obj                     4       0         0      
       pre_init.c.obj                 4       0         0      
    +--+------------------------------+-------+---------+---------+
       Total:                         536     0         0      
                                                               
       Stack:                         0       0         512    
       Linker Generated:              0       228       0      
    +--+------------------------------+-------+---------+---------+
       Grand Total:                   45228   1603      13027  


LINKER GENERATED COPY TABLES

__TI_cinit_table @ 0000b6f0 records: 3, size/record: 8, table size: 24
	.data: load addr=0000b620, load size=000000b0 bytes, run addr=2000026c, run size=000022e8 bytes, compression=lzss
	.bss: load addr=0000b6e0, load size=00000008 bytes, run addr=20002554, run size=00000b95 bytes, compression=zero_init
	.vtable: load addr=0000b6e8, load size=00000008 bytes, run addr=20000000, run size=0000026c bytes, compression=zero_init


LINKER GENERATED HANDLER TABLE

__TI_handler_table @ 0000b6d0 records: 3, size/record: 4, table size: 12
	index: 0, handler: __TI_zero_init
	index: 1, handler: __TI_decompress_lzss
	index: 2, handler: __TI_decompress_none


GLOBAL SYMBOLS: SORTED ALPHABETICALLY BY Name 

address   name                                 
-------   ----                                 
0000b31b  C$$EXIT                              
0000b28d  CPUbasepriGet                        
0000b27f  CPUbasepriSet                        
0000b259  CPUcpsid                             
0000b26f  CPUcpsie                             
0000b265  CPUprimask                           
0000b27b  CPUwfi                               
0000026d  ConfigDescAlloc                      
00000301  ConfigDescFree                       
0000aafd  ControlHandler                       
00009cc1  IntDisable                           
00009c4f  IntEnable                            
00009d33  IntIsEnabled                         
00009b13  IntMasterDisable                     
00009b03  IntMasterEnable                      
00009e29  IntPendClear                         
00009db9  IntPendSet                           
00009c2b  IntPriorityGet                       
00009ba3  IntPriorityGroupingGet               
00009b89  IntPriorityGroupingSet               
00009e83  IntPriorityMaskGet                   
00009e77  IntPriorityMaskSet                   
00009bdb  IntPrioritySet                       
00009b23  IntRegister                          
00009e8b  IntTrigger                           
00009b75  IntUnregister                        
00002375  InternalUSBHCDSendEvent              
0000ac7b  InternalUSBRegisterTickHandler       
0000accb  InternalUSBStartOfFrameTick          
0000ac35  InternalUSBTickInit                  
0000ac73  InternalUSBTickReset                 
0000954b  OTGDeviceDisconnect                  
00006983  ProcessDataFromHost                  
00006a8b  ProcessDataToHost                    
00006a2b  ProcessNotificationToHost            
0000b30b  ResetISR                             
0000aae7  RxHandler                            
200024b0  Sem_USBReceive                       
200024b4  Sem_USBTransmit                      
0000aad1  TxHandler                            
0000aedf  ULPIConfigSet                        
0000af81  ULPIPowerTransceiver                 
0000b2cd  USB0DeviceIntHandler                 
00009231  USB0DualModeIntHandler               
00002281  USB0HostIntHandler                   
00009465  USB0OTGModeIntHandler                
000099b7  USBBufferCallbackDataSet             
00009a65  USBBufferDataAvailable               
0000999d  USBBufferDataRemoved                 
0000997d  USBBufferDataWritten                 
00009a89  USBBufferEventCallback               
00009a15  USBBufferFlush                       
00009951  USBBufferInfoGet                     
00009903  USBBufferInit                        
00009a27  USBBufferRead                        
00009a77  USBBufferSpaceAvailable              
000099d1  USBBufferWrite                       
00009921  USBBufferZeroLengthPacketInsert      
00004183  USBClockDisable                      
00004167  USBClockEnable                       
00004153  USBControllerVersion                 
000070d9  USBDCDCCompositeInit                 
0000720b  USBDCDCInit                          
00007399  USBDCDCPacketRead                    
000072eb  USBDCDCPacketWrite                   
00007525  USBDCDCPowerStatusSet                
00007539  USBDCDCRemoteWakeupRequest           
0000748d  USBDCDCRxPacketAvailable             
000074ed  USBDCDCSerialStateChange             
00007291  USBDCDCSetControlCBData              
000072af  USBDCDCSetRxCBData                   
000072cd  USBDCDCSetTxCBData                   
00007279  USBDCDCTerm                          
00007469  USBDCDCTxPacketAvailable             
0000a691  USBDCDConfigDescGet                  
0000a643  USBDCDConfigDescGetNum               
0000a60b  USBDCDConfigDescGetSize              
0000a773  USBDCDConfigGetInterface             
0000a7a9  USBDCDConfigGetInterfaceEndpoint     
0000a71f  USBDCDConfigGetNumAlternateInterfaces
00004549  USBDCDDeviceInfoInit                 
00004975  USBDCDFeatureGet                     
000048ad  USBDCDFeatureSet                     
00004599  USBDCDInit                           
00004835  USBDCDPowerStatusSet                 
000049a9  USBDCDRemoteWakeLPM                  
000049c9  USBDCDRemoteWakeupRequest            
000047c1  USBDCDRequestDataEP0                 
000047e7  USBDCDSendDataEP0                    
00004809  USBDCDSetDefaultConfiguration        
0000481b  USBDCDStallEP0                       
0000474f  USBDCDTerm                           
000042bb  USBDMAChannelAddressGet              
0000429f  USBDMAChannelAddressSet              
00004225  USBDMAChannelConfigSet               
000042ef  USBDMAChannelCountGet                
000042d3  USBDMAChannelCountSet                
00004205  USBDMAChannelDisable                 
000041e5  USBDMAChannelEnable                  
000041b5  USBDMAChannelIntDisable              
00004195  USBDMAChannelIntEnable               
000041d5  USBDMAChannelIntStatus               
00004255  USBDMAChannelStatus                  
00004275  USBDMAChannelStatusClear             
00004307  USBDMANumChannels                    
0000a873  USBDescGet                           
0000a997  USBDescGetInterface                  
0000a9c5  USBDescGetInterfaceEndpoint          
0000a817  USBDescGetNum                        
0000a8dd  USBDescGetNumAlternateInterfaces     
000035c1  USBDevAddrGet                        
000035ad  USBDevAddrSet                        
00003581  USBDevConnect                        
00003597  USBDevDisconnect                     
000038f7  USBDevEndpointConfigGet              
00003805  USBDevEndpointConfigSet              
00003c81  USBDevEndpointDataAck                
000034ab  USBDevEndpointStall                  
0000350d  USBDevEndpointStallClear             
00003325  USBDevEndpointStatusClear            
00004473  USBDevLPMConfig                      
000044a1  USBDevLPMDisable                     
00004489  USBDevLPMEnable                      
0000445b  USBDevLPMRemoteWake                  
000040bb  USBDevMode                           
000030eb  USBDevSpeedGet                       
00009f87  USBDeviceConfig                      
0000a17d  USBDeviceConfigAlternate             
00004af1  USBDeviceEnumHandler                 
00004c31  USBDeviceEnumResetHandler            
00005659  USBDeviceIntHandlerInternal          
00004a01  USBDeviceResumeTickHandler           
0000927d  USBDualModeInit                      
000092eb  USBDualModeTerm                      
0000406d  USBEndpointDMAChannel                
00003ab3  USBEndpointDMAConfigSet              
00003b85  USBEndpointDMADisable                
00003b4b  USBEndpointDMAEnable                 
00003bbf  USBEndpointDataAvail                 
00003bf7  USBEndpointDataGet                   
00003cf1  USBEndpointDataPut                   
00003d55  USBEndpointDataSend                  
00003445  USBEndpointDataToggleClear           
0000411f  USBEndpointPacketCountSet            
000032b1  USBEndpointStatus                    
00004043  USBFIFOAddrGet                       
00003a4d  USBFIFOConfigGet                     
000039e7  USBFIFOConfigSet                     
00003dad  USBFIFOFlush                         
00004007  USBFrameNumberGet                    
000028a5  USBHCDControlTransfer                
00002cd7  USBHCDDevAddress                     
00002d11  USBHCDDevClass                       
00002cb3  USBHCDDevHubPort                     
00002da5  USBHCDDevProtocol                    
00002d5d  USBHCDDevSubClass                    
00000419  USBHCDEventDisable                   
000003e9  USBHCDEventEnable                    
00002e01  USBHCDFeatureSet                     
000029f9  USBHCDHubDeviceConnected             
00002a91  USBHCDHubDeviceDisconnected          
00001465  USBHCDInit                           
00002f4b  USBHCDLPMResume                      
00002ee7  USBHCDLPMSleep                       
00002ebd  USBHCDLPMStatus                      
000024a1  USBHCDMain                           
00000865  USBHCDPipeAlloc                      
000005f1  USBHCDPipeAllocSize                  
000008b1  USBHCDPipeConfig                     
00000dab  USBHCDPipeDataAck                    
00000fed  USBHCDPipeFree                       
00000ddd  USBHCDPipeRead                       
00000d65  USBHCDPipeReadNonBlocking            
00000c3d  USBHCDPipeSchedule                   
00000a31  USBHCDPipeStatus                     
000005cb  USBHCDPipeTransferSizeGet            
00000a65  USBHCDPipeWrite                      
00001413  USBHCDPowerAutomatic                 
00001383  USBHCDPowerConfigGet                 
00001371  USBHCDPowerConfigInit                
000013a5  USBHCDPowerConfigSet                 
0000157d  USBHCDRegisterDrivers                
00001677  USBHCDReset                          
000016d7  USBHCDResume                         
000018b5  USBHCDSetAddress                     
000019fb  USBHCDSetConfig                      
00001a43  USBHCDSetInterface                   
00001859  USBHCDStringDescriptorGet            
000016c5  USBHCDSuspend                        
000015b5  USBHCDTerm                           
00008a09  USBHHubClose                         
000089ad  USBHHubEnumerationComplete           
000089cf  USBHHubEnumerationError              
00008a1d  USBHHubInit                          
00008a4b  USBHHubLPMSleep                      
00008a59  USBHHubLPMStatus                     
00008781  USBHHubMain                          
000089f1  USBHHubOpen                          
00003059  USBHighSpeed                         
00003ebd  USBHostAddrGet                       
00003e85  USBHostAddrSet                       
00001a8f  USBHostCheckPipes                    
000035d5  USBHostEndpointConfig                
00003cbf  USBHostEndpointDataAck               
000033a9  USBHostEndpointDataToggle            
0000347f  USBHostEndpointPing                  
0000376f  USBHostEndpointSpeed                 
000032dd  USBHostEndpointStatusClear           
00003f4f  USBHostHubAddrGet                    
00003eeb  USBHostHubAddrSet                    
00001b51  USBHostIntHandlerInternal            
0000441f  USBHostLPMConfig                     
00004443  USBHostLPMResume                     
000043d7  USBHostLPMSend                       
000040a9  USBHostMode                          
00003f7d  USBHostPwrConfig                     
00003fef  USBHostPwrDisable                    
00003fd7  USBHostPwrEnable                     
00003fbf  USBHostPwrFaultDisable               
00003fa7  USBHostPwrFaultEnable                
00003e1d  USBHostRequestIN                     
00003e45  USBHostRequestINClear                
00003e73  USBHostRequestStatus                 
0000302b  USBHostReset                         
00003087  USBHostResume                        
000030b5  USBHostSpeedGet                      
00003015  USBHostSuspend                       
00003103  USBIntDisableControl                 
000031c7  USBIntDisableEndpoint                
00003141  USBIntEnableControl                  
000031f5  USBIntEnableEndpoint                 
00003279  USBIntRegister                       
0000317b  USBIntStatusControl                  
00003223  USBIntStatusEndpoint                 
00003297  USBIntUnregister                     
000044cd  USBLPMEndpointGet                    
0000452d  USBLPMIntDisable                     
00004513  USBLPMIntEnable                      
00004503  USBLPMIntStatus                      
000044b9  USBLPMLinkStateGet                   
000044e9  USBLPMRemoteWakeEnabled              
00006545  USBLibDMAAddrGet                     
00006575  USBLibDMAInit                        
0000655d  USBLibDMASizeGet                     
000040df  USBModeConfig                        
00004059  USBModeGet                           
0000413f  USBNumEndpointsGet                   
00009607  USBOTGFeatureSet                     
00009571  USBOTGMain                           
000040cd  USBOTGMode                           
00009355  USBOTGModeInit                       
0000931d  USBOTGModeTerm                       
0000943f  USBOTGPollRate                       
00004015  USBOTGSessionRequest                 
000040f3  USBPHYPowerOff                       
00004109  USBPHYPowerOn                        
0000a42f  USBRingBufAdvanceRead                
0000a45d  USBRingBufAdvanceWrite               
0000a389  USBRingBufContigFree                 
0000a35b  USBRingBufContigUsed                 
0000a2c9  USBRingBufEmpty                      
0000a2f3  USBRingBufFlush                      
0000a345  USBRingBufFree                       
0000a293  USBRingBufFull                       
0000a515  USBRingBufInit                       
0000a3f9  USBRingBufRead                       
0000a3d3  USBRingBufReadOne                    
0000a3c5  USBRingBufSize                       
0000a313  USBRingBufUsed                       
0000a4df  USBRingBufWrite                      
0000a4b9  USBRingBufWriteOne                   
000091f7  USBStackModeSet                      
00004319  USBULPIConfig                        
00004347  USBULPIDisable                       
0000432f  USBULPIEnable                        
0000435f  USBULPIRegRead                       
00004397  USBULPIRegWrite                      
200032f0  __STACK_END                          
00000200  __STACK_SIZE                         
200032f0  __STACK_TOP                          
0000b6f0  __TI_CINIT_Base                      
0000b708  __TI_CINIT_Limit                     
0000b6d0  __TI_Handler_Table_Base              
0000b6dc  __TI_Handler_Table_Limit             
0000b215  __TI_auto_init_nobinit_nopinit       
0000b14f  __TI_decompress_lzss                 
0000b2f1  __TI_decompress_none                 
ffffffff  __TI_pprof_out_hndl                  
ffffffff  __TI_prof_data_size                  
ffffffff  __TI_prof_data_start                 
00000000  __TI_static_base__                   
0000b2ff  __TI_zero_init                       
0000b0d5  __aeabi_memclr                       
0000b0d5  __aeabi_memclr4                      
0000b0d5  __aeabi_memclr8                      
0000afa7  __aeabi_memcpy                       
0000afa7  __aeabi_memcpy4                      
0000afa7  __aeabi_memcpy8                      
0000b0d7  __aeabi_memset                       
0000b0d7  __aeabi_memset4                      
0000b0d7  __aeabi_memset8                      
ffffffff  __binit__                            
ffffffff  __c_args__                           
UNDEFED   __mpu_init                           
200030f0  __stack                              
0000b299  _c_int00_noargs                      
UNDEFED   _system_post_cinit                   
0000b317  _system_pre_init                     
0000b31b  abort                                
ffffffff  binit                                
2000254c  flag                                 
20002518  g_bUSBTimerInitialized               
200030e8  g_eOTGModeState                      
20002530  g_iUSBMode                           
0000b608  g_pCDCCompSerConfigDescriptors       
0000b60c  g_pCDCCompSerConfigDescriptorsHS     
20000000  g_pfnRAMVectors                      
2000308c  g_pfnTickHandlers                    
00000000  g_pfnVectors                         
0000b610  g_ppCDCSerConfigDescriptors          
0000b614  g_ppCDCSerConfigDescriptorsHS        
200030e0  g_ppsDevInfo                         
0000b510  g_ppui8StringDescriptors             
200024e0  g_psCDCCompSerSections               
200024f0  g_psCDCCompSerSectionsHS             
20002500  g_psCDCSerSections                   
2000250c  g_psCDCSerSectionsHS                 
20002fcc  g_psDCDInst                          
0000b4a8  g_pui8CDCSerCommInterface            
0000b528  g_pui8CDCSerDataInterface            
0000b53f  g_pui8CDCSerDataInterfaceHS          
20002524  g_pui8CDCSerDescriptor               
200024cc  g_pui8CDCSerDeviceDescriptor         
0000b3bc  g_pui8ConfigString                   
0000b458  g_pui8ControlInterfaceString         
20002539  g_pui8IADSerDescriptor               
0000b604  g_pui8LangDescriptor                 
0000b484  g_pui8ManufacturerString             
0000b4cb  g_pui8ProductString                  
0000b5a8  g_pui8SerialNumberString             
20002d30  g_pui8USBRxBuffer                    
20002e30  g_pui8USBTxBuffer                    
200030a4  g_pvTickInstance                     
0000b5bc  g_sCDCCompSerConfigHeader            
0000b5c4  g_sCDCCompSerConfigHeaderHS          
20002390  g_sCDCDevice                         
0000b428  g_sCDCHandlers                       
0000b5cc  g_sCDCSerCommInterfaceSection        
0000b5d4  g_sCDCSerConfigHeader                
0000b5dc  g_sCDCSerConfigHeaderHS              
0000b5e4  g_sCDCSerConfigSection               
0000b5ec  g_sCDCSerDataInterfaceSection        
0000b5f4  g_sCDCSerDataInterfaceSectionHS      
0000b5fc  g_sIADSerConfigSection               
200023f0  g_sRxBuffer                          
20002428  g_sTxBuffer                          
2000251c  g_ui32CurrentUSBTick                 
200030e4  g_ui32PollRate                       
20002520  g_ui32USBSOFCount                    
20002534  g_ui32WaitTicks                      
0000b1eb  main                                 
0000afa7  memcpy                               
0000b0dd  memset                               
00008157  pcTaskGetName                        
0000ab73  pvPortMalloc                         
20002460  pxCurrentTCB                         
0000adbf  pxPortInitialiseStack                
2000254d  read_char                            
0000b1c3  rx_app                               
0000b1b9  tx_app                               
0000b618  ulMaxSyscallInterruptPriority        
0000ae15  ulPortGetIPSR                        
000080a1  ulTaskNotifyTake                     
0000b0af  uxListRemove                         
00009161  uxQueueMessagesWaiting               
0000915d  uxQueueMessagesWaitingFromISR        
00009147  uxQueueSpacesAvailable               
00008083  uxTaskGetNumberOfTasks               
0000806f  uxTaskResetEventItemValue            
0000aa35  vInit_USBTasks                       
0000b099  vListInitialise                      
0000b093  vListInitialiseItem                  
0000b05b  vListInsert                          
0000b043  vListInsertEnd                       
0000aed1  vPortEnableVFP                       
0000adbd  vPortEndScheduler                    
0000ada5  vPortEnterCritical                   
0000ad93  vPortExitCritical                    
0000ab35  vPortFree                            
0000ab33  vPortInitialiseBlocks                
0000ae8d  vPortSVCHandler                      
0000ad47  vPortSetupTimerInterrupt             
0000aead  vPortStartFirstTask                  
00009143  vQueueDelete                         
0000a9e9  vTASK_USBReceive                     
0000aa0f  vTASK_USBTransmit                    
00008045  vTaskDelay                           
00007f9d  vTaskDelete                          
00007f6d  vTaskEndScheduler                    
00007c23  vTaskInternalSetTimeOutState         
00007f65  vTaskMissedYield                     
00007ee5  vTaskNotifyGiveFromISR               
00007ec9  vTaskPlaceOnEventList                
00007ea9  vTaskPlaceOnUnorderedEventList       
00007e61  vTaskRemoveFromUnorderedEventList    
00007dfd  vTaskResume                          
00007ddb  vTaskSetTimeOutState                 
00007d91  vTaskStartScheduler                  
00007ce9  vTaskSuspend                         
00007ccf  vTaskSuspendAll                      
00007c87  vTaskSwitchContext                   
0000ab2d  xPortGetFreeHeapSize                 
0000ae2d  xPortPendSVHandler                   
0000ad5b  xPortStartScheduler                  
0000ad21  xPortSysTickHandler                  
00009113  xQueueGenericCreate                  
000090a1  xQueueGenericReset                   
00008fa5  xQueueGenericSend                    
00008f47  xQueueGenericSendFromISR             
00008e9f  xQueueGiveFromISR                    
00008e93  xQueueIsQueueEmptyFromISR            
00008e85  xQueueIsQueueFullFromISR             
00008d97  xQueuePeek                           
00008d65  xQueuePeekFromISR                    
00008c75  xQueueReceive                        
00008c19  xQueueReceiveFromISR                 
00008b15  xQueueSemaphoreTake                  
00007c35  xTaskCheckForTimeOut                 
00007b65  xTaskCreate                          
000079ed  xTaskGenericNotify                   
0000793d  xTaskGenericNotifyFromISR            
0000791f  xTaskGetTickCount                    
00007919  xTaskGetTickCountFromISR             
000075fd  xTaskIncrementTick                   
000078ed  xTaskNotifyStateClear                
0000785d  xTaskNotifyWait                      
00007789  xTaskRemoveFromEventList             
000076cf  xTaskResumeAll                       
0000756d  xTaskResumeFromISR                   


GLOBAL SYMBOLS: SORTED BY Symbol Address 

address   name                                 
-------   ----                                 
00000000  __TI_static_base__                   
00000000  g_pfnVectors                         
00000200  __STACK_SIZE                         
0000026d  ConfigDescAlloc                      
00000301  ConfigDescFree                       
000003e9  USBHCDEventEnable                    
00000419  USBHCDEventDisable                   
000005cb  USBHCDPipeTransferSizeGet            
000005f1  USBHCDPipeAllocSize                  
00000865  USBHCDPipeAlloc                      
000008b1  USBHCDPipeConfig                     
00000a31  USBHCDPipeStatus                     
00000a65  USBHCDPipeWrite                      
00000c3d  USBHCDPipeSchedule                   
00000d65  USBHCDPipeReadNonBlocking            
00000dab  USBHCDPipeDataAck                    
00000ddd  USBHCDPipeRead                       
00000fed  USBHCDPipeFree                       
00001371  USBHCDPowerConfigInit                
00001383  USBHCDPowerConfigGet                 
000013a5  USBHCDPowerConfigSet                 
00001413  USBHCDPowerAutomatic                 
00001465  USBHCDInit                           
0000157d  USBHCDRegisterDrivers                
000015b5  USBHCDTerm                           
00001677  USBHCDReset                          
000016c5  USBHCDSuspend                        
000016d7  USBHCDResume                         
00001859  USBHCDStringDescriptorGet            
000018b5  USBHCDSetAddress                     
000019fb  USBHCDSetConfig                      
00001a43  USBHCDSetInterface                   
00001a8f  USBHostCheckPipes                    
00001b51  USBHostIntHandlerInternal            
00002281  USB0HostIntHandler                   
00002375  InternalUSBHCDSendEvent              
000024a1  USBHCDMain                           
000028a5  USBHCDControlTransfer                
000029f9  USBHCDHubDeviceConnected             
00002a91  USBHCDHubDeviceDisconnected          
00002cb3  USBHCDDevHubPort                     
00002cd7  USBHCDDevAddress                     
00002d11  USBHCDDevClass                       
00002d5d  USBHCDDevSubClass                    
00002da5  USBHCDDevProtocol                    
00002e01  USBHCDFeatureSet                     
00002ebd  USBHCDLPMStatus                      
00002ee7  USBHCDLPMSleep                       
00002f4b  USBHCDLPMResume                      
00003015  USBHostSuspend                       
0000302b  USBHostReset                         
00003059  USBHighSpeed                         
00003087  USBHostResume                        
000030b5  USBHostSpeedGet                      
000030eb  USBDevSpeedGet                       
00003103  USBIntDisableControl                 
00003141  USBIntEnableControl                  
0000317b  USBIntStatusControl                  
000031c7  USBIntDisableEndpoint                
000031f5  USBIntEnableEndpoint                 
00003223  USBIntStatusEndpoint                 
00003279  USBIntRegister                       
00003297  USBIntUnregister                     
000032b1  USBEndpointStatus                    
000032dd  USBHostEndpointStatusClear           
00003325  USBDevEndpointStatusClear            
000033a9  USBHostEndpointDataToggle            
00003445  USBEndpointDataToggleClear           
0000347f  USBHostEndpointPing                  
000034ab  USBDevEndpointStall                  
0000350d  USBDevEndpointStallClear             
00003581  USBDevConnect                        
00003597  USBDevDisconnect                     
000035ad  USBDevAddrSet                        
000035c1  USBDevAddrGet                        
000035d5  USBHostEndpointConfig                
0000376f  USBHostEndpointSpeed                 
00003805  USBDevEndpointConfigSet              
000038f7  USBDevEndpointConfigGet              
000039e7  USBFIFOConfigSet                     
00003a4d  USBFIFOConfigGet                     
00003ab3  USBEndpointDMAConfigSet              
00003b4b  USBEndpointDMAEnable                 
00003b85  USBEndpointDMADisable                
00003bbf  USBEndpointDataAvail                 
00003bf7  USBEndpointDataGet                   
00003c81  USBDevEndpointDataAck                
00003cbf  USBHostEndpointDataAck               
00003cf1  USBEndpointDataPut                   
00003d55  USBEndpointDataSend                  
00003dad  USBFIFOFlush                         
00003e1d  USBHostRequestIN                     
00003e45  USBHostRequestINClear                
00003e73  USBHostRequestStatus                 
00003e85  USBHostAddrSet                       
00003ebd  USBHostAddrGet                       
00003eeb  USBHostHubAddrSet                    
00003f4f  USBHostHubAddrGet                    
00003f7d  USBHostPwrConfig                     
00003fa7  USBHostPwrFaultEnable                
00003fbf  USBHostPwrFaultDisable               
00003fd7  USBHostPwrEnable                     
00003fef  USBHostPwrDisable                    
00004007  USBFrameNumberGet                    
00004015  USBOTGSessionRequest                 
00004043  USBFIFOAddrGet                       
00004059  USBModeGet                           
0000406d  USBEndpointDMAChannel                
000040a9  USBHostMode                          
000040bb  USBDevMode                           
000040cd  USBOTGMode                           
000040df  USBModeConfig                        
000040f3  USBPHYPowerOff                       
00004109  USBPHYPowerOn                        
0000411f  USBEndpointPacketCountSet            
0000413f  USBNumEndpointsGet                   
00004153  USBControllerVersion                 
00004167  USBClockEnable                       
00004183  USBClockDisable                      
00004195  USBDMAChannelIntEnable               
000041b5  USBDMAChannelIntDisable              
000041d5  USBDMAChannelIntStatus               
000041e5  USBDMAChannelEnable                  
00004205  USBDMAChannelDisable                 
00004225  USBDMAChannelConfigSet               
00004255  USBDMAChannelStatus                  
00004275  USBDMAChannelStatusClear             
0000429f  USBDMAChannelAddressSet              
000042bb  USBDMAChannelAddressGet              
000042d3  USBDMAChannelCountSet                
000042ef  USBDMAChannelCountGet                
00004307  USBDMANumChannels                    
00004319  USBULPIConfig                        
0000432f  USBULPIEnable                        
00004347  USBULPIDisable                       
0000435f  USBULPIRegRead                       
00004397  USBULPIRegWrite                      
000043d7  USBHostLPMSend                       
0000441f  USBHostLPMConfig                     
00004443  USBHostLPMResume                     
0000445b  USBDevLPMRemoteWake                  
00004473  USBDevLPMConfig                      
00004489  USBDevLPMEnable                      
000044a1  USBDevLPMDisable                     
000044b9  USBLPMLinkStateGet                   
000044cd  USBLPMEndpointGet                    
000044e9  USBLPMRemoteWakeEnabled              
00004503  USBLPMIntStatus                      
00004513  USBLPMIntEnable                      
0000452d  USBLPMIntDisable                     
00004549  USBDCDDeviceInfoInit                 
00004599  USBDCDInit                           
0000474f  USBDCDTerm                           
000047c1  USBDCDRequestDataEP0                 
000047e7  USBDCDSendDataEP0                    
00004809  USBDCDSetDefaultConfiguration        
0000481b  USBDCDStallEP0                       
00004835  USBDCDPowerStatusSet                 
000048ad  USBDCDFeatureSet                     
00004975  USBDCDFeatureGet                     
000049a9  USBDCDRemoteWakeLPM                  
000049c9  USBDCDRemoteWakeupRequest            
00004a01  USBDeviceResumeTickHandler           
00004af1  USBDeviceEnumHandler                 
00004c31  USBDeviceEnumResetHandler            
00005659  USBDeviceIntHandlerInternal          
00006545  USBLibDMAAddrGet                     
0000655d  USBLibDMASizeGet                     
00006575  USBLibDMAInit                        
00006983  ProcessDataFromHost                  
00006a2b  ProcessNotificationToHost            
00006a8b  ProcessDataToHost                    
000070d9  USBDCDCCompositeInit                 
0000720b  USBDCDCInit                          
00007279  USBDCDCTerm                          
00007291  USBDCDCSetControlCBData              
000072af  USBDCDCSetRxCBData                   
000072cd  USBDCDCSetTxCBData                   
000072eb  USBDCDCPacketWrite                   
00007399  USBDCDCPacketRead                    
00007469  USBDCDCTxPacketAvailable             
0000748d  USBDCDCRxPacketAvailable             
000074ed  USBDCDCSerialStateChange             
00007525  USBDCDCPowerStatusSet                
00007539  USBDCDCRemoteWakeupRequest           
0000756d  xTaskResumeFromISR                   
000075fd  xTaskIncrementTick                   
000076cf  xTaskResumeAll                       
00007789  xTaskRemoveFromEventList             
0000785d  xTaskNotifyWait                      
000078ed  xTaskNotifyStateClear                
00007919  xTaskGetTickCountFromISR             
0000791f  xTaskGetTickCount                    
0000793d  xTaskGenericNotifyFromISR            
000079ed  xTaskGenericNotify                   
00007b65  xTaskCreate                          
00007c23  vTaskInternalSetTimeOutState         
00007c35  xTaskCheckForTimeOut                 
00007c87  vTaskSwitchContext                   
00007ccf  vTaskSuspendAll                      
00007ce9  vTaskSuspend                         
00007d91  vTaskStartScheduler                  
00007ddb  vTaskSetTimeOutState                 
00007dfd  vTaskResume                          
00007e61  vTaskRemoveFromUnorderedEventList    
00007ea9  vTaskPlaceOnUnorderedEventList       
00007ec9  vTaskPlaceOnEventList                
00007ee5  vTaskNotifyGiveFromISR               
00007f65  vTaskMissedYield                     
00007f6d  vTaskEndScheduler                    
00007f9d  vTaskDelete                          
00008045  vTaskDelay                           
0000806f  uxTaskResetEventItemValue            
00008083  uxTaskGetNumberOfTasks               
000080a1  ulTaskNotifyTake                     
00008157  pcTaskGetName                        
00008781  USBHHubMain                          
000089ad  USBHHubEnumerationComplete           
000089cf  USBHHubEnumerationError              
000089f1  USBHHubOpen                          
00008a09  USBHHubClose                         
00008a1d  USBHHubInit                          
00008a4b  USBHHubLPMSleep                      
00008a59  USBHHubLPMStatus                     
00008b15  xQueueSemaphoreTake                  
00008c19  xQueueReceiveFromISR                 
00008c75  xQueueReceive                        
00008d65  xQueuePeekFromISR                    
00008d97  xQueuePeek                           
00008e85  xQueueIsQueueFullFromISR             
00008e93  xQueueIsQueueEmptyFromISR            
00008e9f  xQueueGiveFromISR                    
00008f47  xQueueGenericSendFromISR             
00008fa5  xQueueGenericSend                    
000090a1  xQueueGenericReset                   
00009113  xQueueGenericCreate                  
00009143  vQueueDelete                         
00009147  uxQueueSpacesAvailable               
0000915d  uxQueueMessagesWaitingFromISR        
00009161  uxQueueMessagesWaiting               
000091f7  USBStackModeSet                      
00009231  USB0DualModeIntHandler               
0000927d  USBDualModeInit                      
000092eb  USBDualModeTerm                      
0000931d  USBOTGModeTerm                       
00009355  USBOTGModeInit                       
0000943f  USBOTGPollRate                       
00009465  USB0OTGModeIntHandler                
0000954b  OTGDeviceDisconnect                  
00009571  USBOTGMain                           
00009607  USBOTGFeatureSet                     
00009903  USBBufferInit                        
00009921  USBBufferZeroLengthPacketInsert      
00009951  USBBufferInfoGet                     
0000997d  USBBufferDataWritten                 
0000999d  USBBufferDataRemoved                 
000099b7  USBBufferCallbackDataSet             
000099d1  USBBufferWrite                       
00009a15  USBBufferFlush                       
00009a27  USBBufferRead                        
00009a65  USBBufferDataAvailable               
00009a77  USBBufferSpaceAvailable              
00009a89  USBBufferEventCallback               
00009b03  IntMasterEnable                      
00009b13  IntMasterDisable                     
00009b23  IntRegister                          
00009b75  IntUnregister                        
00009b89  IntPriorityGroupingSet               
00009ba3  IntPriorityGroupingGet               
00009bdb  IntPrioritySet                       
00009c2b  IntPriorityGet                       
00009c4f  IntEnable                            
00009cc1  IntDisable                           
00009d33  IntIsEnabled                         
00009db9  IntPendSet                           
00009e29  IntPendClear                         
00009e77  IntPriorityMaskSet                   
00009e83  IntPriorityMaskGet                   
00009e8b  IntTrigger                           
00009f87  USBDeviceConfig                      
0000a17d  USBDeviceConfigAlternate             
0000a293  USBRingBufFull                       
0000a2c9  USBRingBufEmpty                      
0000a2f3  USBRingBufFlush                      
0000a313  USBRingBufUsed                       
0000a345  USBRingBufFree                       
0000a35b  USBRingBufContigUsed                 
0000a389  USBRingBufContigFree                 
0000a3c5  USBRingBufSize                       
0000a3d3  USBRingBufReadOne                    
0000a3f9  USBRingBufRead                       
0000a42f  USBRingBufAdvanceRead                
0000a45d  USBRingBufAdvanceWrite               
0000a4b9  USBRingBufWriteOne                   
0000a4df  USBRingBufWrite                      
0000a515  USBRingBufInit                       
0000a60b  USBDCDConfigDescGetSize              
0000a643  USBDCDConfigDescGetNum               
0000a691  USBDCDConfigDescGet                  
0000a71f  USBDCDConfigGetNumAlternateInterfaces
0000a773  USBDCDConfigGetInterface             
0000a7a9  USBDCDConfigGetInterfaceEndpoint     
0000a817  USBDescGetNum                        
0000a873  USBDescGet                           
0000a8dd  USBDescGetNumAlternateInterfaces     
0000a997  USBDescGetInterface                  
0000a9c5  USBDescGetInterfaceEndpoint          
0000a9e9  vTASK_USBReceive                     
0000aa0f  vTASK_USBTransmit                    
0000aa35  vInit_USBTasks                       
0000aad1  TxHandler                            
0000aae7  RxHandler                            
0000aafd  ControlHandler                       
0000ab2d  xPortGetFreeHeapSize                 
0000ab33  vPortInitialiseBlocks                
0000ab35  vPortFree                            
0000ab73  pvPortMalloc                         
0000ac35  InternalUSBTickInit                  
0000ac73  InternalUSBTickReset                 
0000ac7b  InternalUSBRegisterTickHandler       
0000accb  InternalUSBStartOfFrameTick          
0000ad21  xPortSysTickHandler                  
0000ad47  vPortSetupTimerInterrupt             
0000ad5b  xPortStartScheduler                  
0000ad93  vPortExitCritical                    
0000ada5  vPortEnterCritical                   
0000adbd  vPortEndScheduler                    
0000adbf  pxPortInitialiseStack                
0000ae15  ulPortGetIPSR                        
0000ae2d  xPortPendSVHandler                   
0000ae8d  vPortSVCHandler                      
0000aead  vPortStartFirstTask                  
0000aed1  vPortEnableVFP                       
0000aedf  ULPIConfigSet                        
0000af81  ULPIPowerTransceiver                 
0000afa7  __aeabi_memcpy                       
0000afa7  __aeabi_memcpy4                      
0000afa7  __aeabi_memcpy8                      
0000afa7  memcpy                               
0000b043  vListInsertEnd                       
0000b05b  vListInsert                          
0000b093  vListInitialiseItem                  
0000b099  vListInitialise                      
0000b0af  uxListRemove                         
0000b0d5  __aeabi_memclr                       
0000b0d5  __aeabi_memclr4                      
0000b0d5  __aeabi_memclr8                      
0000b0d7  __aeabi_memset                       
0000b0d7  __aeabi_memset4                      
0000b0d7  __aeabi_memset8                      
0000b0dd  memset                               
0000b14f  __TI_decompress_lzss                 
0000b1b9  tx_app                               
0000b1c3  rx_app                               
0000b1eb  main                                 
0000b215  __TI_auto_init_nobinit_nopinit       
0000b259  CPUcpsid                             
0000b265  CPUprimask                           
0000b26f  CPUcpsie                             
0000b27b  CPUwfi                               
0000b27f  CPUbasepriSet                        
0000b28d  CPUbasepriGet                        
0000b299  _c_int00_noargs                      
0000b2cd  USB0DeviceIntHandler                 
0000b2f1  __TI_decompress_none                 
0000b2ff  __TI_zero_init                       
0000b30b  ResetISR                             
0000b317  _system_pre_init                     
0000b31b  C$$EXIT                              
0000b31b  abort                                
0000b3bc  g_pui8ConfigString                   
0000b428  g_sCDCHandlers                       
0000b458  g_pui8ControlInterfaceString         
0000b484  g_pui8ManufacturerString             
0000b4a8  g_pui8CDCSerCommInterface            
0000b4cb  g_pui8ProductString                  
0000b510  g_ppui8StringDescriptors             
0000b528  g_pui8CDCSerDataInterface            
0000b53f  g_pui8CDCSerDataInterfaceHS          
0000b5a8  g_pui8SerialNumberString             
0000b5bc  g_sCDCCompSerConfigHeader            
0000b5c4  g_sCDCCompSerConfigHeaderHS          
0000b5cc  g_sCDCSerCommInterfaceSection        
0000b5d4  g_sCDCSerConfigHeader                
0000b5dc  g_sCDCSerConfigHeaderHS              
0000b5e4  g_sCDCSerConfigSection               
0000b5ec  g_sCDCSerDataInterfaceSection        
0000b5f4  g_sCDCSerDataInterfaceSectionHS      
0000b5fc  g_sIADSerConfigSection               
0000b604  g_pui8LangDescriptor                 
0000b608  g_pCDCCompSerConfigDescriptors       
0000b60c  g_pCDCCompSerConfigDescriptorsHS     
0000b610  g_ppCDCSerConfigDescriptors          
0000b614  g_ppCDCSerConfigDescriptorsHS        
0000b618  ulMaxSyscallInterruptPriority        
0000b6d0  __TI_Handler_Table_Base              
0000b6dc  __TI_Handler_Table_Limit             
0000b6f0  __TI_CINIT_Base                      
0000b708  __TI_CINIT_Limit                     
20000000  g_pfnRAMVectors                      
20002390  g_sCDCDevice                         
200023f0  g_sRxBuffer                          
20002428  g_sTxBuffer                          
20002460  pxCurrentTCB                         
200024b0  Sem_USBReceive                       
200024b4  Sem_USBTransmit                      
200024cc  g_pui8CDCSerDeviceDescriptor         
200024e0  g_psCDCCompSerSections               
200024f0  g_psCDCCompSerSectionsHS             
20002500  g_psCDCSerSections                   
2000250c  g_psCDCSerSectionsHS                 
20002518  g_bUSBTimerInitialized               
2000251c  g_ui32CurrentUSBTick                 
20002520  g_ui32USBSOFCount                    
20002524  g_pui8CDCSerDescriptor               
20002530  g_iUSBMode                           
20002534  g_ui32WaitTicks                      
20002539  g_pui8IADSerDescriptor               
2000254c  flag                                 
2000254d  read_char                            
20002d30  g_pui8USBRxBuffer                    
20002e30  g_pui8USBTxBuffer                    
20002fcc  g_psDCDInst                          
2000308c  g_pfnTickHandlers                    
200030a4  g_pvTickInstance                     
200030e0  g_ppsDevInfo                         
200030e4  g_ui32PollRate                       
200030e8  g_eOTGModeState                      
200030f0  __stack                              
200032f0  __STACK_END                          
200032f0  __STACK_TOP                          
ffffffff  __TI_pprof_out_hndl                  
ffffffff  __TI_prof_data_size                  
ffffffff  __TI_prof_data_start                 
ffffffff  __binit__                            
ffffffff  __c_args__                           
ffffffff  binit                                
UNDEFED   __mpu_init                           
UNDEFED   _system_post_cinit                   

[439 symbols]
