<?xml version="1.0" encoding="ISO-8859-1" ?>
<link_info>
   <banner>TI ARM Linker PC v18.12.2.LTS</banner>
   <copyright>Copyright (c) 1996-2018 Texas Instruments Incorporated</copyright>
   <link_time>0x5d6c922d</link_time>
   <link_errors>0x0</link_errors>
   <output_file>Electrical_Control_Template_RTOS.out</output_file>
   <entry_point>
      <name>_c_int00_noargs</name>
      <address>0x1409</address>
   </entry_point>
   <input_file_list>
      <input_file id="fl-2">
         <path>.\</path>
         <kind>object</kind>
         <file>main.obj</file>
         <name>main.obj</name>
      </input_file>
      <input_file id="fl-3">
         <path>.\</path>
         <kind>object</kind>
         <file>tm4c123gh6pm_startup_ccs.obj</file>
         <name>tm4c123gh6pm_startup_ccs.obj</name>
      </input_file>
      <input_file id="fl-4">
         <path>.\FreeRTOS\</path>
         <kind>object</kind>
         <file>croutine.obj</file>
         <name>croutine.obj</name>
      </input_file>
      <input_file id="fl-5">
         <path>.\FreeRTOS\</path>
         <kind>object</kind>
         <file>event_groups.obj</file>
         <name>event_groups.obj</name>
      </input_file>
      <input_file id="fl-6">
         <path>.\FreeRTOS\</path>
         <kind>object</kind>
         <file>list.obj</file>
         <name>list.obj</name>
      </input_file>
      <input_file id="fl-7">
         <path>.\FreeRTOS\</path>
         <kind>object</kind>
         <file>queue.obj</file>
         <name>queue.obj</name>
      </input_file>
      <input_file id="fl-8">
         <path>.\FreeRTOS\</path>
         <kind>object</kind>
         <file>stream_buffer.obj</file>
         <name>stream_buffer.obj</name>
      </input_file>
      <input_file id="fl-9">
         <path>.\FreeRTOS\</path>
         <kind>object</kind>
         <file>tasks.obj</file>
         <name>tasks.obj</name>
      </input_file>
      <input_file id="fl-a">
         <path>.\FreeRTOS\</path>
         <kind>object</kind>
         <file>timers.obj</file>
         <name>timers.obj</name>
      </input_file>
      <input_file id="fl-b">
         <path>.\FreeRTOS\portable\CCS\ARM_CM4F\</path>
         <kind>object</kind>
         <file>port.obj</file>
         <name>port.obj</name>
      </input_file>
      <input_file id="fl-c">
         <path>.\FreeRTOS\portable\CCS\ARM_CM4F\</path>
         <kind>object</kind>
         <file>portasm.obj</file>
         <name>portasm.obj</name>
      </input_file>
      <input_file id="fl-d">
         <path>.\FreeRTOS\portable\MemMang\</path>
         <kind>object</kind>
         <file>heap_2.obj</file>
         <name>heap_2.obj</name>
      </input_file>
      <input_file id="fl-e">
         <path>.\TivaWARE\driverlib\</path>
         <kind>object</kind>
         <file>adc.obj</file>
         <name>adc.obj</name>
      </input_file>
      <input_file id="fl-f">
         <path>.\TivaWARE\driverlib\</path>
         <kind>object</kind>
         <file>aes.obj</file>
         <name>aes.obj</name>
      </input_file>
      <input_file id="fl-10">
         <path>.\TivaWARE\driverlib\</path>
         <kind>object</kind>
         <file>can.obj</file>
         <name>can.obj</name>
      </input_file>
      <input_file id="fl-11">
         <path>.\TivaWARE\driverlib\</path>
         <kind>object</kind>
         <file>comp.obj</file>
         <name>comp.obj</name>
      </input_file>
      <input_file id="fl-12">
         <path>.\TivaWARE\driverlib\</path>
         <kind>object</kind>
         <file>cpu.obj</file>
         <name>cpu.obj</name>
      </input_file>
      <input_file id="fl-13">
         <path>.\TivaWARE\driverlib\</path>
         <kind>object</kind>
         <file>crc.obj</file>
         <name>crc.obj</name>
      </input_file>
      <input_file id="fl-14">
         <path>.\TivaWARE\driverlib\</path>
         <kind>object</kind>
         <file>des.obj</file>
         <name>des.obj</name>
      </input_file>
      <input_file id="fl-15">
         <path>.\TivaWARE\driverlib\</path>
         <kind>object</kind>
         <file>eeprom.obj</file>
         <name>eeprom.obj</name>
      </input_file>
      <input_file id="fl-16">
         <path>.\TivaWARE\driverlib\</path>
         <kind>object</kind>
         <file>emac.obj</file>
         <name>emac.obj</name>
      </input_file>
      <input_file id="fl-17">
         <path>.\TivaWARE\driverlib\</path>
         <kind>object</kind>
         <file>epi.obj</file>
         <name>epi.obj</name>
      </input_file>
      <input_file id="fl-18">
         <path>.\TivaWARE\driverlib\</path>
         <kind>object</kind>
         <file>epi_workaround_ccs.obj</file>
         <name>epi_workaround_ccs.obj</name>
      </input_file>
      <input_file id="fl-19">
         <path>.\TivaWARE\driverlib\</path>
         <kind>object</kind>
         <file>flash.obj</file>
         <name>flash.obj</name>
      </input_file>
      <input_file id="fl-1a">
         <path>.\TivaWARE\driverlib\</path>
         <kind>object</kind>
         <file>fpu.obj</file>
         <name>fpu.obj</name>
      </input_file>
      <input_file id="fl-1b">
         <path>.\TivaWARE\driverlib\</path>
         <kind>object</kind>
         <file>gpio.obj</file>
         <name>gpio.obj</name>
      </input_file>
      <input_file id="fl-1c">
         <path>.\TivaWARE\driverlib\</path>
         <kind>object</kind>
         <file>hibernate.obj</file>
         <name>hibernate.obj</name>
      </input_file>
      <input_file id="fl-1d">
         <path>.\TivaWARE\driverlib\</path>
         <kind>object</kind>
         <file>i2c.obj</file>
         <name>i2c.obj</name>
      </input_file>
      <input_file id="fl-1e">
         <path>.\TivaWARE\driverlib\</path>
         <kind>object</kind>
         <file>interrupt.obj</file>
         <name>interrupt.obj</name>
      </input_file>
      <input_file id="fl-1f">
         <path>.\TivaWARE\driverlib\</path>
         <kind>object</kind>
         <file>lcd.obj</file>
         <name>lcd.obj</name>
      </input_file>
      <input_file id="fl-20">
         <path>.\TivaWARE\driverlib\</path>
         <kind>object</kind>
         <file>mpu.obj</file>
         <name>mpu.obj</name>
      </input_file>
      <input_file id="fl-21">
         <path>.\TivaWARE\driverlib\</path>
         <kind>object</kind>
         <file>onewire.obj</file>
         <name>onewire.obj</name>
      </input_file>
      <input_file id="fl-22">
         <path>.\TivaWARE\driverlib\</path>
         <kind>object</kind>
         <file>pwm.obj</file>
         <name>pwm.obj</name>
      </input_file>
      <input_file id="fl-23">
         <path>.\TivaWARE\driverlib\</path>
         <kind>object</kind>
         <file>qei.obj</file>
         <name>qei.obj</name>
      </input_file>
      <input_file id="fl-24">
         <path>.\TivaWARE\driverlib\</path>
         <kind>object</kind>
         <file>shamd5.obj</file>
         <name>shamd5.obj</name>
      </input_file>
      <input_file id="fl-25">
         <path>.\TivaWARE\driverlib\</path>
         <kind>object</kind>
         <file>ssi.obj</file>
         <name>ssi.obj</name>
      </input_file>
      <input_file id="fl-26">
         <path>.\TivaWARE\driverlib\</path>
         <kind>object</kind>
         <file>sw_crc.obj</file>
         <name>sw_crc.obj</name>
      </input_file>
      <input_file id="fl-27">
         <path>.\TivaWARE\driverlib\</path>
         <kind>object</kind>
         <file>sysctl.obj</file>
         <name>sysctl.obj</name>
      </input_file>
      <input_file id="fl-28">
         <path>.\TivaWARE\driverlib\</path>
         <kind>object</kind>
         <file>sysexc.obj</file>
         <name>sysexc.obj</name>
      </input_file>
      <input_file id="fl-29">
         <path>.\TivaWARE\driverlib\</path>
         <kind>object</kind>
         <file>systick.obj</file>
         <name>systick.obj</name>
      </input_file>
      <input_file id="fl-2a">
         <path>.\TivaWARE\driverlib\</path>
         <kind>object</kind>
         <file>timer.obj</file>
         <name>timer.obj</name>
      </input_file>
      <input_file id="fl-2b">
         <path>.\TivaWARE\driverlib\</path>
         <kind>object</kind>
         <file>uart.obj</file>
         <name>uart.obj</name>
      </input_file>
      <input_file id="fl-2c">
         <path>.\TivaWARE\driverlib\</path>
         <kind>object</kind>
         <file>udma.obj</file>
         <name>udma.obj</name>
      </input_file>
      <input_file id="fl-2d">
         <path>.\TivaWARE\driverlib\</path>
         <kind>object</kind>
         <file>usb.obj</file>
         <name>usb.obj</name>
      </input_file>
      <input_file id="fl-2e">
         <path>.\TivaWARE\driverlib\</path>
         <kind>object</kind>
         <file>watchdog.obj</file>
         <name>watchdog.obj</name>
      </input_file>
      <input_file id="fl-2f">
         <path>.\TivaWARE\grlib\</path>
         <kind>object</kind>
         <file>canvas.obj</file>
         <name>canvas.obj</name>
      </input_file>
      <input_file id="fl-30">
         <path>.\TivaWARE\grlib\</path>
         <kind>object</kind>
         <file>charmap.obj</file>
         <name>charmap.obj</name>
      </input_file>
      <input_file id="fl-31">
         <path>.\TivaWARE\grlib\</path>
         <kind>object</kind>
         <file>checkbox.obj</file>
         <name>checkbox.obj</name>
      </input_file>
      <input_file id="fl-32">
         <path>.\TivaWARE\grlib\</path>
         <kind>object</kind>
         <file>circle.obj</file>
         <name>circle.obj</name>
      </input_file>
      <input_file id="fl-33">
         <path>.\TivaWARE\grlib\</path>
         <kind>object</kind>
         <file>container.obj</file>
         <name>container.obj</name>
      </input_file>
      <input_file id="fl-34">
         <path>.\TivaWARE\grlib\</path>
         <kind>object</kind>
         <file>context.obj</file>
         <name>context.obj</name>
      </input_file>
      <input_file id="fl-35">
         <path>.\TivaWARE\grlib\</path>
         <kind>object</kind>
         <file>image.obj</file>
         <name>image.obj</name>
      </input_file>
      <input_file id="fl-36">
         <path>.\TivaWARE\grlib\</path>
         <kind>object</kind>
         <file>imgbutton.obj</file>
         <name>imgbutton.obj</name>
      </input_file>
      <input_file id="fl-37">
         <path>.\TivaWARE\grlib\</path>
         <kind>object</kind>
         <file>keyboard.obj</file>
         <name>keyboard.obj</name>
      </input_file>
      <input_file id="fl-38">
         <path>.\TivaWARE\grlib\</path>
         <kind>object</kind>
         <file>line.obj</file>
         <name>line.obj</name>
      </input_file>
      <input_file id="fl-39">
         <path>.\TivaWARE\grlib\</path>
         <kind>object</kind>
         <file>listbox.obj</file>
         <name>listbox.obj</name>
      </input_file>
      <input_file id="fl-3a">
         <path>.\TivaWARE\grlib\</path>
         <kind>object</kind>
         <file>offscr1bpp.obj</file>
         <name>offscr1bpp.obj</name>
      </input_file>
      <input_file id="fl-3b">
         <path>.\TivaWARE\grlib\</path>
         <kind>object</kind>
         <file>offscr4bpp.obj</file>
         <name>offscr4bpp.obj</name>
      </input_file>
      <input_file id="fl-3c">
         <path>.\TivaWARE\grlib\</path>
         <kind>object</kind>
         <file>offscr8bpp.obj</file>
         <name>offscr8bpp.obj</name>
      </input_file>
      <input_file id="fl-3d">
         <path>.\TivaWARE\grlib\</path>
         <kind>object</kind>
         <file>pushbutton.obj</file>
         <name>pushbutton.obj</name>
      </input_file>
      <input_file id="fl-3e">
         <path>.\TivaWARE\grlib\</path>
         <kind>object</kind>
         <file>radiobutton.obj</file>
         <name>radiobutton.obj</name>
      </input_file>
      <input_file id="fl-3f">
         <path>.\TivaWARE\grlib\</path>
         <kind>object</kind>
         <file>rectangle.obj</file>
         <name>rectangle.obj</name>
      </input_file>
      <input_file id="fl-40">
         <path>.\TivaWARE\grlib\</path>
         <kind>object</kind>
         <file>slider.obj</file>
         <name>slider.obj</name>
      </input_file>
      <input_file id="fl-41">
         <path>.\TivaWARE\grlib\</path>
         <kind>object</kind>
         <file>string.obj</file>
         <name>string.obj</name>
      </input_file>
      <input_file id="fl-42">
         <path>.\TivaWARE\grlib\</path>
         <kind>object</kind>
         <file>widget.obj</file>
         <name>widget.obj</name>
      </input_file>
      <input_file id="fl-43">
         <path>.\TivaWARE\grlib\fonts\</path>
         <kind>object</kind>
         <file>fontcm12.obj</file>
         <name>fontcm12.obj</name>
      </input_file>
      <input_file id="fl-44">
         <path>.\TivaWARE\grlib\fonts\</path>
         <kind>object</kind>
         <file>fontcm12b.obj</file>
         <name>fontcm12b.obj</name>
      </input_file>
      <input_file id="fl-45">
         <path>.\TivaWARE\grlib\fonts\</path>
         <kind>object</kind>
         <file>fontcm12i.obj</file>
         <name>fontcm12i.obj</name>
      </input_file>
      <input_file id="fl-46">
         <path>.\TivaWARE\grlib\fonts\</path>
         <kind>object</kind>
         <file>fontcm14.obj</file>
         <name>fontcm14.obj</name>
      </input_file>
      <input_file id="fl-47">
         <path>.\TivaWARE\grlib\fonts\</path>
         <kind>object</kind>
         <file>fontcm14b.obj</file>
         <name>fontcm14b.obj</name>
      </input_file>
      <input_file id="fl-48">
         <path>.\TivaWARE\grlib\fonts\</path>
         <kind>object</kind>
         <file>fontcm14i.obj</file>
         <name>fontcm14i.obj</name>
      </input_file>
      <input_file id="fl-49">
         <path>.\TivaWARE\grlib\fonts\</path>
         <kind>object</kind>
         <file>fontcm16.obj</file>
         <name>fontcm16.obj</name>
      </input_file>
      <input_file id="fl-4a">
         <path>.\TivaWARE\grlib\fonts\</path>
         <kind>object</kind>
         <file>fontcm16b.obj</file>
         <name>fontcm16b.obj</name>
      </input_file>
      <input_file id="fl-4b">
         <path>.\TivaWARE\grlib\fonts\</path>
         <kind>object</kind>
         <file>fontcm16i.obj</file>
         <name>fontcm16i.obj</name>
      </input_file>
      <input_file id="fl-4c">
         <path>.\TivaWARE\grlib\fonts\</path>
         <kind>object</kind>
         <file>fontcm18.obj</file>
         <name>fontcm18.obj</name>
      </input_file>
      <input_file id="fl-4d">
         <path>.\TivaWARE\grlib\fonts\</path>
         <kind>object</kind>
         <file>fontcm18b.obj</file>
         <name>fontcm18b.obj</name>
      </input_file>
      <input_file id="fl-4e">
         <path>.\TivaWARE\grlib\fonts\</path>
         <kind>object</kind>
         <file>fontcm18i.obj</file>
         <name>fontcm18i.obj</name>
      </input_file>
      <input_file id="fl-4f">
         <path>.\TivaWARE\grlib\fonts\</path>
         <kind>object</kind>
         <file>fontcm20.obj</file>
         <name>fontcm20.obj</name>
      </input_file>
      <input_file id="fl-50">
         <path>.\TivaWARE\grlib\fonts\</path>
         <kind>object</kind>
         <file>fontcm20b.obj</file>
         <name>fontcm20b.obj</name>
      </input_file>
      <input_file id="fl-51">
         <path>.\TivaWARE\grlib\fonts\</path>
         <kind>object</kind>
         <file>fontcm20i.obj</file>
         <name>fontcm20i.obj</name>
      </input_file>
      <input_file id="fl-52">
         <path>.\TivaWARE\grlib\fonts\</path>
         <kind>object</kind>
         <file>fontcm22.obj</file>
         <name>fontcm22.obj</name>
      </input_file>
      <input_file id="fl-53">
         <path>.\TivaWARE\grlib\fonts\</path>
         <kind>object</kind>
         <file>fontcm22b.obj</file>
         <name>fontcm22b.obj</name>
      </input_file>
      <input_file id="fl-54">
         <path>.\TivaWARE\grlib\fonts\</path>
         <kind>object</kind>
         <file>fontcm22i.obj</file>
         <name>fontcm22i.obj</name>
      </input_file>
      <input_file id="fl-55">
         <path>.\TivaWARE\grlib\fonts\</path>
         <kind>object</kind>
         <file>fontcm24.obj</file>
         <name>fontcm24.obj</name>
      </input_file>
      <input_file id="fl-56">
         <path>.\TivaWARE\grlib\fonts\</path>
         <kind>object</kind>
         <file>fontcm24b.obj</file>
         <name>fontcm24b.obj</name>
      </input_file>
      <input_file id="fl-57">
         <path>.\TivaWARE\grlib\fonts\</path>
         <kind>object</kind>
         <file>fontcm24i.obj</file>
         <name>fontcm24i.obj</name>
      </input_file>
      <input_file id="fl-58">
         <path>.\TivaWARE\grlib\fonts\</path>
         <kind>object</kind>
         <file>fontcm26.obj</file>
         <name>fontcm26.obj</name>
      </input_file>
      <input_file id="fl-59">
         <path>.\TivaWARE\grlib\fonts\</path>
         <kind>object</kind>
         <file>fontcm26b.obj</file>
         <name>fontcm26b.obj</name>
      </input_file>
      <input_file id="fl-5a">
         <path>.\TivaWARE\grlib\fonts\</path>
         <kind>object</kind>
         <file>fontcm26i.obj</file>
         <name>fontcm26i.obj</name>
      </input_file>
      <input_file id="fl-5b">
         <path>.\TivaWARE\grlib\fonts\</path>
         <kind>object</kind>
         <file>fontcm28.obj</file>
         <name>fontcm28.obj</name>
      </input_file>
      <input_file id="fl-5c">
         <path>.\TivaWARE\grlib\fonts\</path>
         <kind>object</kind>
         <file>fontcm28b.obj</file>
         <name>fontcm28b.obj</name>
      </input_file>
      <input_file id="fl-5d">
         <path>.\TivaWARE\grlib\fonts\</path>
         <kind>object</kind>
         <file>fontcm28i.obj</file>
         <name>fontcm28i.obj</name>
      </input_file>
      <input_file id="fl-5e">
         <path>.\TivaWARE\grlib\fonts\</path>
         <kind>object</kind>
         <file>fontcm30.obj</file>
         <name>fontcm30.obj</name>
      </input_file>
      <input_file id="fl-5f">
         <path>.\TivaWARE\grlib\fonts\</path>
         <kind>object</kind>
         <file>fontcm30b.obj</file>
         <name>fontcm30b.obj</name>
      </input_file>
      <input_file id="fl-60">
         <path>.\TivaWARE\grlib\fonts\</path>
         <kind>object</kind>
         <file>fontcm30i.obj</file>
         <name>fontcm30i.obj</name>
      </input_file>
      <input_file id="fl-61">
         <path>.\TivaWARE\grlib\fonts\</path>
         <kind>object</kind>
         <file>fontcm32.obj</file>
         <name>fontcm32.obj</name>
      </input_file>
      <input_file id="fl-62">
         <path>.\TivaWARE\grlib\fonts\</path>
         <kind>object</kind>
         <file>fontcm32b.obj</file>
         <name>fontcm32b.obj</name>
      </input_file>
      <input_file id="fl-63">
         <path>.\TivaWARE\grlib\fonts\</path>
         <kind>object</kind>
         <file>fontcm32i.obj</file>
         <name>fontcm32i.obj</name>
      </input_file>
      <input_file id="fl-64">
         <path>.\TivaWARE\grlib\fonts\</path>
         <kind>object</kind>
         <file>fontcm34.obj</file>
         <name>fontcm34.obj</name>
      </input_file>
      <input_file id="fl-65">
         <path>.\TivaWARE\grlib\fonts\</path>
         <kind>object</kind>
         <file>fontcm34b.obj</file>
         <name>fontcm34b.obj</name>
      </input_file>
      <input_file id="fl-66">
         <path>.\TivaWARE\grlib\fonts\</path>
         <kind>object</kind>
         <file>fontcm34i.obj</file>
         <name>fontcm34i.obj</name>
      </input_file>
      <input_file id="fl-67">
         <path>.\TivaWARE\grlib\fonts\</path>
         <kind>object</kind>
         <file>fontcm36.obj</file>
         <name>fontcm36.obj</name>
      </input_file>
      <input_file id="fl-68">
         <path>.\TivaWARE\grlib\fonts\</path>
         <kind>object</kind>
         <file>fontcm36b.obj</file>
         <name>fontcm36b.obj</name>
      </input_file>
      <input_file id="fl-69">
         <path>.\TivaWARE\grlib\fonts\</path>
         <kind>object</kind>
         <file>fontcm36i.obj</file>
         <name>fontcm36i.obj</name>
      </input_file>
      <input_file id="fl-6a">
         <path>.\TivaWARE\grlib\fonts\</path>
         <kind>object</kind>
         <file>fontcm38.obj</file>
         <name>fontcm38.obj</name>
      </input_file>
      <input_file id="fl-6b">
         <path>.\TivaWARE\grlib\fonts\</path>
         <kind>object</kind>
         <file>fontcm38b.obj</file>
         <name>fontcm38b.obj</name>
      </input_file>
      <input_file id="fl-6c">
         <path>.\TivaWARE\grlib\fonts\</path>
         <kind>object</kind>
         <file>fontcm38i.obj</file>
         <name>fontcm38i.obj</name>
      </input_file>
      <input_file id="fl-6d">
         <path>.\TivaWARE\grlib\fonts\</path>
         <kind>object</kind>
         <file>fontcm40.obj</file>
         <name>fontcm40.obj</name>
      </input_file>
      <input_file id="fl-6e">
         <path>.\TivaWARE\grlib\fonts\</path>
         <kind>object</kind>
         <file>fontcm40b.obj</file>
         <name>fontcm40b.obj</name>
      </input_file>
      <input_file id="fl-6f">
         <path>.\TivaWARE\grlib\fonts\</path>
         <kind>object</kind>
         <file>fontcm40i.obj</file>
         <name>fontcm40i.obj</name>
      </input_file>
      <input_file id="fl-70">
         <path>.\TivaWARE\grlib\fonts\</path>
         <kind>object</kind>
         <file>fontcm42.obj</file>
         <name>fontcm42.obj</name>
      </input_file>
      <input_file id="fl-71">
         <path>.\TivaWARE\grlib\fonts\</path>
         <kind>object</kind>
         <file>fontcm42b.obj</file>
         <name>fontcm42b.obj</name>
      </input_file>
      <input_file id="fl-72">
         <path>.\TivaWARE\grlib\fonts\</path>
         <kind>object</kind>
         <file>fontcm42i.obj</file>
         <name>fontcm42i.obj</name>
      </input_file>
      <input_file id="fl-73">
         <path>.\TivaWARE\grlib\fonts\</path>
         <kind>object</kind>
         <file>fontcm44.obj</file>
         <name>fontcm44.obj</name>
      </input_file>
      <input_file id="fl-74">
         <path>.\TivaWARE\grlib\fonts\</path>
         <kind>object</kind>
         <file>fontcm44b.obj</file>
         <name>fontcm44b.obj</name>
      </input_file>
      <input_file id="fl-75">
         <path>.\TivaWARE\grlib\fonts\</path>
         <kind>object</kind>
         <file>fontcm44i.obj</file>
         <name>fontcm44i.obj</name>
      </input_file>
      <input_file id="fl-76">
         <path>.\TivaWARE\grlib\fonts\</path>
         <kind>object</kind>
         <file>fontcm46.obj</file>
         <name>fontcm46.obj</name>
      </input_file>
      <input_file id="fl-77">
         <path>.\TivaWARE\grlib\fonts\</path>
         <kind>object</kind>
         <file>fontcm46b.obj</file>
         <name>fontcm46b.obj</name>
      </input_file>
      <input_file id="fl-78">
         <path>.\TivaWARE\grlib\fonts\</path>
         <kind>object</kind>
         <file>fontcm46i.obj</file>
         <name>fontcm46i.obj</name>
      </input_file>
      <input_file id="fl-79">
         <path>.\TivaWARE\grlib\fonts\</path>
         <kind>object</kind>
         <file>fontcm48.obj</file>
         <name>fontcm48.obj</name>
      </input_file>
      <input_file id="fl-7a">
         <path>.\TivaWARE\grlib\fonts\</path>
         <kind>object</kind>
         <file>fontcm48b.obj</file>
         <name>fontcm48b.obj</name>
      </input_file>
      <input_file id="fl-7b">
         <path>.\TivaWARE\grlib\fonts\</path>
         <kind>object</kind>
         <file>fontcm48i.obj</file>
         <name>fontcm48i.obj</name>
      </input_file>
      <input_file id="fl-7c">
         <path>.\TivaWARE\grlib\fonts\</path>
         <kind>object</kind>
         <file>fontcmsc12.obj</file>
         <name>fontcmsc12.obj</name>
      </input_file>
      <input_file id="fl-7d">
         <path>.\TivaWARE\grlib\fonts\</path>
         <kind>object</kind>
         <file>fontcmsc14.obj</file>
         <name>fontcmsc14.obj</name>
      </input_file>
      <input_file id="fl-7e">
         <path>.\TivaWARE\grlib\fonts\</path>
         <kind>object</kind>
         <file>fontcmsc16.obj</file>
         <name>fontcmsc16.obj</name>
      </input_file>
      <input_file id="fl-7f">
         <path>.\TivaWARE\grlib\fonts\</path>
         <kind>object</kind>
         <file>fontcmsc18.obj</file>
         <name>fontcmsc18.obj</name>
      </input_file>
      <input_file id="fl-80">
         <path>.\TivaWARE\grlib\fonts\</path>
         <kind>object</kind>
         <file>fontcmsc20.obj</file>
         <name>fontcmsc20.obj</name>
      </input_file>
      <input_file id="fl-81">
         <path>.\TivaWARE\grlib\fonts\</path>
         <kind>object</kind>
         <file>fontcmsc22.obj</file>
         <name>fontcmsc22.obj</name>
      </input_file>
      <input_file id="fl-82">
         <path>.\TivaWARE\grlib\fonts\</path>
         <kind>object</kind>
         <file>fontcmsc24.obj</file>
         <name>fontcmsc24.obj</name>
      </input_file>
      <input_file id="fl-83">
         <path>.\TivaWARE\grlib\fonts\</path>
         <kind>object</kind>
         <file>fontcmsc26.obj</file>
         <name>fontcmsc26.obj</name>
      </input_file>
      <input_file id="fl-84">
         <path>.\TivaWARE\grlib\fonts\</path>
         <kind>object</kind>
         <file>fontcmsc28.obj</file>
         <name>fontcmsc28.obj</name>
      </input_file>
      <input_file id="fl-85">
         <path>.\TivaWARE\grlib\fonts\</path>
         <kind>object</kind>
         <file>fontcmsc30.obj</file>
         <name>fontcmsc30.obj</name>
      </input_file>
      <input_file id="fl-86">
         <path>.\TivaWARE\grlib\fonts\</path>
         <kind>object</kind>
         <file>fontcmsc32.obj</file>
         <name>fontcmsc32.obj</name>
      </input_file>
      <input_file id="fl-87">
         <path>.\TivaWARE\grlib\fonts\</path>
         <kind>object</kind>
         <file>fontcmsc34.obj</file>
         <name>fontcmsc34.obj</name>
      </input_file>
      <input_file id="fl-88">
         <path>.\TivaWARE\grlib\fonts\</path>
         <kind>object</kind>
         <file>fontcmsc36.obj</file>
         <name>fontcmsc36.obj</name>
      </input_file>
      <input_file id="fl-89">
         <path>.\TivaWARE\grlib\fonts\</path>
         <kind>object</kind>
         <file>fontcmsc38.obj</file>
         <name>fontcmsc38.obj</name>
      </input_file>
      <input_file id="fl-8a">
         <path>.\TivaWARE\grlib\fonts\</path>
         <kind>object</kind>
         <file>fontcmsc40.obj</file>
         <name>fontcmsc40.obj</name>
      </input_file>
      <input_file id="fl-8b">
         <path>.\TivaWARE\grlib\fonts\</path>
         <kind>object</kind>
         <file>fontcmsc42.obj</file>
         <name>fontcmsc42.obj</name>
      </input_file>
      <input_file id="fl-8c">
         <path>.\TivaWARE\grlib\fonts\</path>
         <kind>object</kind>
         <file>fontcmsc44.obj</file>
         <name>fontcmsc44.obj</name>
      </input_file>
      <input_file id="fl-8d">
         <path>.\TivaWARE\grlib\fonts\</path>
         <kind>object</kind>
         <file>fontcmsc46.obj</file>
         <name>fontcmsc46.obj</name>
      </input_file>
      <input_file id="fl-8e">
         <path>.\TivaWARE\grlib\fonts\</path>
         <kind>object</kind>
         <file>fontcmsc48.obj</file>
         <name>fontcmsc48.obj</name>
      </input_file>
      <input_file id="fl-8f">
         <path>.\TivaWARE\grlib\fonts\</path>
         <kind>object</kind>
         <file>fontcmss12.obj</file>
         <name>fontcmss12.obj</name>
      </input_file>
      <input_file id="fl-90">
         <path>.\TivaWARE\grlib\fonts\</path>
         <kind>object</kind>
         <file>fontcmss12b.obj</file>
         <name>fontcmss12b.obj</name>
      </input_file>
      <input_file id="fl-91">
         <path>.\TivaWARE\grlib\fonts\</path>
         <kind>object</kind>
         <file>fontcmss12i.obj</file>
         <name>fontcmss12i.obj</name>
      </input_file>
      <input_file id="fl-92">
         <path>.\TivaWARE\grlib\fonts\</path>
         <kind>object</kind>
         <file>fontcmss14.obj</file>
         <name>fontcmss14.obj</name>
      </input_file>
      <input_file id="fl-93">
         <path>.\TivaWARE\grlib\fonts\</path>
         <kind>object</kind>
         <file>fontcmss14b.obj</file>
         <name>fontcmss14b.obj</name>
      </input_file>
      <input_file id="fl-94">
         <path>.\TivaWARE\grlib\fonts\</path>
         <kind>object</kind>
         <file>fontcmss14i.obj</file>
         <name>fontcmss14i.obj</name>
      </input_file>
      <input_file id="fl-95">
         <path>.\TivaWARE\grlib\fonts\</path>
         <kind>object</kind>
         <file>fontcmss16.obj</file>
         <name>fontcmss16.obj</name>
      </input_file>
      <input_file id="fl-96">
         <path>.\TivaWARE\grlib\fonts\</path>
         <kind>object</kind>
         <file>fontcmss16b.obj</file>
         <name>fontcmss16b.obj</name>
      </input_file>
      <input_file id="fl-97">
         <path>.\TivaWARE\grlib\fonts\</path>
         <kind>object</kind>
         <file>fontcmss16i.obj</file>
         <name>fontcmss16i.obj</name>
      </input_file>
      <input_file id="fl-98">
         <path>.\TivaWARE\grlib\fonts\</path>
         <kind>object</kind>
         <file>fontcmss18.obj</file>
         <name>fontcmss18.obj</name>
      </input_file>
      <input_file id="fl-99">
         <path>.\TivaWARE\grlib\fonts\</path>
         <kind>object</kind>
         <file>fontcmss18b.obj</file>
         <name>fontcmss18b.obj</name>
      </input_file>
      <input_file id="fl-9a">
         <path>.\TivaWARE\grlib\fonts\</path>
         <kind>object</kind>
         <file>fontcmss18i.obj</file>
         <name>fontcmss18i.obj</name>
      </input_file>
      <input_file id="fl-9b">
         <path>.\TivaWARE\grlib\fonts\</path>
         <kind>object</kind>
         <file>fontcmss20.obj</file>
         <name>fontcmss20.obj</name>
      </input_file>
      <input_file id="fl-9c">
         <path>.\TivaWARE\grlib\fonts\</path>
         <kind>object</kind>
         <file>fontcmss20b.obj</file>
         <name>fontcmss20b.obj</name>
      </input_file>
      <input_file id="fl-9d">
         <path>.\TivaWARE\grlib\fonts\</path>
         <kind>object</kind>
         <file>fontcmss20i.obj</file>
         <name>fontcmss20i.obj</name>
      </input_file>
      <input_file id="fl-9e">
         <path>.\TivaWARE\grlib\fonts\</path>
         <kind>object</kind>
         <file>fontcmss22.obj</file>
         <name>fontcmss22.obj</name>
      </input_file>
      <input_file id="fl-9f">
         <path>.\TivaWARE\grlib\fonts\</path>
         <kind>object</kind>
         <file>fontcmss22b.obj</file>
         <name>fontcmss22b.obj</name>
      </input_file>
      <input_file id="fl-a0">
         <path>.\TivaWARE\grlib\fonts\</path>
         <kind>object</kind>
         <file>fontcmss22i.obj</file>
         <name>fontcmss22i.obj</name>
      </input_file>
      <input_file id="fl-a1">
         <path>.\TivaWARE\grlib\fonts\</path>
         <kind>object</kind>
         <file>fontcmss24.obj</file>
         <name>fontcmss24.obj</name>
      </input_file>
      <input_file id="fl-a2">
         <path>.\TivaWARE\grlib\fonts\</path>
         <kind>object</kind>
         <file>fontcmss24b.obj</file>
         <name>fontcmss24b.obj</name>
      </input_file>
      <input_file id="fl-a3">
         <path>.\TivaWARE\grlib\fonts\</path>
         <kind>object</kind>
         <file>fontcmss24i.obj</file>
         <name>fontcmss24i.obj</name>
      </input_file>
      <input_file id="fl-a4">
         <path>.\TivaWARE\grlib\fonts\</path>
         <kind>object</kind>
         <file>fontcmss26.obj</file>
         <name>fontcmss26.obj</name>
      </input_file>
      <input_file id="fl-a5">
         <path>.\TivaWARE\grlib\fonts\</path>
         <kind>object</kind>
         <file>fontcmss26b.obj</file>
         <name>fontcmss26b.obj</name>
      </input_file>
      <input_file id="fl-a6">
         <path>.\TivaWARE\grlib\fonts\</path>
         <kind>object</kind>
         <file>fontcmss26i.obj</file>
         <name>fontcmss26i.obj</name>
      </input_file>
      <input_file id="fl-a7">
         <path>.\TivaWARE\grlib\fonts\</path>
         <kind>object</kind>
         <file>fontcmss28.obj</file>
         <name>fontcmss28.obj</name>
      </input_file>
      <input_file id="fl-a8">
         <path>.\TivaWARE\grlib\fonts\</path>
         <kind>object</kind>
         <file>fontcmss28b.obj</file>
         <name>fontcmss28b.obj</name>
      </input_file>
      <input_file id="fl-a9">
         <path>.\TivaWARE\grlib\fonts\</path>
         <kind>object</kind>
         <file>fontcmss28i.obj</file>
         <name>fontcmss28i.obj</name>
      </input_file>
      <input_file id="fl-aa">
         <path>.\TivaWARE\grlib\fonts\</path>
         <kind>object</kind>
         <file>fontcmss30.obj</file>
         <name>fontcmss30.obj</name>
      </input_file>
      <input_file id="fl-ab">
         <path>.\TivaWARE\grlib\fonts\</path>
         <kind>object</kind>
         <file>fontcmss30b.obj</file>
         <name>fontcmss30b.obj</name>
      </input_file>
      <input_file id="fl-ac">
         <path>.\TivaWARE\grlib\fonts\</path>
         <kind>object</kind>
         <file>fontcmss30i.obj</file>
         <name>fontcmss30i.obj</name>
      </input_file>
      <input_file id="fl-ad">
         <path>.\TivaWARE\grlib\fonts\</path>
         <kind>object</kind>
         <file>fontcmss32.obj</file>
         <name>fontcmss32.obj</name>
      </input_file>
      <input_file id="fl-ae">
         <path>.\TivaWARE\grlib\fonts\</path>
         <kind>object</kind>
         <file>fontcmss32b.obj</file>
         <name>fontcmss32b.obj</name>
      </input_file>
      <input_file id="fl-af">
         <path>.\TivaWARE\grlib\fonts\</path>
         <kind>object</kind>
         <file>fontcmss32i.obj</file>
         <name>fontcmss32i.obj</name>
      </input_file>
      <input_file id="fl-b0">
         <path>.\TivaWARE\grlib\fonts\</path>
         <kind>object</kind>
         <file>fontcmss34.obj</file>
         <name>fontcmss34.obj</name>
      </input_file>
      <input_file id="fl-b1">
         <path>.\TivaWARE\grlib\fonts\</path>
         <kind>object</kind>
         <file>fontcmss34b.obj</file>
         <name>fontcmss34b.obj</name>
      </input_file>
      <input_file id="fl-b2">
         <path>.\TivaWARE\grlib\fonts\</path>
         <kind>object</kind>
         <file>fontcmss34i.obj</file>
         <name>fontcmss34i.obj</name>
      </input_file>
      <input_file id="fl-b3">
         <path>.\TivaWARE\grlib\fonts\</path>
         <kind>object</kind>
         <file>fontcmss36.obj</file>
         <name>fontcmss36.obj</name>
      </input_file>
      <input_file id="fl-b4">
         <path>.\TivaWARE\grlib\fonts\</path>
         <kind>object</kind>
         <file>fontcmss36b.obj</file>
         <name>fontcmss36b.obj</name>
      </input_file>
      <input_file id="fl-b5">
         <path>.\TivaWARE\grlib\fonts\</path>
         <kind>object</kind>
         <file>fontcmss36i.obj</file>
         <name>fontcmss36i.obj</name>
      </input_file>
      <input_file id="fl-b6">
         <path>.\TivaWARE\grlib\fonts\</path>
         <kind>object</kind>
         <file>fontcmss38.obj</file>
         <name>fontcmss38.obj</name>
      </input_file>
      <input_file id="fl-b7">
         <path>.\TivaWARE\grlib\fonts\</path>
         <kind>object</kind>
         <file>fontcmss38b.obj</file>
         <name>fontcmss38b.obj</name>
      </input_file>
      <input_file id="fl-b8">
         <path>.\TivaWARE\grlib\fonts\</path>
         <kind>object</kind>
         <file>fontcmss38i.obj</file>
         <name>fontcmss38i.obj</name>
      </input_file>
      <input_file id="fl-b9">
         <path>.\TivaWARE\grlib\fonts\</path>
         <kind>object</kind>
         <file>fontcmss40.obj</file>
         <name>fontcmss40.obj</name>
      </input_file>
      <input_file id="fl-ba">
         <path>.\TivaWARE\grlib\fonts\</path>
         <kind>object</kind>
         <file>fontcmss40b.obj</file>
         <name>fontcmss40b.obj</name>
      </input_file>
      <input_file id="fl-bb">
         <path>.\TivaWARE\grlib\fonts\</path>
         <kind>object</kind>
         <file>fontcmss40i.obj</file>
         <name>fontcmss40i.obj</name>
      </input_file>
      <input_file id="fl-bc">
         <path>.\TivaWARE\grlib\fonts\</path>
         <kind>object</kind>
         <file>fontcmss42.obj</file>
         <name>fontcmss42.obj</name>
      </input_file>
      <input_file id="fl-bd">
         <path>.\TivaWARE\grlib\fonts\</path>
         <kind>object</kind>
         <file>fontcmss42b.obj</file>
         <name>fontcmss42b.obj</name>
      </input_file>
      <input_file id="fl-be">
         <path>.\TivaWARE\grlib\fonts\</path>
         <kind>object</kind>
         <file>fontcmss42i.obj</file>
         <name>fontcmss42i.obj</name>
      </input_file>
      <input_file id="fl-bf">
         <path>.\TivaWARE\grlib\fonts\</path>
         <kind>object</kind>
         <file>fontcmss44.obj</file>
         <name>fontcmss44.obj</name>
      </input_file>
      <input_file id="fl-c0">
         <path>.\TivaWARE\grlib\fonts\</path>
         <kind>object</kind>
         <file>fontcmss44b.obj</file>
         <name>fontcmss44b.obj</name>
      </input_file>
      <input_file id="fl-c1">
         <path>.\TivaWARE\grlib\fonts\</path>
         <kind>object</kind>
         <file>fontcmss44i.obj</file>
         <name>fontcmss44i.obj</name>
      </input_file>
      <input_file id="fl-c2">
         <path>.\TivaWARE\grlib\fonts\</path>
         <kind>object</kind>
         <file>fontcmss46.obj</file>
         <name>fontcmss46.obj</name>
      </input_file>
      <input_file id="fl-c3">
         <path>.\TivaWARE\grlib\fonts\</path>
         <kind>object</kind>
         <file>fontcmss46b.obj</file>
         <name>fontcmss46b.obj</name>
      </input_file>
      <input_file id="fl-c4">
         <path>.\TivaWARE\grlib\fonts\</path>
         <kind>object</kind>
         <file>fontcmss46i.obj</file>
         <name>fontcmss46i.obj</name>
      </input_file>
      <input_file id="fl-c5">
         <path>.\TivaWARE\grlib\fonts\</path>
         <kind>object</kind>
         <file>fontcmss48.obj</file>
         <name>fontcmss48.obj</name>
      </input_file>
      <input_file id="fl-c6">
         <path>.\TivaWARE\grlib\fonts\</path>
         <kind>object</kind>
         <file>fontcmss48b.obj</file>
         <name>fontcmss48b.obj</name>
      </input_file>
      <input_file id="fl-c7">
         <path>.\TivaWARE\grlib\fonts\</path>
         <kind>object</kind>
         <file>fontcmss48i.obj</file>
         <name>fontcmss48i.obj</name>
      </input_file>
      <input_file id="fl-c8">
         <path>.\TivaWARE\grlib\fonts\</path>
         <kind>object</kind>
         <file>fontcmtt12.obj</file>
         <name>fontcmtt12.obj</name>
      </input_file>
      <input_file id="fl-c9">
         <path>.\TivaWARE\grlib\fonts\</path>
         <kind>object</kind>
         <file>fontcmtt14.obj</file>
         <name>fontcmtt14.obj</name>
      </input_file>
      <input_file id="fl-ca">
         <path>.\TivaWARE\grlib\fonts\</path>
         <kind>object</kind>
         <file>fontcmtt16.obj</file>
         <name>fontcmtt16.obj</name>
      </input_file>
      <input_file id="fl-cb">
         <path>.\TivaWARE\grlib\fonts\</path>
         <kind>object</kind>
         <file>fontcmtt18.obj</file>
         <name>fontcmtt18.obj</name>
      </input_file>
      <input_file id="fl-cc">
         <path>.\TivaWARE\grlib\fonts\</path>
         <kind>object</kind>
         <file>fontcmtt20.obj</file>
         <name>fontcmtt20.obj</name>
      </input_file>
      <input_file id="fl-cd">
         <path>.\TivaWARE\grlib\fonts\</path>
         <kind>object</kind>
         <file>fontcmtt22.obj</file>
         <name>fontcmtt22.obj</name>
      </input_file>
      <input_file id="fl-ce">
         <path>.\TivaWARE\grlib\fonts\</path>
         <kind>object</kind>
         <file>fontcmtt24.obj</file>
         <name>fontcmtt24.obj</name>
      </input_file>
      <input_file id="fl-cf">
         <path>.\TivaWARE\grlib\fonts\</path>
         <kind>object</kind>
         <file>fontcmtt26.obj</file>
         <name>fontcmtt26.obj</name>
      </input_file>
      <input_file id="fl-d0">
         <path>.\TivaWARE\grlib\fonts\</path>
         <kind>object</kind>
         <file>fontcmtt28.obj</file>
         <name>fontcmtt28.obj</name>
      </input_file>
      <input_file id="fl-d1">
         <path>.\TivaWARE\grlib\fonts\</path>
         <kind>object</kind>
         <file>fontcmtt30.obj</file>
         <name>fontcmtt30.obj</name>
      </input_file>
      <input_file id="fl-d2">
         <path>.\TivaWARE\grlib\fonts\</path>
         <kind>object</kind>
         <file>fontcmtt32.obj</file>
         <name>fontcmtt32.obj</name>
      </input_file>
      <input_file id="fl-d3">
         <path>.\TivaWARE\grlib\fonts\</path>
         <kind>object</kind>
         <file>fontcmtt34.obj</file>
         <name>fontcmtt34.obj</name>
      </input_file>
      <input_file id="fl-d4">
         <path>.\TivaWARE\grlib\fonts\</path>
         <kind>object</kind>
         <file>fontcmtt36.obj</file>
         <name>fontcmtt36.obj</name>
      </input_file>
      <input_file id="fl-d5">
         <path>.\TivaWARE\grlib\fonts\</path>
         <kind>object</kind>
         <file>fontcmtt38.obj</file>
         <name>fontcmtt38.obj</name>
      </input_file>
      <input_file id="fl-d6">
         <path>.\TivaWARE\grlib\fonts\</path>
         <kind>object</kind>
         <file>fontcmtt40.obj</file>
         <name>fontcmtt40.obj</name>
      </input_file>
      <input_file id="fl-d7">
         <path>.\TivaWARE\grlib\fonts\</path>
         <kind>object</kind>
         <file>fontcmtt42.obj</file>
         <name>fontcmtt42.obj</name>
      </input_file>
      <input_file id="fl-d8">
         <path>.\TivaWARE\grlib\fonts\</path>
         <kind>object</kind>
         <file>fontcmtt44.obj</file>
         <name>fontcmtt44.obj</name>
      </input_file>
      <input_file id="fl-d9">
         <path>.\TivaWARE\grlib\fonts\</path>
         <kind>object</kind>
         <file>fontcmtt46.obj</file>
         <name>fontcmtt46.obj</name>
      </input_file>
      <input_file id="fl-da">
         <path>.\TivaWARE\grlib\fonts\</path>
         <kind>object</kind>
         <file>fontcmtt48.obj</file>
         <name>fontcmtt48.obj</name>
      </input_file>
      <input_file id="fl-db">
         <path>.\TivaWARE\grlib\fonts\</path>
         <kind>object</kind>
         <file>fontfixed6x8.obj</file>
         <name>fontfixed6x8.obj</name>
      </input_file>
      <input_file id="fl-dc">
         <path>.\TivaWARE\sensorlib\</path>
         <kind>object</kind>
         <file>ak8963.obj</file>
         <name>ak8963.obj</name>
      </input_file>
      <input_file id="fl-dd">
         <path>.\TivaWARE\sensorlib\</path>
         <kind>object</kind>
         <file>ak8975.obj</file>
         <name>ak8975.obj</name>
      </input_file>
      <input_file id="fl-de">
         <path>.\TivaWARE\sensorlib\</path>
         <kind>object</kind>
         <file>bmp180.obj</file>
         <name>bmp180.obj</name>
      </input_file>
      <input_file id="fl-df">
         <path>.\TivaWARE\sensorlib\</path>
         <kind>object</kind>
         <file>bq27510g3.obj</file>
         <name>bq27510g3.obj</name>
      </input_file>
      <input_file id="fl-e0">
         <path>.\TivaWARE\sensorlib\</path>
         <kind>object</kind>
         <file>cm3218.obj</file>
         <name>cm3218.obj</name>
      </input_file>
      <input_file id="fl-e1">
         <path>.\TivaWARE\sensorlib\</path>
         <kind>object</kind>
         <file>comp_dcm.obj</file>
         <name>comp_dcm.obj</name>
      </input_file>
      <input_file id="fl-e2">
         <path>.\TivaWARE\sensorlib\</path>
         <kind>object</kind>
         <file>i2cm_drv.obj</file>
         <name>i2cm_drv.obj</name>
      </input_file>
      <input_file id="fl-e3">
         <path>.\TivaWARE\sensorlib\</path>
         <kind>object</kind>
         <file>isl29023.obj</file>
         <name>isl29023.obj</name>
      </input_file>
      <input_file id="fl-e4">
         <path>.\TivaWARE\sensorlib\</path>
         <kind>object</kind>
         <file>kxti9.obj</file>
         <name>kxti9.obj</name>
      </input_file>
      <input_file id="fl-e5">
         <path>.\TivaWARE\sensorlib\</path>
         <kind>object</kind>
         <file>l3gd20h.obj</file>
         <name>l3gd20h.obj</name>
      </input_file>
      <input_file id="fl-e6">
         <path>.\TivaWARE\sensorlib\</path>
         <kind>object</kind>
         <file>lsm303d.obj</file>
         <name>lsm303d.obj</name>
      </input_file>
      <input_file id="fl-e7">
         <path>.\TivaWARE\sensorlib\</path>
         <kind>object</kind>
         <file>lsm303dlhc_accel.obj</file>
         <name>lsm303dlhc_accel.obj</name>
      </input_file>
      <input_file id="fl-e8">
         <path>.\TivaWARE\sensorlib\</path>
         <kind>object</kind>
         <file>lsm303dlhc_mag.obj</file>
         <name>lsm303dlhc_mag.obj</name>
      </input_file>
      <input_file id="fl-e9">
         <path>.\TivaWARE\sensorlib\</path>
         <kind>object</kind>
         <file>magneto.obj</file>
         <name>magneto.obj</name>
      </input_file>
      <input_file id="fl-ea">
         <path>.\TivaWARE\sensorlib\</path>
         <kind>object</kind>
         <file>mpu6050.obj</file>
         <name>mpu6050.obj</name>
      </input_file>
      <input_file id="fl-eb">
         <path>.\TivaWARE\sensorlib\</path>
         <kind>object</kind>
         <file>mpu9150.obj</file>
         <name>mpu9150.obj</name>
      </input_file>
      <input_file id="fl-ec">
         <path>.\TivaWARE\sensorlib\</path>
         <kind>object</kind>
         <file>quaternion.obj</file>
         <name>quaternion.obj</name>
      </input_file>
      <input_file id="fl-ed">
         <path>.\TivaWARE\sensorlib\</path>
         <kind>object</kind>
         <file>sht21.obj</file>
         <name>sht21.obj</name>
      </input_file>
      <input_file id="fl-ee">
         <path>.\TivaWARE\sensorlib\</path>
         <kind>object</kind>
         <file>tmp006.obj</file>
         <name>tmp006.obj</name>
      </input_file>
      <input_file id="fl-ef">
         <path>.\TivaWARE\sensorlib\</path>
         <kind>object</kind>
         <file>tmp100.obj</file>
         <name>tmp100.obj</name>
      </input_file>
      <input_file id="fl-f0">
         <path>.\TivaWARE\sensorlib\</path>
         <kind>object</kind>
         <file>vector.obj</file>
         <name>vector.obj</name>
      </input_file>
      <input_file id="fl-f1">
         <path>.\TivaWARE\usblib\device\</path>
         <kind>object</kind>
         <file>usbdaudio.obj</file>
         <name>usbdaudio.obj</name>
      </input_file>
      <input_file id="fl-f2">
         <path>.\TivaWARE\usblib\device\</path>
         <kind>object</kind>
         <file>usbdbulk.obj</file>
         <name>usbdbulk.obj</name>
      </input_file>
      <input_file id="fl-f3">
         <path>.\TivaWARE\usblib\device\</path>
         <kind>object</kind>
         <file>usbdcdc.obj</file>
         <name>usbdcdc.obj</name>
      </input_file>
      <input_file id="fl-f4">
         <path>.\TivaWARE\usblib\device\</path>
         <kind>object</kind>
         <file>usbdcdesc.obj</file>
         <name>usbdcdesc.obj</name>
      </input_file>
      <input_file id="fl-f5">
         <path>.\TivaWARE\usblib\device\</path>
         <kind>object</kind>
         <file>usbdcomp.obj</file>
         <name>usbdcomp.obj</name>
      </input_file>
      <input_file id="fl-f6">
         <path>.\TivaWARE\usblib\device\</path>
         <kind>object</kind>
         <file>usbdconfig.obj</file>
         <name>usbdconfig.obj</name>
      </input_file>
      <input_file id="fl-f7">
         <path>.\TivaWARE\usblib\device\</path>
         <kind>object</kind>
         <file>usbddfu-rt.obj</file>
         <name>usbddfu-rt.obj</name>
      </input_file>
      <input_file id="fl-f8">
         <path>.\TivaWARE\usblib\device\</path>
         <kind>object</kind>
         <file>usbdenum.obj</file>
         <name>usbdenum.obj</name>
      </input_file>
      <input_file id="fl-f9">
         <path>.\TivaWARE\usblib\device\</path>
         <kind>object</kind>
         <file>usbdhandler.obj</file>
         <name>usbdhandler.obj</name>
      </input_file>
      <input_file id="fl-fa">
         <path>.\TivaWARE\usblib\device\</path>
         <kind>object</kind>
         <file>usbdhid.obj</file>
         <name>usbdhid.obj</name>
      </input_file>
      <input_file id="fl-fb">
         <path>.\TivaWARE\usblib\device\</path>
         <kind>object</kind>
         <file>usbdhidgamepad.obj</file>
         <name>usbdhidgamepad.obj</name>
      </input_file>
      <input_file id="fl-fc">
         <path>.\TivaWARE\usblib\device\</path>
         <kind>object</kind>
         <file>usbdhidkeyb.obj</file>
         <name>usbdhidkeyb.obj</name>
      </input_file>
      <input_file id="fl-fd">
         <path>.\TivaWARE\usblib\device\</path>
         <kind>object</kind>
         <file>usbdhidmouse.obj</file>
         <name>usbdhidmouse.obj</name>
      </input_file>
      <input_file id="fl-fe">
         <path>.\TivaWARE\usblib\device\</path>
         <kind>object</kind>
         <file>usbdmsc.obj</file>
         <name>usbdmsc.obj</name>
      </input_file>
      <input_file id="fl-ff">
         <path>.\TivaWARE\usblib\host\</path>
         <kind>object</kind>
         <file>usbhaudio.obj</file>
         <name>usbhaudio.obj</name>
      </input_file>
      <input_file id="fl-100">
         <path>.\TivaWARE\usblib\host\</path>
         <kind>object</kind>
         <file>usbhhid.obj</file>
         <name>usbhhid.obj</name>
      </input_file>
      <input_file id="fl-101">
         <path>.\TivaWARE\usblib\host\</path>
         <kind>object</kind>
         <file>usbhhidkeyboard.obj</file>
         <name>usbhhidkeyboard.obj</name>
      </input_file>
      <input_file id="fl-102">
         <path>.\TivaWARE\usblib\host\</path>
         <kind>object</kind>
         <file>usbhhidmouse.obj</file>
         <name>usbhhidmouse.obj</name>
      </input_file>
      <input_file id="fl-103">
         <path>.\TivaWARE\usblib\host\</path>
         <kind>object</kind>
         <file>usbhhub.obj</file>
         <name>usbhhub.obj</name>
      </input_file>
      <input_file id="fl-104">
         <path>.\TivaWARE\usblib\host\</path>
         <kind>object</kind>
         <file>usbhmsc.obj</file>
         <name>usbhmsc.obj</name>
      </input_file>
      <input_file id="fl-105">
         <path>.\TivaWARE\usblib\host\</path>
         <kind>object</kind>
         <file>usbhostenum.obj</file>
         <name>usbhostenum.obj</name>
      </input_file>
      <input_file id="fl-106">
         <path>.\TivaWARE\usblib\host\</path>
         <kind>object</kind>
         <file>usbhscsi.obj</file>
         <name>usbhscsi.obj</name>
      </input_file>
      <input_file id="fl-107">
         <path>.\TivaWARE\usblib\</path>
         <kind>object</kind>
         <file>usbbuffer.obj</file>
         <name>usbbuffer.obj</name>
      </input_file>
      <input_file id="fl-108">
         <path>.\TivaWARE\usblib\</path>
         <kind>object</kind>
         <file>usbdesc.obj</file>
         <name>usbdesc.obj</name>
      </input_file>
      <input_file id="fl-109">
         <path>.\TivaWARE\usblib\</path>
         <kind>object</kind>
         <file>usbdma.obj</file>
         <name>usbdma.obj</name>
      </input_file>
      <input_file id="fl-10a">
         <path>.\TivaWARE\usblib\</path>
         <kind>object</kind>
         <file>usbkeyboardmap.obj</file>
         <name>usbkeyboardmap.obj</name>
      </input_file>
      <input_file id="fl-10b">
         <path>.\TivaWARE\usblib\</path>
         <kind>object</kind>
         <file>usbmode.obj</file>
         <name>usbmode.obj</name>
      </input_file>
      <input_file id="fl-10c">
         <path>.\TivaWARE\usblib\</path>
         <kind>object</kind>
         <file>usbringbuf.obj</file>
         <name>usbringbuf.obj</name>
      </input_file>
      <input_file id="fl-10d">
         <path>.\TivaWARE\usblib\</path>
         <kind>object</kind>
         <file>usbtick.obj</file>
         <name>usbtick.obj</name>
      </input_file>
      <input_file id="fl-10e">
         <path>.\TivaWARE\usblib\</path>
         <kind>object</kind>
         <file>usbulpi.obj</file>
         <name>usbulpi.obj</name>
      </input_file>
      <input_file id="fl-10f">
         <path>.\TivaWARE\utils\</path>
         <kind>object</kind>
         <file>cmdline.obj</file>
         <name>cmdline.obj</name>
      </input_file>
      <input_file id="fl-110">
         <path>.\TivaWARE\utils\</path>
         <kind>object</kind>
         <file>cpu_usage.obj</file>
         <name>cpu_usage.obj</name>
      </input_file>
      <input_file id="fl-111">
         <path>.\TivaWARE\utils\</path>
         <kind>object</kind>
         <file>eeprom_pb.obj</file>
         <name>eeprom_pb.obj</name>
      </input_file>
      <input_file id="fl-112">
         <path>.\TivaWARE\utils\</path>
         <kind>object</kind>
         <file>flash_pb.obj</file>
         <name>flash_pb.obj</name>
      </input_file>
      <input_file id="fl-113">
         <path>.\TivaWARE\utils\</path>
         <kind>object</kind>
         <file>isqrt.obj</file>
         <name>isqrt.obj</name>
      </input_file>
      <input_file id="fl-114">
         <path>.\TivaWARE\utils\</path>
         <kind>object</kind>
         <file>random.obj</file>
         <name>random.obj</name>
      </input_file>
      <input_file id="fl-115">
         <path>.\TivaWARE\utils\</path>
         <kind>object</kind>
         <file>ringbuf.obj</file>
         <name>ringbuf.obj</name>
      </input_file>
      <input_file id="fl-116">
         <path>.\TivaWARE\utils\</path>
         <kind>object</kind>
         <file>scheduler.obj</file>
         <name>scheduler.obj</name>
      </input_file>
      <input_file id="fl-117">
         <path>.\TivaWARE\utils\</path>
         <kind>object</kind>
         <file>sine.obj</file>
         <name>sine.obj</name>
      </input_file>
      <input_file id="fl-118">
         <path>.\TivaWARE\utils\</path>
         <kind>object</kind>
         <file>smbus.obj</file>
         <name>smbus.obj</name>
      </input_file>
      <input_file id="fl-119">
         <path>.\TivaWARE\utils\</path>
         <kind>object</kind>
         <file>softi2c.obj</file>
         <name>softi2c.obj</name>
      </input_file>
      <input_file id="fl-11a">
         <path>.\TivaWARE\utils\</path>
         <kind>object</kind>
         <file>softssi.obj</file>
         <name>softssi.obj</name>
      </input_file>
      <input_file id="fl-11b">
         <path>.\TivaWARE\utils\</path>
         <kind>object</kind>
         <file>softuart.obj</file>
         <name>softuart.obj</name>
      </input_file>
      <input_file id="fl-11c">
         <path>.\TivaWARE\utils\</path>
         <kind>object</kind>
         <file>spi_flash.obj</file>
         <name>spi_flash.obj</name>
      </input_file>
      <input_file id="fl-11d">
         <path>.\TivaWARE\utils\</path>
         <kind>object</kind>
         <file>uartstdio.obj</file>
         <name>uartstdio.obj</name>
      </input_file>
      <input_file id="fl-11e">
         <path>.\TivaWARE\utils\</path>
         <kind>object</kind>
         <file>ustdlib.obj</file>
         <name>ustdlib.obj</name>
      </input_file>
      <input_file id="fl-11f">
         <path>.\TivaWARE\utils\</path>
         <kind>object</kind>
         <file>wavfile.obj</file>
         <name>wavfile.obj</name>
      </input_file>
      <input_file id="fl-128">
         <kind>object</kind>
         <file>&lt;internal&gt;</file>
         <name>&lt;internal&gt;</name>
      </input_file>
      <input_file id="fl-1de">
         <path>E:\ti\ccs910\ccs\tools\compiler\ti-cgt-arm_18.12.2.LTS\lib\</path>
         <kind>archive</kind>
         <file>rtsv7M4_T_le_v4SPD16_eabi.lib</file>
         <name>e_acosf.c.obj</name>
      </input_file>
      <input_file id="fl-1df">
         <path>E:\ti\ccs910\ccs\tools\compiler\ti-cgt-arm_18.12.2.LTS\lib\</path>
         <kind>archive</kind>
         <file>rtsv7M4_T_le_v4SPD16_eabi.lib</file>
         <name>e_asinf.c.obj</name>
      </input_file>
      <input_file id="fl-1e0">
         <path>E:\ti\ccs910\ccs\tools\compiler\ti-cgt-arm_18.12.2.LTS\lib\</path>
         <kind>archive</kind>
         <file>rtsv7M4_T_le_v4SPD16_eabi.lib</file>
         <name>e_atan2f.c.obj</name>
      </input_file>
      <input_file id="fl-1e1">
         <path>E:\ti\ccs910\ccs\tools\compiler\ti-cgt-arm_18.12.2.LTS\lib\</path>
         <kind>archive</kind>
         <file>rtsv7M4_T_le_v4SPD16_eabi.lib</file>
         <name>e_sqrtf.c.obj</name>
      </input_file>
      <input_file id="fl-1e2">
         <path>E:\ti\ccs910\ccs\tools\compiler\ti-cgt-arm_18.12.2.LTS\lib\</path>
         <kind>archive</kind>
         <file>rtsv7M4_T_le_v4SPD16_eabi.lib</file>
         <name>s_atanf.c.obj</name>
      </input_file>
      <input_file id="fl-1e3">
         <path>E:\ti\ccs910\ccs\tools\compiler\ti-cgt-arm_18.12.2.LTS\lib\</path>
         <kind>archive</kind>
         <file>rtsv7M4_T_le_v4SPD16_eabi.lib</file>
         <name>s_cosf.c.obj</name>
      </input_file>
      <input_file id="fl-1e4">
         <path>E:\ti\ccs910\ccs\tools\compiler\ti-cgt-arm_18.12.2.LTS\lib\</path>
         <kind>archive</kind>
         <file>rtsv7M4_T_le_v4SPD16_eabi.lib</file>
         <name>s_sinf.c.obj</name>
      </input_file>
      <input_file id="fl-1e5">
         <path>E:\ti\ccs910\ccs\tools\compiler\ti-cgt-arm_18.12.2.LTS\lib\</path>
         <kind>archive</kind>
         <file>rtsv7M4_T_le_v4SPD16_eabi.lib</file>
         <name>e_sqrt.c.obj</name>
      </input_file>
      <input_file id="fl-1e6">
         <path>E:\ti\ccs910\ccs\tools\compiler\ti-cgt-arm_18.12.2.LTS\lib\</path>
         <kind>archive</kind>
         <file>rtsv7M4_T_le_v4SPD16_eabi.lib</file>
         <name>memset_t2.asm.obj</name>
      </input_file>
      <input_file id="fl-1e7">
         <path>E:\ti\ccs910\ccs\tools\compiler\ti-cgt-arm_18.12.2.LTS\lib\</path>
         <kind>archive</kind>
         <file>rtsv7M4_T_le_v4SPD16_eabi.lib</file>
         <name>fd_add_t2.asm.obj</name>
      </input_file>
      <input_file id="fl-1e8">
         <path>E:\ti\ccs910\ccs\tools\compiler\ti-cgt-arm_18.12.2.LTS\lib\</path>
         <kind>archive</kind>
         <file>rtsv7M4_T_le_v4SPD16_eabi.lib</file>
         <name>fd_div_t2.asm.obj</name>
      </input_file>
      <input_file id="fl-1e9">
         <path>E:\ti\ccs910\ccs\tools\compiler\ti-cgt-arm_18.12.2.LTS\lib\</path>
         <kind>archive</kind>
         <file>rtsv7M4_T_le_v4SPD16_eabi.lib</file>
         <name>fd_mul_t2.asm.obj</name>
      </input_file>
      <input_file id="fl-1ea">
         <path>E:\ti\ccs910\ccs\tools\compiler\ti-cgt-arm_18.12.2.LTS\lib\</path>
         <kind>archive</kind>
         <file>rtsv7M4_T_le_v4SPD16_eabi.lib</file>
         <name>fd_tos_t2.asm.obj</name>
      </input_file>
      <input_file id="fl-1eb">
         <path>E:\ti\ccs910\ccs\tools\compiler\ti-cgt-arm_18.12.2.LTS\lib\</path>
         <kind>archive</kind>
         <file>rtsv7M4_T_le_v4SPD16_eabi.lib</file>
         <name>fs_tod_t2.asm.obj</name>
      </input_file>
      <input_file id="fl-1ec">
         <path>E:\ti\ccs910\ccs\tools\compiler\ti-cgt-arm_18.12.2.LTS\lib\</path>
         <kind>archive</kind>
         <file>rtsv7M4_T_le_v4SPD16_eabi.lib</file>
         <name>memcpy_t2.asm.obj</name>
      </input_file>
      <input_file id="fl-1ed">
         <path>E:\ti\ccs910\ccs\tools\compiler\ti-cgt-arm_18.12.2.LTS\lib\</path>
         <kind>archive</kind>
         <file>rtsv7M4_T_le_v4SPD16_eabi.lib</file>
         <name>u_divt2.asm.obj</name>
      </input_file>
      <input_file id="fl-1ee">
         <path>E:\ti\ccs910\ccs\tools\compiler\ti-cgt-arm_18.12.2.LTS\lib\</path>
         <kind>archive</kind>
         <file>rtsv7M4_T_le_v4SPD16_eabi.lib</file>
         <name>copy_zero_init.c.obj</name>
      </input_file>
      <input_file id="fl-1ef">
         <path>E:\ti\ccs910\ccs\tools\compiler\ti-cgt-arm_18.12.2.LTS\lib\</path>
         <kind>archive</kind>
         <file>rtsv7M4_T_le_v4SPD16_eabi.lib</file>
         <name>copy_decompress_none.c.obj</name>
      </input_file>
      <input_file id="fl-1f0">
         <path>E:\ti\ccs910\ccs\tools\compiler\ti-cgt-arm_18.12.2.LTS\lib\</path>
         <kind>archive</kind>
         <file>rtsv7M4_T_le_v4SPD16_eabi.lib</file>
         <name>copy_decompress_lzss.c.obj</name>
      </input_file>
      <input_file id="fl-1f1">
         <path>E:\ti\ccs910\ccs\tools\compiler\ti-cgt-arm_18.12.2.LTS\lib\</path>
         <kind>archive</kind>
         <file>rtsv7M4_T_le_v4SPD16_eabi.lib</file>
         <name>strcmp.c.obj</name>
      </input_file>
      <input_file id="fl-1f2">
         <path>E:\ti\ccs910\ccs\tools\compiler\ti-cgt-arm_18.12.2.LTS\lib\</path>
         <kind>archive</kind>
         <file>rtsv7M4_T_le_v4SPD16_eabi.lib</file>
         <name>boot_cortex_m.c.obj</name>
      </input_file>
      <input_file id="fl-1f3">
         <path>E:\ti\ccs910\ccs\tools\compiler\ti-cgt-arm_18.12.2.LTS\lib\</path>
         <kind>archive</kind>
         <file>rtsv7M4_T_le_v4SPD16_eabi.lib</file>
         <name>errno.c.obj</name>
      </input_file>
      <input_file id="fl-1f4">
         <path>E:\ti\ccs910\ccs\tools\compiler\ti-cgt-arm_18.12.2.LTS\lib\</path>
         <kind>archive</kind>
         <file>rtsv7M4_T_le_v4SPD16_eabi.lib</file>
         <name>div0.asm.obj</name>
      </input_file>
      <input_file id="fl-1f5">
         <path>E:\ti\ccs910\ccs\tools\compiler\ti-cgt-arm_18.12.2.LTS\lib\</path>
         <kind>archive</kind>
         <file>rtsv7M4_T_le_v4SPD16_eabi.lib</file>
         <name>autoinit.c.obj</name>
      </input_file>
      <input_file id="fl-1f6">
         <path>E:\ti\ccs910\ccs\tools\compiler\ti-cgt-arm_18.12.2.LTS\lib\</path>
         <kind>archive</kind>
         <file>rtsv7M4_T_le_v4SPD16_eabi.lib</file>
         <name>pre_init.c.obj</name>
      </input_file>
      <input_file id="fl-1f7">
         <path>E:\ti\ccs910\ccs\tools\compiler\ti-cgt-arm_18.12.2.LTS\lib\</path>
         <kind>archive</kind>
         <file>rtsv7M4_T_le_v4SPD16_eabi.lib</file>
         <name>cpy_tbl.c.obj</name>
      </input_file>
      <input_file id="fl-1f8">
         <path>E:\ti\ccs910\ccs\tools\compiler\ti-cgt-arm_18.12.2.LTS\lib\</path>
         <kind>archive</kind>
         <file>rtsv7M4_T_le_v4SPD16_eabi.lib</file>
         <name>exit.c.obj</name>
      </input_file>
      <input_file id="fl-1f9">
         <path>E:\ti\ccs910\ccs\tools\compiler\ti-cgt-arm_18.12.2.LTS\lib\</path>
         <kind>archive</kind>
         <file>rtsv7M4_T_le_v4SPD16_eabi.lib</file>
         <name>_lock.c.obj</name>
      </input_file>
      <input_file id="fl-1fa">
         <path>E:\ti\ccs910\ccs\tools\compiler\ti-cgt-arm_18.12.2.LTS\lib\</path>
         <kind>archive</kind>
         <file>rtsv7M4_T_le_v4SPD16_eabi.lib</file>
         <name>args_main.c.obj</name>
      </input_file>
   </input_file_list>
   <object_component_list>
      <object_component id="oc-f">
         <name>.intvecs</name>
         <load_address>0x0</load_address>
         <run_address>0x0</run_address>
         <size>0x26c</size>
         <input_file_ref idref="fl-3"/>
      </object_component>
      <object_component id="oc-7c">
         <name>.text</name>
         <load_address>0x26c</load_address>
         <run_address>0x26c</run_address>
         <size>0xc30</size>
         <input_file_ref idref="fl-9"/>
      </object_component>
      <object_component id="oc-e3">
         <name>.text</name>
         <load_address>0xe9c</load_address>
         <run_address>0xe9c</run_address>
         <size>0x108</size>
         <input_file_ref idref="fl-d"/>
      </object_component>
      <object_component id="oc-2f">
         <name>.text</name>
         <load_address>0xfa4</load_address>
         <run_address>0xfa4</run_address>
         <size>0xe4</size>
         <input_file_ref idref="fl-b"/>
      </object_component>
      <object_component id="oc-2a">
         <name>.text</name>
         <load_address>0x1088</load_address>
         <run_address>0x1088</run_address>
         <size>0xda</size>
         <input_file_ref idref="fl-c"/>
      </object_component>
      <object_component id="oc-bf">
         <name>.text</name>
         <load_address>0x1164</load_address>
         <run_address>0x1164</run_address>
         <size>0xc8</size>
         <input_file_ref idref="fl-2"/>
      </object_component>
      <object_component id="oc-43">
         <name>.text</name>
         <load_address>0x122c</load_address>
         <run_address>0x122c</run_address>
         <size>0x9c</size>
         <input_file_ref idref="fl-1ec"/>
      </object_component>
      <object_component id="oc-d7">
         <name>.text</name>
         <load_address>0x12c8</load_address>
         <run_address>0x12c8</run_address>
         <size>0x92</size>
         <input_file_ref idref="fl-6"/>
      </object_component>
      <object_component id="oc-12">
         <name>.text:decompress:lzss:__TI_decompress_lzss</name>
         <load_address>0x135a</load_address>
         <run_address>0x135a</run_address>
         <size>0x68</size>
         <input_file_ref idref="fl-1f0"/>
      </object_component>
      <object_component id="oc-12f">
         <name>.text:__TI_auto_init_nobinit_nopinit:__TI_auto_init_nobinit_nopinit</name>
         <load_address>0x13c4</load_address>
         <run_address>0x13c4</run_address>
         <size>0x44</size>
         <input_file_ref idref="fl-1f5"/>
      </object_component>
      <object_component id="oc-61">
         <name>.text:_c_int00_noargs:_c_int00_noargs</name>
         <load_address>0x1408</load_address>
         <run_address>0x1408</run_address>
         <size>0x34</size>
         <input_file_ref idref="fl-1f2"/>
      </object_component>
      <object_component id="oc-4f">
         <name>.text:decompress:ZI:__TI_zero_init_nomemset:__TI_zero_init_nomemset</name>
         <load_address>0x143c</load_address>
         <run_address>0x143c</run_address>
         <size>0x1c</size>
         <input_file_ref idref="fl-1ee"/>
      </object_component>
      <object_component id="oc-18">
         <name>.text:decompress:none:__TI_decompress_none</name>
         <load_address>0x1458</load_address>
         <run_address>0x1458</run_address>
         <size>0xe</size>
         <input_file_ref idref="fl-1ef"/>
      </object_component>
      <object_component id="oc-24">
         <name>.text</name>
         <load_address>0x1466</load_address>
         <run_address>0x1466</run_address>
         <size>0xc</size>
         <input_file_ref idref="fl-3"/>
      </object_component>
      <object_component id="oc-b9">
         <name>.text:_system_pre_init</name>
         <load_address>0x1472</load_address>
         <run_address>0x1472</run_address>
         <size>0x4</size>
         <input_file_ref idref="fl-1f6"/>
      </object_component>
      <object_component id="oc-123">
         <name>.text:abort:abort</name>
         <load_address>0x1476</load_address>
         <run_address>0x1476</run_address>
         <size>0x4</size>
         <input_file_ref idref="fl-1f8"/>
      </object_component>
      <object_component id="oc-79">
         <name>.const</name>
         <load_address>0x147c</load_address>
         <run_address>0x147c</run_address>
         <size>0x4</size>
         <input_file_ref idref="fl-b"/>
      </object_component>
      <object_component id="oc-234">
         <name>.cinit..data.load</name>
         <load_address>0x1480</load_address>
         <run_address>0x1480</run_address>
         <size>0xe</size>
      </object_component>
      <object_component id="oc-232">
         <name>__TI_handler_table</name>
         <load_address>0x1490</load_address>
         <run_address>0x1490</run_address>
         <size>0xc</size>
      </object_component>
      <object_component id="oc-235">
         <name>.cinit..bss.load</name>
         <load_address>0x14a0</load_address>
         <run_address>0x14a0</run_address>
         <size>0x8</size>
      </object_component>
      <object_component id="oc-233">
         <name>__TI_cinit_table</name>
         <load_address>0x14a8</load_address>
         <run_address>0x14a8</run_address>
         <size>0x10</size>
      </object_component>
      <object_component id="oc-76">
         <name>.data</name>
         <load_address>0x20002124</load_address>
         <run_address>0x20002124</run_address>
         <size>0x2c</size>
         <input_file_ref idref="fl-9"/>
      </object_component>
      <object_component id="oc-dd">
         <name>.data:$O1$$</name>
         <load_address>0x20002018</load_address>
         <run_address>0x20002018</run_address>
         <size>0x10c</size>
         <input_file_ref idref="fl-9"/>
      </object_component>
      <object_component id="oc-83">
         <name>.data</name>
         <load_address>0x20002150</load_address>
         <run_address>0x20002150</run_address>
         <size>0x4</size>
         <input_file_ref idref="fl-b"/>
      </object_component>
      <object_component id="oc-17d">
         <name>.data:$O1$$</name>
         <load_address>0x20000000</load_address>
         <run_address>0x20000000</run_address>
         <size>0x2018</size>
         <input_file_ref idref="fl-d"/>
      </object_component>
      <object_component id="oc-e0">
         <name>.bss</name>
         <uninitialized>true</uninitialized>
         <run_address>0x20002358</run_address>
         <size>0x8</size>
         <input_file_ref idref="fl-9"/>
      </object_component>
      <object_component id="oc-21">
         <name>.stack</name>
         <uninitialized>true</uninitialized>
         <run_address>0x20002158</run_address>
         <size>0x4</size>
         <input_file_ref idref="fl-1f2"/>
      </object_component>
      <object_component id="oc-236">
         <name>.stack</name>
         <uninitialized>true</uninitialized>
         <run_address>0x20002158</run_address>
         <size>0x0</size>
      </object_component>
      <object_component id="oc-107">
         <name>.debug_info</name>
         <load_address>0x0</load_address>
         <run_address>0x0</run_address>
         <size>0x5d5</size>
         <input_file_ref idref="fl-2"/>
      </object_component>
      <object_component id="oc-c0">
         <name>.debug_info</name>
         <load_address>0x5d5</load_address>
         <run_address>0x5d5</run_address>
         <size>0x1f5</size>
         <input_file_ref idref="fl-2"/>
      </object_component>
      <object_component id="oc-185">
         <name>.debug_info</name>
         <load_address>0x7ca</load_address>
         <run_address>0x7ca</run_address>
         <size>0x234</size>
         <input_file_ref idref="fl-2"/>
      </object_component>
      <object_component id="oc-18a">
         <name>.debug_info</name>
         <load_address>0x9fe</load_address>
         <run_address>0x9fe</run_address>
         <size>0x33f</size>
         <input_file_ref idref="fl-2"/>
      </object_component>
      <object_component id="oc-f8">
         <name>.debug_info</name>
         <load_address>0xd3d</load_address>
         <run_address>0xd3d</run_address>
         <size>0x315</size>
         <input_file_ref idref="fl-2"/>
      </object_component>
      <object_component id="oc-18f">
         <name>.debug_info</name>
         <load_address>0x1052</load_address>
         <run_address>0x1052</run_address>
         <size>0xa85</size>
         <input_file_ref idref="fl-2"/>
      </object_component>
      <object_component id="oc-94">
         <name>.debug_info</name>
         <load_address>0x1ad7</load_address>
         <run_address>0x1ad7</run_address>
         <size>0x26b</size>
         <input_file_ref idref="fl-2"/>
      </object_component>
      <object_component id="oc-1ca">
         <name>.debug_info</name>
         <load_address>0x1d42</load_address>
         <run_address>0x1d42</run_address>
         <size>0x8c</size>
         <input_file_ref idref="fl-2"/>
      </object_component>
      <object_component id="oc-1c5">
         <name>.debug_info</name>
         <load_address>0x1dce</load_address>
         <run_address>0x1dce</run_address>
         <size>0xe4</size>
         <input_file_ref idref="fl-2"/>
      </object_component>
      <object_component id="oc-102">
         <name>.debug_info</name>
         <load_address>0x1eb2</load_address>
         <run_address>0x1eb2</run_address>
         <size>0x3ce</size>
         <input_file_ref idref="fl-2"/>
      </object_component>
      <object_component id="oc-108">
         <name>.debug_info</name>
         <load_address>0x2280</load_address>
         <run_address>0x2280</run_address>
         <size>0x8b</size>
         <input_file_ref idref="fl-2"/>
      </object_component>
      <object_component id="oc-163">
         <name>.debug_info</name>
         <load_address>0x230b</load_address>
         <run_address>0x230b</run_address>
         <size>0x4f</size>
         <input_file_ref idref="fl-2"/>
      </object_component>
      <object_component id="oc-88">
         <name>.debug_info</name>
         <load_address>0x235a</load_address>
         <run_address>0x235a</run_address>
         <size>0x2c</size>
         <input_file_ref idref="fl-2"/>
      </object_component>
      <object_component id="oc-10d">
         <name>.debug_info</name>
         <load_address>0x2386</load_address>
         <run_address>0x2386</run_address>
         <size>0x297</size>
         <input_file_ref idref="fl-2"/>
      </object_component>
      <object_component id="oc-99">
         <name>.debug_info</name>
         <load_address>0x261d</load_address>
         <run_address>0x261d</run_address>
         <size>0xbb</size>
         <input_file_ref idref="fl-2"/>
      </object_component>
      <object_component id="oc-f3">
         <name>.debug_info</name>
         <load_address>0x26d8</load_address>
         <run_address>0x26d8</run_address>
         <size>0x53</size>
         <input_file_ref idref="fl-2"/>
      </object_component>
      <object_component id="oc-8d">
         <name>.debug_info</name>
         <load_address>0x272b</load_address>
         <run_address>0x272b</run_address>
         <size>0x53</size>
         <input_file_ref idref="fl-2"/>
      </object_component>
      <object_component id="oc-194">
         <name>.debug_info</name>
         <load_address>0x277e</load_address>
         <run_address>0x277e</run_address>
         <size>0x35</size>
         <input_file_ref idref="fl-2"/>
      </object_component>
      <object_component id="oc-fd">
         <name>.debug_info</name>
         <load_address>0x27b3</load_address>
         <run_address>0x27b3</run_address>
         <size>0x14c</size>
         <input_file_ref idref="fl-2"/>
      </object_component>
      <object_component id="oc-37">
         <name>.debug_info</name>
         <load_address>0x28ff</load_address>
         <run_address>0x28ff</run_address>
         <size>0x335</size>
         <input_file_ref idref="fl-3"/>
      </object_component>
      <object_component id="oc-10">
         <name>.debug_info</name>
         <load_address>0x2c34</load_address>
         <run_address>0x2c34</run_address>
         <size>0xf4</size>
         <input_file_ref idref="fl-3"/>
      </object_component>
      <object_component id="oc-26">
         <name>.debug_info</name>
         <load_address>0x2d28</load_address>
         <run_address>0x2d28</run_address>
         <size>0x270</size>
         <input_file_ref idref="fl-3"/>
      </object_component>
      <object_component id="oc-3e">
         <name>.debug_info</name>
         <load_address>0x2f98</load_address>
         <run_address>0x2f98</run_address>
         <size>0x84</size>
         <input_file_ref idref="fl-3"/>
      </object_component>
      <object_component id="oc-1b9">
         <name>.debug_info</name>
         <load_address>0x301c</load_address>
         <run_address>0x301c</run_address>
         <size>0x65b</size>
         <input_file_ref idref="fl-5"/>
      </object_component>
      <object_component id="oc-168">
         <name>.debug_info</name>
         <load_address>0x3677</load_address>
         <run_address>0x3677</run_address>
         <size>0x110</size>
         <input_file_ref idref="fl-5"/>
      </object_component>
      <object_component id="oc-172">
         <name>.debug_info</name>
         <load_address>0x3787</load_address>
         <run_address>0x3787</run_address>
         <size>0x3ce</size>
         <input_file_ref idref="fl-5"/>
      </object_component>
      <object_component id="oc-1f2">
         <name>.debug_info</name>
         <load_address>0x3b55</load_address>
         <run_address>0x3b55</run_address>
         <size>0x62</size>
         <input_file_ref idref="fl-5"/>
      </object_component>
      <object_component id="oc-1f7">
         <name>.debug_info</name>
         <load_address>0x3bb7</load_address>
         <run_address>0x3bb7</run_address>
         <size>0x39</size>
         <input_file_ref idref="fl-5"/>
      </object_component>
      <object_component id="oc-178">
         <name>.debug_info</name>
         <load_address>0x3bf0</load_address>
         <run_address>0x3bf0</run_address>
         <size>0x35c</size>
         <input_file_ref idref="fl-6"/>
      </object_component>
      <object_component id="oc-d8">
         <name>.debug_info</name>
         <load_address>0x3f4c</load_address>
         <run_address>0x3f4c</run_address>
         <size>0x4a5</size>
         <input_file_ref idref="fl-6"/>
      </object_component>
      <object_component id="oc-119">
         <name>.debug_info</name>
         <load_address>0x43f1</load_address>
         <run_address>0x43f1</run_address>
         <size>0x2c</size>
         <input_file_ref idref="fl-8"/>
      </object_component>
      <object_component id="oc-d3">
         <name>.debug_info</name>
         <load_address>0x441d</load_address>
         <run_address>0x441d</run_address>
         <size>0x8a4</size>
         <input_file_ref idref="fl-9"/>
      </object_component>
      <object_component id="oc-77">
         <name>.debug_info</name>
         <load_address>0x4cc1</load_address>
         <run_address>0x4cc1</run_address>
         <size>0x2f5</size>
         <input_file_ref idref="fl-9"/>
      </object_component>
      <object_component id="oc-e1">
         <name>.debug_info</name>
         <load_address>0x4fb6</load_address>
         <run_address>0x4fb6</run_address>
         <size>0x137</size>
         <input_file_ref idref="fl-9"/>
      </object_component>
      <object_component id="oc-de">
         <name>.debug_info</name>
         <load_address>0x50ed</load_address>
         <run_address>0x50ed</run_address>
         <size>0x25b</size>
         <input_file_ref idref="fl-9"/>
      </object_component>
      <object_component id="oc-7f">
         <name>.debug_info</name>
         <load_address>0x5348</load_address>
         <run_address>0x5348</run_address>
         <size>0x2c88</size>
         <input_file_ref idref="fl-9"/>
      </object_component>
      <object_component id="oc-ea">
         <name>.debug_info</name>
         <load_address>0x7fd0</load_address>
         <run_address>0x7fd0</run_address>
         <size>0x30c</size>
[...]
         <contents>
            <object_component_ref idref="oc-186"/>
            <object_component_ref idref="oc-18b"/>
            <object_component_ref idref="oc-f9"/>
            <object_component_ref idref="oc-190"/>
            <object_component_ref idref="oc-95"/>
            <object_component_ref idref="oc-1cb"/>
            <object_component_ref idref="oc-1c6"/>
            <object_component_ref idref="oc-103"/>
            <object_component_ref idref="oc-109"/>
            <object_component_ref idref="oc-164"/>
            <object_component_ref idref="oc-89"/>
            <object_component_ref idref="oc-10e"/>
            <object_component_ref idref="oc-9a"/>
            <object_component_ref idref="oc-f4"/>
            <object_component_ref idref="oc-8e"/>
            <object_component_ref idref="oc-195"/>
            <object_component_ref idref="oc-fe"/>
            <object_component_ref idref="oc-3f"/>
            <object_component_ref idref="oc-169"/>
            <object_component_ref idref="oc-173"/>
            <object_component_ref idref="oc-1f3"/>
            <object_component_ref idref="oc-1f8"/>
            <object_component_ref idref="oc-11a"/>
            <object_component_ref idref="oc-d4"/>
            <object_component_ref idref="oc-eb"/>
            <object_component_ref idref="oc-16e"/>
            <object_component_ref idref="oc-182"/>
            <object_component_ref idref="oc-1bf"/>
            <object_component_ref idref="oc-ae"/>
            <object_component_ref idref="oc-4a"/>
            <object_component_ref idref="oc-a6"/>
            <object_component_ref idref="oc-3a"/>
            <object_component_ref idref="oc-113"/>
            <object_component_ref idref="oc-9f"/>
            <object_component_ref idref="oc-1e0"/>
            <object_component_ref idref="oc-200"/>
            <object_component_ref idref="oc-1e5"/>
            <object_component_ref idref="oc-1ea"/>
         </contents>
      </logical_group>
      <load_segment id="lg-23d" display="no" color="cyan">
         <name>SEGMENT_0</name>
         <load_address>0x0</load_address>
         <run_address>0x0</run_address>
         <size>0x14b8</size>
         <flags>0x5</flags>
         <contents>
            <logical_group_ref idref="lg-3"/>
            <logical_group_ref idref="lg-4"/>
            <logical_group_ref idref="lg-5"/>
            <logical_group_ref idref="lg-6"/>
         </contents>
      </load_segment>
      <load_segment id="lg-23e" display="no" color="cyan">
         <name>SEGMENT_1</name>
         <run_address>0x20000000</run_address>
         <size>0x2360</size>
         <flags>0x6</flags>
         <contents>
            <logical_group_ref idref="lg-a"/>
            <logical_group_ref idref="lg-d"/>
            <logical_group_ref idref="lg-b"/>
         </contents>
      </load_segment>
   </logical_group_list>
   <placement_map>
      <memory_area display="yes" color="green">
         <name>FLASH</name>
         <page_id>0x0</page_id>
         <origin>0x0</origin>
         <length>0x40000</length>
         <used_space>0x14b6</used_space>
         <unused_space>0x3eb4a</unused_space>
         <attributes>RX</attributes>
         <usage_details>
            <allocated_space>
               <start_address>0x0</start_address>
               <size>0x26c</size>
               <logical_group_ref idref="lg-3"/>
            </allocated_space>
            <allocated_space>
               <start_address>0x26c</start_address>
               <size>0x120e</size>
               <logical_group_ref idref="lg-4"/>
            </allocated_space>
            <available_space>
               <start_address>0x147a</start_address>
               <size>0x2</size>
            </available_space>
            <allocated_space>
               <start_address>0x147c</start_address>
               <size>0x4</size>
               <logical_group_ref idref="lg-5"/>
            </allocated_space>
            <allocated_space>
               <start_address>0x1480</start_address>
               <size>0x38</size>
               <logical_group_ref idref="lg-6"/>
            </allocated_space>
            <available_space>
               <start_address>0x14b8</start_address>
               <size>0x3eb48</size>
            </available_space>
         </usage_details>
      </memory_area>
      <memory_area display="yes" color="green">
         <name>SRAM</name>
         <page_id>0x0</page_id>
         <origin>0x20000000</origin>
         <length>0x8000</length>
         <used_space>0x235c</used_space>
         <unused_space>0x5ca4</unused_space>
         <attributes>RWX</attributes>
         <usage_details>
            <allocated_space>
               <start_address>0x20000000</start_address>
               <size>0x2154</size>
               <logical_group_ref idref="lg-a"/>
            </allocated_space>
            <available_space>
               <start_address>0x20002154</start_address>
               <size>0x4</size>
            </available_space>
            <allocated_space>
               <start_address>0x20002158</start_address>
               <size>0x200</size>
               <logical_group_ref idref="lg-d"/>
            </allocated_space>
            <allocated_space>
               <start_address>0x20002358</start_address>
               <size>0x8</size>
               <logical_group_ref idref="lg-b"/>
            </allocated_space>
            <available_space>
               <start_address>0x20002360</start_address>
               <size>0x5ca0</size>
            </available_space>
         </usage_details>
      </memory_area>
   </placement_map>
   <cptbl_list>
      <cptbl>
         <name>__TI_cinit_table</name>
         <cprec>
            <name>.data</name>
            <load_address>0x1480</load_address>
            <load_size>0xe</load_size>
            <run_address>0x20000000</run_address>
            <run_size>0x2154</run_size>
            <compression>lzss</compression>
         </cprec>
         <cprec>
            <name>.bss</name>
            <load_address>0x14a0</load_address>
            <load_size>0x8</load_size>
            <run_address>0x20002358</run_address>
            <run_size>0x8</run_size>
            <compression>zero_init</compression>
         </cprec>
      </cptbl>
   </cptbl_list>
   <handler_table>
      <handler_table_name>__TI_handler_table</handler_table_name>
      <handler>
         <index>0x0</index>
         <name>__TI_decompress_lzss</name>
      </handler>
      <handler>
         <index>0x1</index>
         <name>__TI_decompress_none</name>
      </handler>
      <handler>
         <index>0x2</index>
         <name>__TI_zero_init</name>
      </handler>
   </handler_table>
   <symbol_table>
      <symbol id="sm-1">
         <name>__STACK_TOP</name>
         <value>0x20002358</value>
      </symbol>
      <symbol id="sm-2">
         <name>__TI_CINIT_Base</name>
         <value>0x14a8</value>
      </symbol>
      <symbol id="sm-3">
         <name>__TI_CINIT_Limit</name>
         <value>0x14b8</value>
      </symbol>
      <symbol id="sm-4">
         <name>__TI_Handler_Table_Base</name>
         <value>0x1490</value>
      </symbol>
      <symbol id="sm-5">
         <name>__TI_Handler_Table_Limit</name>
         <value>0x149c</value>
      </symbol>
      <symbol id="sm-6">
         <name>binit</name>
         <value>0xffffffff</value>
      </symbol>
      <symbol id="sm-7">
         <name>__binit__</name>
         <value>0xffffffff</value>
      </symbol>
      <symbol id="sm-8">
         <name>__STACK_SIZE</name>
         <value>0x200</value>
      </symbol>
      <symbol id="sm-9">
         <name>__STACK_END</name>
         <value>0x20002358</value>
      </symbol>
      <symbol id="sm-a">
         <name>__c_args__</name>
         <value>0xffffffff</value>
      </symbol>
      <symbol id="sm-b">
         <name>__TI_pprof_out_hndl</name>
         <value>0xffffffff</value>
      </symbol>
      <symbol id="sm-c">
         <name>__TI_prof_data_start</name>
         <value>0xffffffff</value>
      </symbol>
      <symbol id="sm-d">
         <name>__TI_prof_data_size</name>
         <value>0xffffffff</value>
      </symbol>
      <symbol id="sm-91">
         <name>BlinkMyLED</name>
         <value>0x1165</value>
         <object_component_ref idref="oc-bf"/>
      </symbol>
      <symbol id="sm-92">
         <name>main</name>
         <value>0x118f</value>
         <object_component_ref idref="oc-bf"/>
      </symbol>
      <symbol id="sm-b3">
         <name>ResetISR</name>
         <value>0x1467</value>
         <object_component_ref idref="oc-24"/>
      </symbol>
      <symbol id="sm-b4">
         <name>g_pfnVectors</name>
         <value>0x0</value>
         <object_component_ref idref="oc-f"/>
      </symbol>
      <symbol id="sm-e1">
         <name>uxListRemove</name>
         <value>0x1335</value>
         <object_component_ref idref="oc-d7"/>
      </symbol>
      <symbol id="sm-e2">
         <name>vListInsert</name>
         <value>0x12e1</value>
         <object_component_ref idref="oc-d7"/>
      </symbol>
      <symbol id="sm-e3">
         <name>vListInitialiseItem</name>
         <value>0x1319</value>
         <object_component_ref idref="oc-d7"/>
      </symbol>
      <symbol id="sm-e4">
         <name>vListInsertEnd</name>
         <value>0x12c9</value>
         <object_component_ref idref="oc-d7"/>
      </symbol>
      <symbol id="sm-e5">
         <name>vListInitialise</name>
         <value>0x131f</value>
         <object_component_ref idref="oc-d7"/>
      </symbol>
      <symbol id="sm-203">
         <name>vTaskDelay</name>
         <value>0xd65</value>
         <object_component_ref idref="oc-7c"/>
      </symbol>
      <symbol id="sm-204">
         <name>vTaskSuspendAll</name>
         <value>0x9ef</value>
         <object_component_ref idref="oc-7c"/>
      </symbol>
      <symbol id="sm-205">
         <name>vTaskPlaceOnEventList</name>
         <value>0xbe9</value>
         <object_component_ref idref="oc-7c"/>
      </symbol>
      <symbol id="sm-206">
         <name>ulTaskNotifyTake</name>
         <value>0xdc1</value>
         <object_component_ref idref="oc-7c"/>
      </symbol>
      <symbol id="sm-207">
         <name>pcTaskGetName</name>
         <value>0xe77</value>
         <object_component_ref idref="oc-7c"/>
      </symbol>
      <symbol id="sm-208">
         <name>xTaskCheckForTimeOut</name>
         <value>0x955</value>
         <object_component_ref idref="oc-7c"/>
      </symbol>
      <symbol id="sm-209">
         <name>vTaskRemoveFromUnorderedEventList</name>
         <value>0xb81</value>
         <object_component_ref idref="oc-7c"/>
      </symbol>
      <symbol id="sm-20a">
         <name>vTaskStartScheduler</name>
         <value>0xab1</value>
         <object_component_ref idref="oc-7c"/>
      </symbol>
      <symbol id="sm-20b">
         <name>vTaskInternalSetTimeOutState</name>
         <value>0x943</value>
         <object_component_ref idref="oc-7c"/>
      </symbol>
      <symbol id="sm-20c">
         <name>xTaskNotifyStateClear</name>
         <value>0x60d</value>
         <object_component_ref idref="oc-7c"/>
      </symbol>
      <symbol id="sm-20d">
         <name>xTaskGenericNotify</name>
         <value>0x70d</value>
         <object_component_ref idref="oc-7c"/>
      </symbol>
      <symbol id="sm-20e">
         <name>xTaskCreate</name>
         <value>0x885</value>
         <object_component_ref idref="oc-7c"/>
      </symbol>
      <symbol id="sm-20f">
         <name>vTaskEndScheduler</name>
         <value>0xc8d</value>
         <object_component_ref idref="oc-7c"/>
      </symbol>
      <symbol id="sm-210">
         <name>xTaskNotifyWait</name>
         <value>0x57d</value>
         <object_component_ref idref="oc-7c"/>
      </symbol>
      <symbol id="sm-211">
         <name>vTaskMissedYield</name>
         <value>0xc85</value>
         <object_component_ref idref="oc-7c"/>
      </symbol>
      <symbol id="sm-212">
         <name>uxTaskGetNumberOfTasks</name>
         <value>0xda3</value>
         <object_component_ref idref="oc-7c"/>
      </symbol>
      <symbol id="sm-213">
         <name>xTaskGenericNotifyFromISR</name>
         <value>0x65d</value>
         <object_component_ref idref="oc-7c"/>
      </symbol>
      <symbol id="sm-214">
         <name>xTaskResumeAll</name>
         <value>0x3ef</value>
         <object_component_ref idref="oc-7c"/>
      </symbol>
      <symbol id="sm-215">
         <name>xTaskGetTickCount</name>
         <value>0x63f</value>
         <object_component_ref idref="oc-7c"/>
      </symbol>
      <symbol id="sm-216">
         <name>vTaskDelete</name>
         <value>0xcbd</value>
         <object_component_ref idref="oc-7c"/>
      </symbol>
      <symbol id="sm-217">
         <name>pxCurrentTCB</name>
         <value>0x20002124</value>
         <object_component_ref idref="oc-76"/>
      </symbol>
      <symbol id="sm-218">
         <name>vTaskNotifyGiveFromISR</name>
         <value>0xc05</value>
         <object_component_ref idref="oc-7c"/>
      </symbol>
      <symbol id="sm-219">
         <name>vTaskSuspend</name>
         <value>0xa09</value>
         <object_component_ref idref="oc-7c"/>
      </symbol>
      <symbol id="sm-21a">
         <name>xTaskGetTickCountFromISR</name>
         <value>0x639</value>
         <object_component_ref idref="oc-7c"/>
      </symbol>
      <symbol id="sm-21b">
         <name>vTaskResume</name>
         <value>0xb1d</value>
         <object_component_ref idref="oc-7c"/>
      </symbol>
      <symbol id="sm-21c">
         <name>vTaskSetTimeOutState</name>
         <value>0xafb</value>
         <object_component_ref idref="oc-7c"/>
      </symbol>
      <symbol id="sm-21d">
         <name>xTaskIncrementTick</name>
         <value>0x31d</value>
         <object_component_ref idref="oc-7c"/>
      </symbol>
      <symbol id="sm-21e">
         <name>vTaskSwitchContext</name>
         <value>0x9a7</value>
         <object_component_ref idref="oc-7c"/>
      </symbol>
      <symbol id="sm-21f">
         <name>uxTaskResetEventItemValue</name>
         <value>0xd8f</value>
         <object_component_ref idref="oc-7c"/>
      </symbol>
      <symbol id="sm-220">
         <name>xTaskResumeFromISR</name>
         <value>0x28d</value>
         <object_component_ref idref="oc-7c"/>
      </symbol>
      <symbol id="sm-221">
         <name>vTaskPlaceOnUnorderedEventList</name>
         <value>0xbc9</value>
         <object_component_ref idref="oc-7c"/>
      </symbol>
      <symbol id="sm-222">
         <name>xTaskRemoveFromEventList</name>
         <value>0x4a9</value>
         <object_component_ref idref="oc-7c"/>
      </symbol>
      <symbol id="sm-24c">
         <name>ulMaxSyscallInterruptPriority</name>
         <value>0x147c</value>
         <object_component_ref idref="oc-79"/>
      </symbol>
      <symbol id="sm-24d">
         <name>vPortSetupTimerInterrupt</name>
         <value>0xfcb</value>
         <object_component_ref idref="oc-2f"/>
      </symbol>
      <symbol id="sm-24e">
         <name>vPortEndScheduler</name>
         <value>0x1041</value>
         <object_component_ref idref="oc-2f"/>
      </symbol>
      <symbol id="sm-24f">
         <name>xPortSysTickHandler</name>
         <value>0xfa5</value>
         <object_component_ref idref="oc-2f"/>
      </symbol>
      <symbol id="sm-250">
         <name>pxPortInitialiseStack</name>
         <value>0x1043</value>
         <object_component_ref idref="oc-2f"/>
      </symbol>
      <symbol id="sm-251">
         <name>vPortExitCritical</name>
         <value>0x1017</value>
         <object_component_ref idref="oc-2f"/>
      </symbol>
      <symbol id="sm-252">
         <name>xPortStartScheduler</name>
         <value>0xfdf</value>
         <object_component_ref idref="oc-2f"/>
      </symbol>
      <symbol id="sm-253">
         <name>vPortEnterCritical</name>
         <value>0x1029</value>
         <object_component_ref idref="oc-2f"/>
      </symbol>
      <symbol id="sm-262">
         <name>vPortStartFirstTask</name>
         <value>0x1131</value>
         <object_component_ref idref="oc-2a"/>
      </symbol>
      <symbol id="sm-263">
         <name>ulPortGetIPSR</name>
         <value>0x1099</value>
         <object_component_ref idref="oc-2a"/>
      </symbol>
      <symbol id="sm-264">
         <name>vPortEnableVFP</name>
         <value>0x1155</value>
         <object_component_ref idref="oc-2a"/>
      </symbol>
      <symbol id="sm-265">
         <name>xPortPendSVHandler</name>
         <value>0x10b1</value>
         <object_component_ref idref="oc-2a"/>
      </symbol>
      <symbol id="sm-266">
         <name>vPortSVCHandler</name>
         <value>0x1111</value>
         <object_component_ref idref="oc-2a"/>
      </symbol>
      <symbol id="sm-295">
         <name>vPortInitialiseBlocks</name>
         <value>0xea3</value>
         <object_component_ref idref="oc-e3"/>
      </symbol>
      <symbol id="sm-296">
         <name>xPortGetFreeHeapSize</name>
         <value>0xe9d</value>
         <object_component_ref idref="oc-e3"/>
      </symbol>
      <symbol id="sm-297">
         <name>pvPortMalloc</name>
         <value>0xee3</value>
         <object_component_ref idref="oc-e3"/>
      </symbol>
      <symbol id="sm-298">
         <name>vPortFree</name>
         <value>0xea5</value>
         <object_component_ref idref="oc-e3"/>
      </symbol>
      <symbol id="sm-3d3">
         <name>memcpy</name>
         <value>0x122d</value>
         <object_component_ref idref="oc-43"/>
      </symbol>
      <symbol id="sm-3d4">
         <name>__aeabi_memcpy</name>
         <value>0x122d</value>
         <object_component_ref idref="oc-43"/>
      </symbol>
      <symbol id="sm-3d5">
         <name>__aeabi_memcpy8</name>
         <value>0x122d</value>
         <object_component_ref idref="oc-43"/>
      </symbol>
      <symbol id="sm-3d6">
         <name>__aeabi_memcpy4</name>
         <value>0x122d</value>
         <object_component_ref idref="oc-43"/>
      </symbol>
      <symbol id="sm-3eb">
         <name>__TI_zero_init_nomemset</name>
         <value>0x143d</value>
         <object_component_ref idref="oc-4f"/>
      </symbol>
      <symbol id="sm-402">
         <name>__TI_decompress_none</name>
         <value>0x1459</value>
         <object_component_ref idref="oc-18"/>
      </symbol>
      <symbol id="sm-425">
         <name>__TI_decompress_lzss</name>
         <value>0x135b</value>
         <object_component_ref idref="oc-12"/>
      </symbol>
      <symbol id="sm-439">
         <name>__stack</name>
         <value>0x20002158</value>
         <object_component_ref idref="oc-21"/>
      </symbol>
      <symbol id="sm-43a">
         <name>_c_int00_noargs</name>
         <value>0x1409</value>
         <object_component_ref idref="oc-61"/>
      </symbol>
      <symbol id="sm-464">
         <name>__TI_auto_init_nobinit_nopinit</name>
         <value>0x13c5</value>
         <object_component_ref idref="oc-12f"/>
      </symbol>
      <symbol id="sm-46e">
         <name>_system_pre_init</name>
         <value>0x1473</value>
         <object_component_ref idref="oc-b9"/>
      </symbol>
      <symbol id="sm-47a">
         <name>C$$EXIT</name>
         <value>0x1477</value>
         <object_component_ref idref="oc-123"/>
      </symbol>
      <symbol id="sm-47b">
         <name>abort</name>
         <value>0x1477</value>
         <object_component_ref idref="oc-123"/>
      </symbol>
      <symbol id="sm-47e">
         <name>__TI_static_base__</name>
         <value>0x0</value>
      </symbol>
      <symbol id="sm-481">
         <name>__mpu_init</name>
         <value>0x0</value>
      </symbol>
      <symbol id="sm-482">
         <name>_system_post_cinit</name>
         <value>0x0</value>
      </symbol>
   </symbol_table>
   <title>Link successful</title>
</link_info>
