******************************************************************************
                  TI ARM Linker Unix v18.12.2                  
******************************************************************************
>> Linked Mon Sep  9 17:46:59 2019

OUTPUT FILE NAME:   <Electrical_Control_Template_RTOS.out>
ENTRY POINT SYMBOL: "_c_int00_noargs"  address: 0000788d


MEMORY CONFIGURATION

         name            origin    length      used     unused   attr    fill
----------------------  --------  ---------  --------  --------  ----  --------
  FLASH                 00000000   00040000  00007cee  00038312  R  X
  SRAM                  20000000   00008000  000032e9  00004d17  RW X


SEGMENT ALLOCATION MAP

run origin  load origin   length   init length attrs members
----------  ----------- ---------- ----------- ----- -------
00000000    00000000    00007cf0   00007cf0    r-x
  00000000    00000000    0000026c   0000026c    r-- .intvecs
  0000026c    0000026c    000076a2   000076a2    r-x .text
  00007910    00007910    000002f8   000002f8    r-- .const
  00007c08    00007c08    000000e8   000000e8    r-- .cinit
20000000    20000000    000032f0   00000000    rw-
  20000000    20000000    0000026c   00000000    rw- .vtable
  2000026c    2000026c    00002ab8   00000000    rw- .data
  20002d24    20002d24    000003c5   00000000    rw- .bss
  200030f0    200030f0    00000200   00000000    rw- .stack


SECTION ALLOCATION MAP

 output                                  attributes/
section   page    origin      length       input sections
--------  ----  ----------  ----------   ----------------
.intvecs   0    00000000    0000026c     
                  00000000    0000026c     tm4c123gh6pm_startup_ccs.obj (.intvecs)

.text      0    0000026c    000076a2     
                  0000026c    00001cf8     usbhostenum.obj (.text)
                  00001f64    00000ccc     usbdenum.obj (.text)
                  00002c30    00000c30     tasks.obj (.text)
                  00003860    00000b84     usb.obj (.text)
                  000043e4    000008d8     usbdcdc.obj (.text)
                  00004cbc    00000888     usbdma.obj (.text)
                  00005544    000006dc     queue.obj (.text)
                  00005c20    00000554     usbhhub.obj (.text)
                  00006174    000003e4     usbmode.obj (.text)
                  00006558    00000292     usbbuffer.obj (.text)
                  000067ea    00000002     --HOLE-- [fill = 0]
                  000067ec    00000284     interrupt.obj (.text)
                  00006a70    00000240     usbdconfig.obj (.text)
                  00006cb0    00000194     usbdcdesc.obj (.text)
                  00006e44    0000018a     usbringbuf.obj (.text)
                  00006fce    00000002     --HOLE-- [fill = 0]
                  00006fd0    00000144     USB_tasks.obj (.text)
                  00007114    00000108     heap_2.obj (.text)
                  0000721c    000000e4     port.obj (.text)
                  00007300    000000da     portasm.obj (.text)
                  000073da    000000d8     usbdesc.obj (.text)
                  000074b2    0000009c     rtsv7M4_T_le_v4SPD16_eabi.lib : memcpy_t2.asm.obj (.text)
                  0000754e    00000092     list.obj (.text)
                  000075e0    00000090     usbtick.obj (.text)
                  00007670    0000007a     rtsv7M4_T_le_v4SPD16_eabi.lib : memset_t2.asm.obj (.text)
                  000076ea    00000068                                   : copy_decompress_lzss.c.obj (.text:decompress:lzss:__TI_decompress_lzss)
                  00007752    00000060     usbulpi.obj (.text)
                  000077b2    00000002     --HOLE-- [fill = 0]
                  000077b4    0000005c     main.obj (.text)
                  00007810    00000044     rtsv7M4_T_le_v4SPD16_eabi.lib : autoinit.c.obj (.text:__TI_auto_init_nobinit_nopinit:__TI_auto_init_nobinit_nopinit)
                  00007854    00000036     cpu.obj (.text)
                  0000788a    00000002     --HOLE-- [fill = 0]
                  0000788c    00000034     rtsv7M4_T_le_v4SPD16_eabi.lib : boot_cortex_m.c.obj (.text:_c_int00_noargs:_c_int00_noargs)
                  000078c0    00000020     usbdhandler.obj (.text)
                  000078e0    0000000e     rtsv7M4_T_le_v4SPD16_eabi.lib : copy_decompress_none.c.obj (.text:decompress:none:__TI_decompress_none)
                  000078ee    0000000c                                   : copy_zero_init.c.obj (.text:decompress:ZI:__TI_zero_init)
                  000078fa    0000000c     tm4c123gh6pm_startup_ccs.obj (.text)
                  00007906    00000004     rtsv7M4_T_le_v4SPD16_eabi.lib : pre_init.c.obj (.text:_system_pre_init)
                  0000790a    00000004                                   : exit.c.obj (.text:abort:abort)

.const     0    00007910    000002f8     
                  00007910    0000010c     interrupt.obj (.const:$O1$$)
                  00007a1c    00000040     usbdcdc.obj (.const:$O2$$)
                  00007a5c    00000036     usb_serial_structs.obj (.const:.string:g_pui8ConfigString)
                  00007a92    00000002     --HOLE-- [fill = 0]
                  00007a94    00000034     usbdenum.obj (.const:g_psUSBDStdRequests)
                  00007ac8    0000002c     usb_serial_structs.obj (.const:.string:g_pui8ControlInterfaceString)
                  00007af4    00000024     usb_serial_structs.obj (.const:.string:g_pui8ManufacturerString)
                  00007b18    00000023     usbdcdc.obj (.const:.string:g_pui8CDCSerCommInterface)
                  00007b3b    00000022     usb_serial_structs.obj (.const:.string:g_pui8ProductString)
                  00007b5d    00000003     --HOLE-- [fill = 0]
                  00007b60    00000018     usb_serial_structs.obj (.const:g_ppui8StringDescriptors)
                  00007b78    00000017     usbdcdc.obj (.const:.string:g_pui8CDCSerDataInterface)
                  00007b8f    00000017     usbdcdc.obj (.const:.string:g_pui8CDCSerDataInterfaceHS)
                  00007ba6    00000012     usb_serial_structs.obj (.const:.string:g_pui8SerialNumberString)
                  00007bb8    00000008     usbdcdc.obj (.const:g_sCDCCompSerConfigHeader)
                  00007bc0    00000008     usbdcdc.obj (.const:g_sCDCCompSerConfigHeaderHS)
                  00007bc8    00000008     usbdcdc.obj (.const:g_sCDCSerCommInterfaceSection)
                  00007bd0    00000008     usbdcdc.obj (.const:g_sCDCSerConfigHeader)
                  00007bd8    00000008     usbdcdc.obj (.const:g_sCDCSerConfigHeaderHS)
                  00007be0    00000008     usbdcdc.obj (.const:g_sCDCSerConfigSection)
                  00007be8    00000008     usbdcdc.obj (.const:g_sCDCSerDataInterfaceSection)
                  00007bf0    00000008     usbdcdc.obj (.const:g_sCDCSerDataInterfaceSectionHS)
                  00007bf8    00000008     usbdcdc.obj (.const:g_sIADSerConfigSection)
                  00007c00    00000004     usb_serial_structs.obj (.const:.string:g_pui8LangDescriptor)
                  00007c04    00000004     port.obj (.const)

.cinit     0    00007c08    000000e8     
                  00007c08    000000b1     (.cinit..data.load) [load image, compression = lzss]
                  00007cb9    00000003     --HOLE-- [fill = 0]
                  00007cbc    0000000c     (__TI_handler_table)
                  00007cc8    00000008     (.cinit..bss.load) [load image, compression = zero_init]
                  00007cd0    00000008     (.cinit..vtable.load) [load image, compression = zero_init]
                  00007cd8    00000018     (__TI_cinit_table)

.init_array 
*          0    00000000    00000000     UNINITIALIZED

.vtable    0    20000000    0000026c     UNINITIALIZED
                  20000000    0000026c     interrupt.obj (.vtable)

.data      0    2000026c    00002ab8     UNINITIALIZED
                  2000026c    00002018     heap_2.obj (.data:$O1$$)
                  20002284    00000718     usbhostenum.obj (.data:$O1$$)
                  2000299c    0000010c     tasks.obj (.data:$O1$$)
                  20002aa8    000000a0     usbdenum.obj (.data:$O1$$)
                  20002b48    00000060     usb_serial_structs.obj (.data:g_sCDCDevice)
                  20002ba8    00000038     usbtick.obj (.data:$O1$$)
                  20002be0    00000038     usb_serial_structs.obj (.data:g_sRxBuffer)
                  20002c18    00000038     usb_serial_structs.obj (.data:g_sTxBuffer)
                  20002c50    0000002c     tasks.obj (.data)
                  20002c7c    00000020     usbdcdc.obj (.data:$O1$$)
                  20002c9c    00000018     usbhostenum.obj (.data:g_sUSBHEP0State)
                  20002cb4    00000014     USB_tasks.obj (.data:$O1$$)
                  20002cc8    00000010     usbdcdc.obj (.data:g_psCDCCompSerSections)
                  20002cd8    00000010     usbdcdc.obj (.data:g_psCDCCompSerSectionsHS)
                  20002ce8    0000000c     usbdcdc.obj (.data:g_psCDCSerSections)
                  20002cf4    0000000c     usbdcdc.obj (.data:g_psCDCSerSectionsHS)
                  20002d00    00000009     usbmode.obj (.data)
                  20002d09    00000008     usbdcdc.obj (.data:g_pui8IADSerDescriptor)
                  20002d11    00000003     --HOLE--
                  20002d14    00000004     main.obj (.data:$O1$$)
                  20002d18    00000004     port.obj (.data)
                  20002d1c    00000004     usbhostenum.obj (.data)
                  20002d20    00000004     usbtick.obj (.data)

.bss       0    20002d24    000003c5     UNINITIALIZED
                  20002d24    00000110     usbdma.obj (.bss:g_psUSBDMAInst)
                  20002e34    00000100     (.common:g_pui8USBRxBuffer)
                  20002f34    00000100     (.common:g_pui8USBTxBuffer)
                  20003034    000000a0     usbhhub.obj (.bss:$O1$$)
                  200030d4    00000008     tasks.obj (.bss)
                  200030dc    00000004     usbhhub.obj (.bss)
                  200030e0    00000004     usbmode.obj (.bss)
                  200030e4    00000004     (.common:g_ui32PollRate)
                  200030e8    00000001     (.common:g_eOTGModeState)

.stack     0    200030f0    00000200     UNINITIALIZED
                  200030f0    00000004     rtsv7M4_T_le_v4SPD16_eabi.lib : boot_cortex_m.c.obj (.stack)
                  200030f4    000001fc     --HOLE--

MODULE SUMMARY

       Module                         code    ro data   rw data
       ------                         ----    -------   -------
    ./
       usb_serial_structs.obj         0       214       720    
       tm4c123gh6pm_startup_ccs.obj   12      620       0      
       USB_tasks.obj                  324     0         20     
       main.obj                       92      0         4      
    +--+------------------------------+-------+---------+---------+
       Total:                         428     834       744    
                                                               
    ./FreeRTOS/
       tasks.obj                      3120    0         320    
       queue.obj                      1756    0         0      
       list.obj                       146     0         0      
    +--+------------------------------+-------+---------+---------+
       Total:                         5022    0         320    
                                                               
    ./FreeRTOS/portable/CCS/ARM_CM4F/
       port.obj                       228     4         4      
       portasm.obj                    218     0         0      
    +--+------------------------------+-------+---------+---------+
       Total:                         446     4         4      
                                                               
    ./FreeRTOS/portable/MemMang/
       heap_2.obj                     264     0         8216   
    +--+------------------------------+-------+---------+---------+
       Total:                         264     0         8216   
                                                               
    ./TivaWARE/driverlib/
       usb.obj                        2948    0         0      
       interrupt.obj                  644     268       620    
       cpu.obj                        54      0         0      
    +--+------------------------------+-------+---------+---------+
       Total:                         3646    268       620    
                                                               
    ./TivaWARE/usblib/
       usbdma.obj                     2184    0         272    
       usbmode.obj                    996     0         18     
       usbbuffer.obj                  658     0         0      
       usbringbuf.obj                 394     0         0      
       usbdesc.obj                    216     0         0      
       usbtick.obj                    144     0         60     
       usbulpi.obj                    96      0         0      
    +--+------------------------------+-------+---------+---------+
       Total:                         4688    0         350    
                                                               
    ./TivaWARE/usblib/device/
       usbdenum.obj                   3276    52        160    
       usbdcdc.obj                    2264    217       96     
       usbdconfig.obj                 576     0         0      
       usbdcdesc.obj                  404     0         0      
       usbdhandler.obj                32      0         0      
    +--+------------------------------+-------+---------+---------+
       Total:                         6552    269       256    
                                                               
    ./TivaWARE/usblib/host/
       usbhostenum.obj                7416    0         1844   
       usbhhub.obj                    1364    0         164    
    +--+------------------------------+-------+---------+---------+
       Total:                         8780    0         2008   
                                                               
    /opt/ccstudio/ccs/tools/compiler/ti-cgt-arm_18.12.2.LTS/lib/rtsv7M4_T_le_v4SPD16_eabi.lib
       memcpy_t2.asm.obj              156     0         0      
       memset_t2.asm.obj              122     0         0      
       copy_decompress_lzss.c.obj     104     0         0      
       autoinit.c.obj                 68      0         0      
       boot_cortex_m.c.obj            52      0         0      
       copy_decompress_none.c.obj     14      0         0      
       copy_zero_init.c.obj           12      0         0      
       exit.c.obj                     4       0         0      
       pre_init.c.obj                 4       0         0      
    +--+------------------------------+-------+---------+---------+
       Total:                         536     0         0      
                                                               
       Stack:                         0       0         512    
       Linker Generated:              0       229       0      
    +--+------------------------------+-------+---------+---------+
       Grand Total:                   30362   1604      13030  


LINKER GENERATED COPY TABLES

__TI_cinit_table @ 00007cd8 records: 3, size/record: 8, table size: 24
	.data: load addr=00007c08, load size=000000b1 bytes, run addr=2000026c, run size=00002ab8 bytes, compression=lzss
	.bss: load addr=00007cc8, load size=00000008 bytes, run addr=20002d24, run size=000003c5 bytes, compression=zero_init
	.vtable: load addr=00007cd0, load size=00000008 bytes, run addr=20000000, run size=0000026c bytes, compression=zero_init


LINKER GENERATED HANDLER TABLE

__TI_handler_table @ 00007cbc records: 3, size/record: 4, table size: 12
	index: 0, handler: __TI_zero_init
	index: 1, handler: __TI_decompress_lzss
	index: 2, handler: __TI_decompress_none


GLOBAL SYMBOLS: SORTED ALPHABETICALLY BY Name 

address   name                                 
-------   ----                                 
0000790b  C$$EXIT                              
00007881  CPUbasepriGet                        
0000787b  CPUbasepriSet                        
0000786f  CPUcpsid                             
00007863  CPUcpsie                             
00007859  CPUprimask                           
00007855  CPUwfi                               
0000172d  ConfigDescAlloc                      
000006eb  ConfigDescFree                       
000070e5  ControlHandler                       
000069f1  IntDisable                           
0000699d  IntEnable                            
00006945  IntIsEnabled                         
00006935  IntMasterDisable                     
00006925  IntMasterEnable                      
000068e9  IntPendClear                         
0000689f  IntPendSet                           
00006885  IntPriorityGet                       
0000685f  IntPriorityGroupingGet               
0000684b  IntPriorityGroupingSet               
00007881  IntPriorityMaskGet                   
0000787b  IntPriorityMaskSet                   
0000682b  IntPrioritySet                       
00006801  IntRegister                          
000067f9  IntTrigger                           
000067ef  IntUnregister                        
00001513  InternalUSBHCDSendEvent              
0000763d  InternalUSBRegisterTickHandler       
00007611  InternalUSBStartOfFrameTick          
000075e9  InternalUSBTickInit                  
000075e1  InternalUSBTickReset                 
0000651d  OTGDeviceDisconnect                  
00004693  ProcessDataFromHost                  
0000471d  ProcessDataToHost                    
00004659  ProcessNotificationToHost            
000078fb  ResetISR                             
000070cf  RxHandler                            
20002cc0  Sem_USBReceive                       
20002cc4  Sem_USBTransmit                      
00007855  SysCtlSleep                          
000070b9  TxHandler                            
00007761  ULPIConfigSet                        
00007753  ULPIPowerTransceiver                 
000078c1  USB0DeviceIntHandler                 
000064dd  USB0DualModeIntHandler               
00001f23  USB0HostIntHandler                   
00006425  USB0OTGModeIntHandler                
000067e3  USBBufferCallbackDataSet             
000067dd  USBBufferDataAvailable               
000067d3  USBBufferDataRemoved                 
000067bd  USBBufferDataWritten                 
0000667f  USBBufferEventCallback               
00006679  USBBufferFlush                       
00006667  USBBufferInfoGet                     
0000664f  USBBufferInit                        
0000662b  USBBufferRead                        
00006625  USBBufferSpaceAvailable              
000065f7  USBBufferWrite                       
00006559  USBBufferZeroLengthPacketInsert      
000043dd  USBClockDisable                      
000043d3  USBClockEnable                       
000043c9  USBControllerVersion                 
00004b97  USBDCDCCompositeInit                 
00004c63  USBDCDCInit                          
00004af1  USBDCDCPacketRead                    
00004a7b  USBDCDCPacketWrite                   
00004a75  USBDCDCPowerStatusSet                
00004a6f  USBDCDCRemoteWakeupRequest           
00004a33  USBDCDCRxPacketAvailable             
00004a09  USBDCDCSerialStateChange             
00004415  USBDCDCSetControlCBData              
0000440d  USBDCDCSetRxCBData                   
00004405  USBDCDCSetTxCBData                   
000043f5  USBDCDCTerm                          
000043e5  USBDCDCTxPacketAvailable             
00006d15  USBDCDConfigDescGet                  
00006e19  USBDCDConfigDescGetNum               
00006dff  USBDCDConfigDescGetSize              
00006d65  USBDCDConfigGetInterface             
00006dc7  USBDCDConfigGetInterfaceEndpoint     
00006ce3  USBDCDConfigGetNumAlternateInterfaces
000029dd  USBDCDDeviceInfoInit                 
00002bf7  USBDCDFeatureGet                     
00002b87  USBDCDFeatureSet                     
00002a19  USBDCDInit                           
000029bf  USBDCDPowerStatusSet                 
000029a5  USBDCDRemoteWakeLPM                  
00002967  USBDCDRemoteWakeupRequest            
00002957  USBDCDRequestDataEP0                 
0000294b  USBDCDSendDataEP0                    
00002945  USBDCDSetDefaultConfiguration        
00002599  USBDCDStallEP0                       
000028df  USBDCDTerm                           
000043bf  USBDMAChannelAddressGet              
000043b5  USBDMAChannelAddressSet              
000043a3  USBDMAChannelConfigSet               
00004399  USBDMAChannelCountGet                
0000438f  USBDMAChannelCountSet                
0000437d  USBDMAChannelDisable                 
0000436b  USBDMAChannelEnable                  
00004359  USBDMAChannelIntDisable              
00004347  USBDMAChannelIntEnable               
00004341  USBDMAChannelIntStatus               
00004333  USBDMAChannelStatus                  
0000431f  USBDMAChannelStatusClear             
00004317  USBDMANumChannels                    
0000742f  USBDescGet                           
00007473  USBDescGetInterface                  
0000745d  USBDescGetInterfaceEndpoint          
00007405  USBDescGetNum                        
000073db  USBDescGetNumAlternateInterfaces     
00004313  USBDevAddrGet                        
0000430f  USBDevAddrSet                        
00004305  USBDevConnect                        
000042fb  USBDevDisconnect                     
00004275  USBDevEndpointConfigGet              
000041fb  USBDevEndpointConfigSet              
000041d1  USBDevEndpointDataAck                
0000419f  USBDevEndpointStall                  
00004155  USBDevEndpointStallClear             
000040f3  USBDevEndpointStatusClear            
000040ed  USBDevLPMConfig                      
000040df  USBDevLPMDisable                     
000040d1  USBDevLPMEnable                      
000040c3  USBDevLPMRemoteWake                  
000040bb  USBDevMode                           
000040af  USBDevSpeedGet                       
00006b65  USBDeviceConfig                      
00006abd  USBDeviceConfigAlternate             
000026b9  USBDeviceEnumHandler                 
00002611  USBDeviceEnumResetHandler            
0000279d  USBDeviceIntHandlerInternal          
000025c7  USBDeviceResumeTickHandler           
000063a7  USBDualModeInit                      
00006377  USBDualModeTerm                      
00004095  USBEndpointDMAChannel                
00004049  USBEndpointDMAConfigSet              
00004025  USBEndpointDMADisable                
00004001  USBEndpointDMAEnable                 
00003fe5  USBEndpointDataAvail                 
00003f9d  USBEndpointDataGet                   
00003f69  USBEndpointDataPut                   
00003f3b  USBEndpointDataSend                  
00003f17  USBEndpointDataToggleClear           
00003f0b  USBEndpointPacketCountSet            
00003efb  USBEndpointStatus                    
00003ef3  USBFIFOAddrGet                       
00003eb1  USBFIFOConfigGet                     
00003e63  USBFIFOConfigSet                     
00003e07  USBFIFOFlush                         
00003e03  USBFrameNumberGet                    
000007b9  USBHCDControlTransfer                
00001f05  USBHCDDevAddress                     
00001ed7  USBHCDDevClass                       
00001ebd  USBHCDDevHubPort                     
00001e93  USBHCDDevProtocol                    
00001e69  USBHCDDevSubClass                    
00001e39  USBHCDEventDisable                   
00001e19  USBHCDEventEnable                    
00001d57  USBHCDFeatureSet                     
00001d03  USBHCDHubDeviceConnected             
00001cfb  USBHCDHubDeviceDisconnected          
00001c15  USBHCDInit                           
00001c0f  USBHCDLPMResume                      
00001bb9  USBHCDLPMSleep                       
00001ba1  USBHCDLPMStatus                      
0000181d  USBHCDMain                           
00001507  USBHCDPipeAlloc                      
00001341  USBHCDPipeAllocSize                  
000011e5  USBHCDPipeConfig                     
000011c5  USBHCDPipeDataAck                    
000010dd  USBHCDPipeFree                       
00000f39  USBHCDPipeRead                       
00000ef1  USBHCDPipeReadNonBlocking            
00000df9  USBHCDPipeSchedule                   
00000deb  USBHCDPipeStatus                     
00000ddd  USBHCDPipeTransferSizeGet            
00000c89  USBHCDPipeWrite                      
00000bd5  USBHCDPowerAutomatic                 
00000bcf  USBHCDPowerConfigGet                 
00000bc9  USBHCDPowerConfigInit                
00000b7f  USBHCDPowerConfigSet                 
00000b71  USBHCDRegisterDrivers                
00000b2b  USBHCDReset                          
00000af9  USBHCDResume                         
00000aad  USBHCDSetAddress                     
00000a7b  USBHCDSetConfig                      
00000a47  USBHCDSetInterface                   
00000a11  USBHCDStringDescriptorGet            
000007a1  USBHCDSuspend                        
00000713  USBHCDTerm                           
00005f7b  USBHHubClose                         
00005f65  USBHHubEnumerationComplete           
00005f4b  USBHHubEnumerationError              
00005f1f  USBHHubInit                          
00005f19  USBHHubLPMSleep                      
00005f13  USBHHubLPMStatus                     
00005d09  USBHHubMain                          
00005c21  USBHHubOpen                          
00003def  USBHighSpeed                         
00003dd9  USBHostAddrGet                       
00003dc3  USBHostAddrSet                       
0000068f  USBHostCheckPipes                    
00003cfd  USBHostEndpointConfig                
00003cd9  USBHostEndpointDataAck               
00003c71  USBHostEndpointDataToggle            
00003c5b  USBHostEndpointPing                  
00003c09  USBHostEndpointSpeed                 
00003bd1  USBHostEndpointStatusClear           
00003bbb  USBHostHubAddrGet                    
00003b8b  USBHostHubAddrSet                    
0000026d  USBHostIntHandlerInternal            
00003b79  USBHostLPMConfig                     
00003b6b  USBHostLPMResume                     
00003b43  USBHostLPMSend                       
00003b3b  USBHostMode                          
00003b23  USBHostPwrConfig                     
00003b13  USBHostPwrDisable                    
00003b05  USBHostPwrEnable                     
00003af5  USBHostPwrFaultDisable               
00003ae7  USBHostPwrFaultEnable                
00003ad5  USBHostRequestIN                     
00003abd  USBHostRequestINClear                
00003ab5  USBHostRequestStatus                 
00003aa1  USBHostReset                         
00003a8d  USBHostResume                        
00003a67  USBHostSpeedGet                      
00003a5d  USBHostSuspend                       
00003a35  USBIntDisableControl                 
00003a13  USBIntDisableEndpoint                
000039ef  USBIntEnableControl                  
000039d9  USBIntEnableEndpoint                 
000039c1  USBIntRegister                       
0000398f  USBIntStatusControl                  
00003985  USBIntStatusEndpoint                 
00003971  USBIntUnregister                     
00003945  USBLPMEndpointGet                    
00003935  USBLPMIntDisable                     
00003929  USBLPMIntEnable                      
00003923  USBLPMIntStatus                      
00003919  USBLPMLinkStateGet                   
0000390f  USBLPMRemoteWakeEnabled              
000054bf  USBLibDMAAddrGet                     
000053d5  USBLibDMAInit                        
000053c7  USBLibDMASizeGet                     
00003909  USBModeConfig                        
000038ff  USBModeGet                           
000038f5  USBNumEndpointsGet                   
00006351  USBOTGFeatureSet                     
000062e7  USBOTGMain                           
000038ed  USBOTGMode                           
0000623f  USBOTGModeInit                       
00006209  USBOTGModeTerm                       
0000618d  USBOTGPollRate                       
000038d3  USBOTGSessionRequest                 
000038c9  USBPHYPowerOff                       
000038bf  USBPHYPowerOn                        
00006fb1  USBRingBufAdvanceRead                
00006f7b  USBRingBufAdvanceWrite               
00006f5d  USBRingBufContigFree                 
00006f4d  USBRingBufContigUsed                 
00006f3f  USBRingBufEmpty                      
00006f29  USBRingBufFlush                      
00006f17  USBRingBufFree                       
00006ef9  USBRingBufFull                       
00006eed  USBRingBufInit                       
00006ed1  USBRingBufRead                       
00006eb7  USBRingBufReadOne                    
00006eb3  USBRingBufSize                       
00006e9d  USBRingBufUsed                       
00006e81  USBRingBufWrite                      
00006e6f  USBRingBufWriteOne                   
00006175  USBStackModeSet                      
000038b9  USBULPIConfig                        
000038ab  USBULPIDisable                       
0000389d  USBULPIEnable                        
0000387f  USBULPIRegRead                       
00003861  USBULPIRegWrite                      
200032f0  __STACK_END                          
00000200  __STACK_SIZE                         
200032f0  __STACK_TOP                          
00007cd8  __TI_CINIT_Base                      
00007cf0  __TI_CINIT_Limit                     
00007cbc  __TI_Handler_Table_Base              
00007cc8  __TI_Handler_Table_Limit             
00007811  __TI_auto_init_nobinit_nopinit       
000076eb  __TI_decompress_lzss                 
000078e1  __TI_decompress_none                 
ffffffff  __TI_pprof_out_hndl                  
ffffffff  __TI_prof_data_size                  
ffffffff  __TI_prof_data_start                 
00000000  __TI_static_base__                   
000078ef  __TI_zero_init                       
00007671  __aeabi_memclr                       
00007671  __aeabi_memclr4                      
00007671  __aeabi_memclr8                      
000074b3  __aeabi_memcpy                       
000074b3  __aeabi_memcpy4                      
000074b3  __aeabi_memcpy8                      
00007673  __aeabi_memset                       
00007673  __aeabi_memset4                      
00007673  __aeabi_memset8                      
ffffffff  __binit__                            
ffffffff  __c_args__                           
UNDEFED   __mpu_init                           
200030f0  __stack                              
0000788d  _c_int00_noargs                      
UNDEFED   _system_post_cinit                   
00007907  _system_pre_init                     
0000790b  abort                                
ffffffff  binit                                
20002d14  flag                                 
20002ba8  g_bUSBTimerInitialized               
200030e8  g_eOTGModeState                      
20002d00  g_iUSBMode                           
00007a24  g_pCDCCompSerConfigDescriptors       
00007a28  g_pCDCCompSerConfigDescriptorsHS     
20000000  g_pfnRAMVectors                      
20002bb0  g_pfnTickHandlers                    
00000000  g_pfnVectors                         
00007a1c  g_ppCDCSerConfigDescriptors          
00007a20  g_ppCDCSerConfigDescriptorsHS        
20002ab0  g_ppsDevInfo                         
00007b60  g_ppui8StringDescriptors             
20002cc8  g_psCDCCompSerSections               
20002cd8  g_psCDCCompSerSectionsHS             
20002ce8  g_psCDCSerSections                   
20002cf4  g_psCDCSerSectionsHS                 
20002af8  g_psDCDInst                          
00007b18  g_pui8CDCSerCommInterface            
00007b78  g_pui8CDCSerDataInterface            
00007b8f  g_pui8CDCSerDataInterfaceHS          
20002c7e  g_pui8CDCSerDescriptor               
20002c87  g_pui8CDCSerDeviceDescriptor         
00007a5c  g_pui8ConfigString                   
00007ac8  g_pui8ControlInterfaceString         
20002d09  g_pui8IADSerDescriptor               
00007c00  g_pui8LangDescriptor                 
00007af4  g_pui8ManufacturerString             
00007b3b  g_pui8ProductString                  
00007ba6  g_pui8SerialNumberString             
20002e34  g_pui8USBRxBuffer                    
20002f34  g_pui8USBTxBuffer                    
20002bc8  g_pvTickInstance                     
00007bb8  g_sCDCCompSerConfigHeader            
00007bc0  g_sCDCCompSerConfigHeaderHS          
20002b48  g_sCDCDevice                         
00007a2c  g_sCDCHandlers                       
00007bc8  g_sCDCSerCommInterfaceSection        
00007bd0  g_sCDCSerConfigHeader                
00007bd8  g_sCDCSerConfigHeaderHS              
00007be0  g_sCDCSerConfigSection               
00007be8  g_sCDCSerDataInterfaceSection        
00007bf0  g_sCDCSerDataInterfaceSectionHS      
00007bf8  g_sIADSerConfigSection               
20002be0  g_sRxBuffer                          
20002c18  g_sTxBuffer                          
20002bac  g_ui32CurrentUSBTick                 
200030e4  g_ui32PollRate                       
20002d20  g_ui32USBSOFCount                    
20002d04  g_ui32WaitTicks                      
000077e7  main                                 
000074b3  memcpy                               
00007679  memset                               
0000383b  pcTaskGetName                        
0000715b  pvPortMalloc                         
20002c50  pxCurrentTCB                         
000072bb  pxPortInitialiseStack                
20002d15  read_char                            
000077bf  rx_app                               
000077b5  tx_app                               
00007c04  ulMaxSyscallInterruptPriority        
00007311  ulPortGetIPSR                        
00003785  ulTaskNotifyTake                     
000075bb  uxListRemove                         
00005c09  uxQueueMessagesWaiting               
00005c05  uxQueueMessagesWaitingFromISR        
00005bef  uxQueueSpacesAvailable               
00003767  uxTaskGetNumberOfTasks               
00003753  uxTaskResetEventItemValue            
0000701d  vInit_USBTasks                       
000075a5  vListInitialise                      
0000759f  vListInitialiseItem                  
00007567  vListInsert                          
0000754f  vListInsertEnd                       
000073cd  vPortEnableVFP                       
000072b9  vPortEndScheduler                    
000072a1  vPortEnterCritical                   
0000728f  vPortExitCritical                    
0000711d  vPortFree                            
0000711b  vPortInitialiseBlocks                
00007389  vPortSVCHandler                      
00007243  vPortSetupTimerInterrupt             
000073a9  vPortStartFirstTask                  
00005beb  vQueueDelete                         
00006fd1  vTASK_USBReceive                     
00006ff7  vTASK_USBTransmit                    
00003729  vTaskDelay                           
00003681  vTaskDelete                          
00003651  vTaskEndScheduler                    
00003307  vTaskInternalSetTimeOutState         
00003649  vTaskMissedYield                     
000035c9  vTaskNotifyGiveFromISR               
000035ad  vTaskPlaceOnEventList                
0000358d  vTaskPlaceOnUnorderedEventList       
00003545  vTaskRemoveFromUnorderedEventList    
000034e1  vTaskResume                          
000034bf  vTaskSetTimeOutState                 
00003475  vTaskStartScheduler                  
000033cd  vTaskSuspend                         
000033b3  vTaskSuspendAll                      
0000336b  vTaskSwitchContext                   
00007115  xPortGetFreeHeapSize                 
00007329  xPortPendSVHandler                   
00007257  xPortStartScheduler                  
0000721d  xPortSysTickHandler                  
00005bbb  xQueueGenericCreate                  
00005b49  xQueueGenericReset                   
00005a4d  xQueueGenericSend                    
000059ef  xQueueGenericSendFromISR             
00005947  xQueueGiveFromISR                    
0000593b  xQueueIsQueueEmptyFromISR            
0000592d  xQueueIsQueueFullFromISR             
0000583f  xQueuePeek                           
0000580d  xQueuePeekFromISR                    
0000571d  xQueueReceive                        
000056c1  xQueueReceiveFromISR                 
000055bd  xQueueSemaphoreTake                  
00003319  xTaskCheckForTimeOut                 
00003249  xTaskCreate                          
000030d1  xTaskGenericNotify                   
00003021  xTaskGenericNotifyFromISR            
00003003  xTaskGetTickCount                    
00002ffd  xTaskGetTickCountFromISR             
00002ce1  xTaskIncrementTick                   
00002fd1  xTaskNotifyStateClear                
00002f41  xTaskNotifyWait                      
00002e6d  xTaskRemoveFromEventList             
00002db3  xTaskResumeAll                       
00002c51  xTaskResumeFromISR                   


GLOBAL SYMBOLS: SORTED BY Symbol Address 

address   name                                 
-------   ----                                 
00000000  __TI_static_base__                   
00000000  g_pfnVectors                         
00000200  __STACK_SIZE                         
0000026d  USBHostIntHandlerInternal            
0000068f  USBHostCheckPipes                    
000006eb  ConfigDescFree                       
00000713  USBHCDTerm                           
000007a1  USBHCDSuspend                        
000007b9  USBHCDControlTransfer                
00000a11  USBHCDStringDescriptorGet            
00000a47  USBHCDSetInterface                   
00000a7b  USBHCDSetConfig                      
00000aad  USBHCDSetAddress                     
00000af9  USBHCDResume                         
00000b2b  USBHCDReset                          
00000b71  USBHCDRegisterDrivers                
00000b7f  USBHCDPowerConfigSet                 
00000bc9  USBHCDPowerConfigInit                
00000bcf  USBHCDPowerConfigGet                 
00000bd5  USBHCDPowerAutomatic                 
00000c89  USBHCDPipeWrite                      
00000ddd  USBHCDPipeTransferSizeGet            
00000deb  USBHCDPipeStatus                     
00000df9  USBHCDPipeSchedule                   
00000ef1  USBHCDPipeReadNonBlocking            
00000f39  USBHCDPipeRead                       
000010dd  USBHCDPipeFree                       
000011c5  USBHCDPipeDataAck                    
000011e5  USBHCDPipeConfig                     
00001341  USBHCDPipeAllocSize                  
00001507  USBHCDPipeAlloc                      
00001513  InternalUSBHCDSendEvent              
0000172d  ConfigDescAlloc                      
0000181d  USBHCDMain                           
00001ba1  USBHCDLPMStatus                      
00001bb9  USBHCDLPMSleep                       
00001c0f  USBHCDLPMResume                      
00001c15  USBHCDInit                           
00001cfb  USBHCDHubDeviceDisconnected          
00001d03  USBHCDHubDeviceConnected             
00001d57  USBHCDFeatureSet                     
00001e19  USBHCDEventEnable                    
00001e39  USBHCDEventDisable                   
00001e69  USBHCDDevSubClass                    
00001e93  USBHCDDevProtocol                    
00001ebd  USBHCDDevHubPort                     
00001ed7  USBHCDDevClass                       
00001f05  USBHCDDevAddress                     
00001f23  USB0HostIntHandler                   
00002599  USBDCDStallEP0                       
000025c7  USBDeviceResumeTickHandler           
00002611  USBDeviceEnumResetHandler            
000026b9  USBDeviceEnumHandler                 
0000279d  USBDeviceIntHandlerInternal          
000028df  USBDCDTerm                           
00002945  USBDCDSetDefaultConfiguration        
0000294b  USBDCDSendDataEP0                    
00002957  USBDCDRequestDataEP0                 
00002967  USBDCDRemoteWakeupRequest            
000029a5  USBDCDRemoteWakeLPM                  
000029bf  USBDCDPowerStatusSet                 
000029dd  USBDCDDeviceInfoInit                 
00002a19  USBDCDInit                           
00002b87  USBDCDFeatureSet                     
00002bf7  USBDCDFeatureGet                     
00002c51  xTaskResumeFromISR                   
00002ce1  xTaskIncrementTick                   
00002db3  xTaskResumeAll                       
00002e6d  xTaskRemoveFromEventList             
00002f41  xTaskNotifyWait                      
00002fd1  xTaskNotifyStateClear                
00002ffd  xTaskGetTickCountFromISR             
00003003  xTaskGetTickCount                    
00003021  xTaskGenericNotifyFromISR            
000030d1  xTaskGenericNotify                   
00003249  xTaskCreate                          
00003307  vTaskInternalSetTimeOutState         
00003319  xTaskCheckForTimeOut                 
0000336b  vTaskSwitchContext                   
000033b3  vTaskSuspendAll                      
000033cd  vTaskSuspend                         
00003475  vTaskStartScheduler                  
000034bf  vTaskSetTimeOutState                 
000034e1  vTaskResume                          
00003545  vTaskRemoveFromUnorderedEventList    
0000358d  vTaskPlaceOnUnorderedEventList       
000035ad  vTaskPlaceOnEventList                
000035c9  vTaskNotifyGiveFromISR               
00003649  vTaskMissedYield                     
00003651  vTaskEndScheduler                    
00003681  vTaskDelete                          
00003729  vTaskDelay                           
00003753  uxTaskResetEventItemValue            
00003767  uxTaskGetNumberOfTasks               
00003785  ulTaskNotifyTake                     
0000383b  pcTaskGetName                        
00003861  USBULPIRegWrite                      
0000387f  USBULPIRegRead                       
0000389d  USBULPIEnable                        
000038ab  USBULPIDisable                       
000038b9  USBULPIConfig                        
000038bf  USBPHYPowerOn                        
000038c9  USBPHYPowerOff                       
000038d3  USBOTGSessionRequest                 
000038ed  USBOTGMode                           
000038f5  USBNumEndpointsGet                   
000038ff  USBModeGet                           
00003909  USBModeConfig                        
0000390f  USBLPMRemoteWakeEnabled              
00003919  USBLPMLinkStateGet                   
00003923  USBLPMIntStatus                      
00003929  USBLPMIntEnable                      
00003935  USBLPMIntDisable                     
00003945  USBLPMEndpointGet                    
00003971  USBIntUnregister                     
00003985  USBIntStatusEndpoint                 
0000398f  USBIntStatusControl                  
000039c1  USBIntRegister                       
000039d9  USBIntEnableEndpoint                 
000039ef  USBIntEnableControl                  
00003a13  USBIntDisableEndpoint                
00003a35  USBIntDisableControl                 
00003a5d  USBHostSuspend                       
00003a67  USBHostSpeedGet                      
00003a8d  USBHostResume                        
00003aa1  USBHostReset                         
00003ab5  USBHostRequestStatus                 
00003abd  USBHostRequestINClear                
00003ad5  USBHostRequestIN                     
00003ae7  USBHostPwrFaultEnable                
00003af5  USBHostPwrFaultDisable               
00003b05  USBHostPwrEnable                     
00003b13  USBHostPwrDisable                    
00003b23  USBHostPwrConfig                     
00003b3b  USBHostMode                          
00003b43  USBHostLPMSend                       
00003b6b  USBHostLPMResume                     
00003b79  USBHostLPMConfig                     
00003b8b  USBHostHubAddrSet                    
00003bbb  USBHostHubAddrGet                    
00003bd1  USBHostEndpointStatusClear           
00003c09  USBHostEndpointSpeed                 
00003c5b  USBHostEndpointPing                  
00003c71  USBHostEndpointDataToggle            
00003cd9  USBHostEndpointDataAck               
00003cfd  USBHostEndpointConfig                
00003dc3  USBHostAddrSet                       
00003dd9  USBHostAddrGet                       
00003def  USBHighSpeed                         
00003e03  USBFrameNumberGet                    
00003e07  USBFIFOFlush                         
00003e63  USBFIFOConfigSet                     
00003eb1  USBFIFOConfigGet                     
00003ef3  USBFIFOAddrGet                       
00003efb  USBEndpointStatus                    
00003f0b  USBEndpointPacketCountSet            
00003f17  USBEndpointDataToggleClear           
00003f3b  USBEndpointDataSend                  
00003f69  USBEndpointDataPut                   
00003f9d  USBEndpointDataGet                   
00003fe5  USBEndpointDataAvail                 
00004001  USBEndpointDMAEnable                 
00004025  USBEndpointDMADisable                
00004049  USBEndpointDMAConfigSet              
00004095  USBEndpointDMAChannel                
000040af  USBDevSpeedGet                       
000040bb  USBDevMode                           
000040c3  USBDevLPMRemoteWake                  
000040d1  USBDevLPMEnable                      
000040df  USBDevLPMDisable                     
000040ed  USBDevLPMConfig                      
000040f3  USBDevEndpointStatusClear            
00004155  USBDevEndpointStallClear             
0000419f  USBDevEndpointStall                  
000041d1  USBDevEndpointDataAck                
000041fb  USBDevEndpointConfigSet              
00004275  USBDevEndpointConfigGet              
000042fb  USBDevDisconnect                     
00004305  USBDevConnect                        
0000430f  USBDevAddrSet                        
00004313  USBDevAddrGet                        
00004317  USBDMANumChannels                    
0000431f  USBDMAChannelStatusClear             
00004333  USBDMAChannelStatus                  
00004341  USBDMAChannelIntStatus               
00004347  USBDMAChannelIntEnable               
00004359  USBDMAChannelIntDisable              
0000436b  USBDMAChannelEnable                  
0000437d  USBDMAChannelDisable                 
0000438f  USBDMAChannelCountSet                
00004399  USBDMAChannelCountGet                
000043a3  USBDMAChannelConfigSet               
000043b5  USBDMAChannelAddressSet              
000043bf  USBDMAChannelAddressGet              
000043c9  USBControllerVersion                 
000043d3  USBClockEnable                       
000043dd  USBClockDisable                      
000043e5  USBDCDCTxPacketAvailable             
000043f5  USBDCDCTerm                          
00004405  USBDCDCSetTxCBData                   
0000440d  USBDCDCSetRxCBData                   
00004415  USBDCDCSetControlCBData              
00004659  ProcessNotificationToHost            
00004693  ProcessDataFromHost                  
0000471d  ProcessDataToHost                    
00004a09  USBDCDCSerialStateChange             
00004a33  USBDCDCRxPacketAvailable             
00004a6f  USBDCDCRemoteWakeupRequest           
00004a75  USBDCDCPowerStatusSet                
00004a7b  USBDCDCPacketWrite                   
00004af1  USBDCDCPacketRead                    
00004b97  USBDCDCCompositeInit                 
00004c63  USBDCDCInit                          
000053c7  USBLibDMASizeGet                     
000053d5  USBLibDMAInit                        
000054bf  USBLibDMAAddrGet                     
000055bd  xQueueSemaphoreTake                  
000056c1  xQueueReceiveFromISR                 
0000571d  xQueueReceive                        
0000580d  xQueuePeekFromISR                    
0000583f  xQueuePeek                           
0000592d  xQueueIsQueueFullFromISR             
0000593b  xQueueIsQueueEmptyFromISR            
00005947  xQueueGiveFromISR                    
000059ef  xQueueGenericSendFromISR             
00005a4d  xQueueGenericSend                    
00005b49  xQueueGenericReset                   
00005bbb  xQueueGenericCreate                  
00005beb  vQueueDelete                         
00005bef  uxQueueSpacesAvailable               
00005c05  uxQueueMessagesWaitingFromISR        
00005c09  uxQueueMessagesWaiting               
00005c21  USBHHubOpen                          
00005d09  USBHHubMain                          
00005f13  USBHHubLPMStatus                     
00005f19  USBHHubLPMSleep                      
00005f1f  USBHHubInit                          
00005f4b  USBHHubEnumerationError              
00005f65  USBHHubEnumerationComplete           
00005f7b  USBHHubClose                         
00006175  USBStackModeSet                      
0000618d  USBOTGPollRate                       
00006209  USBOTGModeTerm                       
0000623f  USBOTGModeInit                       
000062e7  USBOTGMain                           
00006351  USBOTGFeatureSet                     
00006377  USBDualModeTerm                      
000063a7  USBDualModeInit                      
00006425  USB0OTGModeIntHandler                
000064dd  USB0DualModeIntHandler               
0000651d  OTGDeviceDisconnect                  
00006559  USBBufferZeroLengthPacketInsert      
000065f7  USBBufferWrite                       
00006625  USBBufferSpaceAvailable              
0000662b  USBBufferRead                        
0000664f  USBBufferInit                        
00006667  USBBufferInfoGet                     
00006679  USBBufferFlush                       
0000667f  USBBufferEventCallback               
000067bd  USBBufferDataWritten                 
000067d3  USBBufferDataRemoved                 
000067dd  USBBufferDataAvailable               
000067e3  USBBufferCallbackDataSet             
000067ef  IntUnregister                        
000067f9  IntTrigger                           
00006801  IntRegister                          
0000682b  IntPrioritySet                       
0000684b  IntPriorityGroupingSet               
0000685f  IntPriorityGroupingGet               
00006885  IntPriorityGet                       
0000689f  IntPendSet                           
000068e9  IntPendClear                         
00006925  IntMasterEnable                      
00006935  IntMasterDisable                     
00006945  IntIsEnabled                         
0000699d  IntEnable                            
000069f1  IntDisable                           
00006abd  USBDeviceConfigAlternate             
00006b65  USBDeviceConfig                      
00006ce3  USBDCDConfigGetNumAlternateInterfaces
00006d15  USBDCDConfigDescGet                  
00006d65  USBDCDConfigGetInterface             
00006dc7  USBDCDConfigGetInterfaceEndpoint     
00006dff  USBDCDConfigDescGetSize              
00006e19  USBDCDConfigDescGetNum               
00006e6f  USBRingBufWriteOne                   
00006e81  USBRingBufWrite                      
00006e9d  USBRingBufUsed                       
00006eb3  USBRingBufSize                       
00006eb7  USBRingBufReadOne                    
00006ed1  USBRingBufRead                       
00006eed  USBRingBufInit                       
00006ef9  USBRingBufFull                       
00006f17  USBRingBufFree                       
00006f29  USBRingBufFlush                      
00006f3f  USBRingBufEmpty                      
00006f4d  USBRingBufContigUsed                 
00006f5d  USBRingBufContigFree                 
00006f7b  USBRingBufAdvanceWrite               
00006fb1  USBRingBufAdvanceRead                
00006fd1  vTASK_USBReceive                     
00006ff7  vTASK_USBTransmit                    
0000701d  vInit_USBTasks                       
000070b9  TxHandler                            
000070cf  RxHandler                            
000070e5  ControlHandler                       
00007115  xPortGetFreeHeapSize                 
0000711b  vPortInitialiseBlocks                
0000711d  vPortFree                            
0000715b  pvPortMalloc                         
0000721d  xPortSysTickHandler                  
00007243  vPortSetupTimerInterrupt             
00007257  xPortStartScheduler                  
0000728f  vPortExitCritical                    
000072a1  vPortEnterCritical                   
000072b9  vPortEndScheduler                    
000072bb  pxPortInitialiseStack                
00007311  ulPortGetIPSR                        
00007329  xPortPendSVHandler                   
00007389  vPortSVCHandler                      
000073a9  vPortStartFirstTask                  
000073cd  vPortEnableVFP                       
000073db  USBDescGetNumAlternateInterfaces     
00007405  USBDescGetNum                        
0000742f  USBDescGet                           
0000745d  USBDescGetInterfaceEndpoint          
00007473  USBDescGetInterface                  
000074b3  __aeabi_memcpy                       
000074b3  __aeabi_memcpy4                      
000074b3  __aeabi_memcpy8                      
000074b3  memcpy                               
0000754f  vListInsertEnd                       
00007567  vListInsert                          
0000759f  vListInitialiseItem                  
000075a5  vListInitialise                      
000075bb  uxListRemove                         
000075e1  InternalUSBTickReset                 
000075e9  InternalUSBTickInit                  
00007611  InternalUSBStartOfFrameTick          
0000763d  InternalUSBRegisterTickHandler       
00007671  __aeabi_memclr                       
00007671  __aeabi_memclr4                      
00007671  __aeabi_memclr8                      
00007673  __aeabi_memset                       
00007673  __aeabi_memset4                      
00007673  __aeabi_memset8                      
00007679  memset                               
000076eb  __TI_decompress_lzss                 
00007753  ULPIPowerTransceiver                 
00007761  ULPIConfigSet                        
000077b5  tx_app                               
000077bf  rx_app                               
000077e7  main                                 
00007811  __TI_auto_init_nobinit_nopinit       
00007855  CPUwfi                               
00007855  SysCtlSleep                          
00007859  CPUprimask                           
00007863  CPUcpsie                             
0000786f  CPUcpsid                             
0000787b  CPUbasepriSet                        
0000787b  IntPriorityMaskSet                   
00007881  CPUbasepriGet                        
00007881  IntPriorityMaskGet                   
0000788d  _c_int00_noargs                      
000078c1  USB0DeviceIntHandler                 
000078e1  __TI_decompress_none                 
000078ef  __TI_zero_init                       
000078fb  ResetISR                             
00007907  _system_pre_init                     
0000790b  C$$EXIT                              
0000790b  abort                                
00007a1c  g_ppCDCSerConfigDescriptors          
00007a20  g_ppCDCSerConfigDescriptorsHS        
00007a24  g_pCDCCompSerConfigDescriptors       
00007a28  g_pCDCCompSerConfigDescriptorsHS     
00007a2c  g_sCDCHandlers                       
00007a5c  g_pui8ConfigString                   
00007ac8  g_pui8ControlInterfaceString         
00007af4  g_pui8ManufacturerString             
00007b18  g_pui8CDCSerCommInterface            
00007b3b  g_pui8ProductString                  
00007b60  g_ppui8StringDescriptors             
00007b78  g_pui8CDCSerDataInterface            
00007b8f  g_pui8CDCSerDataInterfaceHS          
00007ba6  g_pui8SerialNumberString             
00007bb8  g_sCDCCompSerConfigHeader            
00007bc0  g_sCDCCompSerConfigHeaderHS          
00007bc8  g_sCDCSerCommInterfaceSection        
00007bd0  g_sCDCSerConfigHeader                
00007bd8  g_sCDCSerConfigHeaderHS              
00007be0  g_sCDCSerConfigSection               
00007be8  g_sCDCSerDataInterfaceSection        
00007bf0  g_sCDCSerDataInterfaceSectionHS      
00007bf8  g_sIADSerConfigSection               
00007c00  g_pui8LangDescriptor                 
00007c04  ulMaxSyscallInterruptPriority        
00007cbc  __TI_Handler_Table_Base              
00007cc8  __TI_Handler_Table_Limit             
00007cd8  __TI_CINIT_Base                      
00007cf0  __TI_CINIT_Limit                     
20000000  g_pfnRAMVectors                      
20002ab0  g_ppsDevInfo                         
20002af8  g_psDCDInst                          
20002b48  g_sCDCDevice                         
20002ba8  g_bUSBTimerInitialized               
20002bac  g_ui32CurrentUSBTick                 
20002bb0  g_pfnTickHandlers                    
20002bc8  g_pvTickInstance                     
20002be0  g_sRxBuffer                          
20002c18  g_sTxBuffer                          
20002c50  pxCurrentTCB                         
20002c7e  g_pui8CDCSerDescriptor               
20002c87  g_pui8CDCSerDeviceDescriptor         
20002cc0  Sem_USBReceive                       
20002cc4  Sem_USBTransmit                      
20002cc8  g_psCDCCompSerSections               
20002cd8  g_psCDCCompSerSectionsHS             
20002ce8  g_psCDCSerSections                   
20002cf4  g_psCDCSerSectionsHS                 
20002d00  g_iUSBMode                           
20002d04  g_ui32WaitTicks                      
20002d09  g_pui8IADSerDescriptor               
20002d14  flag                                 
20002d15  read_char                            
20002d20  g_ui32USBSOFCount                    
20002e34  g_pui8USBRxBuffer                    
20002f34  g_pui8USBTxBuffer                    
200030e4  g_ui32PollRate                       
200030e8  g_eOTGModeState                      
200030f0  __stack                              
200032f0  __STACK_END                          
200032f0  __STACK_TOP                          
ffffffff  __TI_pprof_out_hndl                  
ffffffff  __TI_prof_data_size                  
ffffffff  __TI_prof_data_start                 
ffffffff  __binit__                            
ffffffff  __c_args__                           
ffffffff  binit                                
UNDEFED   __mpu_init                           
UNDEFED   _system_post_cinit                   

[440 symbols]
